03-17 12:48:01.787  1522  1522 D NavigationBar: onSystemBarAttributesChanged() -  displayId:0, appearance:16, packageName: com.example.recall_ai (APPEARANCE_LIGHT_NAVIGATION_BARS ), navbarColorManagedByIme:false
03-17 12:48:01.794   700   700 I SurfaceFlinger: [com.example.recall_ai/com.example.recall_ai.MainActivity$_24774#62719] attach to parent LayerHierarchy{RequestedLayerState{4f2b909 com.example.recall_ai/com.example.recall_ai.MainActivity#62718 parentId=62705} 1 children}
03-17 12:48:01.799  1522  1975 I InsetsController: onStateChanged: host=Splash Screen com.example.recall_ai, from=android.view.ViewRootImpl.handleInsetsControlChanged:2888, state=InsetsState: {mDisplayFrame=Rect(0, 0 - 1080, 2408), mDisplayCutout=DisplayCutout{insets=Rect(0, 64 - 0, 0) waterfall=Insets{left=0, top=0, right=0, bottom=0} boundingRect={Bounds=[Rect(0, 0 - 0, 0), Rect(468, 0 - 612, 64), Rect(0, 0 - 0, 0), Rect(0, 0 - 0, 0)]} cutoutPathParserInfo={CutoutPathParserInfo{displayWidth=1080 displayHeight=2408 physicalDisplayWidth=1080 physicalDisplayHeight=2408 density={2.8125} cutoutSpec={M 0,0 H -25.6‬ V 22.75555555555556 H 25.6‬ V 0 H 0 Z @dp} rotation={0} scale={1.0} physicalPixelDisplaySizeRatio={1.0}}} sideOverrides={}}, mRoundedCorners=RoundedCorners{[RoundedCorner{position=TopLeft, radius=113, center=Point(113, 113)}, RoundedCorner{position=TopRight, radius=113, center=Point(967, 113)}, RoundedCorner{position=BottomRight, radius=113, center=Point(967, 2295)}, RoundedCorner{position=BottomLeft, radius=113, center=Point(113, 2295)}]}  mRoundedCornerFrame=Rect(0, 0 - 1080, 2408), mPrivacyIndicatorBounds=PrivacyIndicatorBounds {static bounds=Rect(956, 0 - 1080, 65) rotation=0}, mDisplayShape=DisplayShape{ spec=-311912193 displayWidth=1080 displayHeight=2408 physicalPixelDisplaySizeRatio=1.0 rotation=0 offsetX=0 offsetY=0 scale=1.0}, mSources= { InsetsSource: {27 mType=displayCutout mFrame=[0,0][1080,64] mVisible=true mFlags= mSideHint=TOP mBoundingRects=null}, InsetsSource: {580a0000 mType=statusBars mFrame=[0,0][1080,65] mVisible=true mFlags= mSideHint=TOP mBoundingRects=null}, InsetsSource: {580a0005 mType=mandatorySystemGestures mFrame=[0,0][1080,98] mVisible=true mFlags= mSideHint=TOP mBoundingRects=null}, InsetsSource: {580a0006 mType=tappableElement mFrame=[0,0][1080,65] mVisible=true mFlags= mSideHint=TOP mBoundingRects=null}, InsetsSource: {64a70001 mType=navigationBars mFrame=[0,2273][1080,2408] mVisible=true mFlags= mSideHint=BOTTOM mBoundingRects=null}, InsetsSource: {64a70004 mType=systemGestures mFrame=[0,0][0,0] mVisible=true mFlags= mSideHint=NONE mBoundingRects=null}, InsetsSource: {64a70005 mType=mandatorySystemGestures mFrame=[0,2273][1080,2408] mVisible=true mFlags= mSideHint=BOTTOM mBoundingRects=null}, InsetsSource: {64a70006 mType=tappableElement mFrame=[0,2273][1080,2408] mVisible=true mFlags= mSideHint=BOTTOM mBoundingRects=null}, InsetsSource: {64a70024 mType=systemGestures mFrame=[0,0][0,0] mVisible=true mFlags= mSideHint=NONE mBoundingRects=null} }
03-17 12:48:01.817   700   889 D SurfaceFlinger: [input] setFocusedWindow: 4f2b909 com.example.recall_ai/com.example.recall_ai.MainActivity
03-17 12:48:01.817  1035  1130 D InputDispatcher: Once focus requested (0): 4f2b909 com.example.recall_ai/com.example.recall_ai.MainActivity
03-17 12:48:01.817  1035  1130 D InputDispatcher: Focus request (0): 4f2b909 com.example.recall_ai/com.example.recall_ai.MainActivity but waiting because NO_WINDOW
03-17 12:48:01.836 24774 24779 I ample.recall_ai: Compiler allocated 7576KB to compile void android.view.ViewRootImpl.performTraversals()
03-17 12:48:02.023   700  1262 I SurfaceFlinger: [com.example.recall_ai/com.example.recall_ai.MainActivity$_24774#62719] setTransactionState with the first frame. bufferData(ID: 106403519791107, frameNumber: 1)
03-17 12:48:02.024  1035  3914 D WindowManager: finishDrawingWindow: Window{4f2b909 u0 com.example.recall_ai/com.example.recall_ai.MainActivity} mDrawState=DRAW_PENDING seqId=0
03-17 12:48:02.027  1035  1059 V WindowManager: Finish starting ActivityRecord{2c0d202 u0 com.example.recall_ai/.MainActivity t4137}: first real window is shown, no animation
03-17 12:48:02.027  1035  1059 V WindowManager: Schedule remove starting ActivityRecord{2c0d202 u0 com.example.recall_ai/.MainActivity t4137} startingWindow=Window{995bfb2 u0 Splash Screen com.example.recall_ai} animate=true Callers=com.android.server.wm.ActivityRecord.removeStartingWindow:150 com.android.server.wm.WindowState.performShowLocked:147 com.android.server.wm.WindowStateAnimator.commitFinishDrawingLocked:59 com.android.server.wm.DisplayContent$$ExternalSyntheticLambda1.accept$com$android$server$wm$DisplayContent$$ExternalSyntheticLambda40:22 com.android.server.wm.DisplayContent$$ExternalSyntheticLambda1.accept:258 
03-17 12:48:02.028  1035  1059 D TaskOrganizerController: applyStartingWindowAnimation, window=Window{4f2b909 u0 com.example.recall_ai/com.example.recall_ai.MainActivity}, caller=com.android.server.wm.TaskOrganizerController.removeStartingWindow:131 com.android.server.wm.StartingSurfaceController$StartingSurface.remove:23 com.android.server.wm.ActivityRecord.removeStartingWindowAnimation:181 
03-17 12:48:02.028  1035  1059 I WindowManager: Reparenting to leash, surface=Surface(name=4f2b909 com.example.recall_ai/com.example.recall_ai.MainActivity)/@0x280f740, syncState=0, syncCommitDepth=0, leashParent=Surface(name=ActivityRecord{2c0d202 u0 com.example.recall_ai/.MainActivity t4137})/@0x7bef679
03-17 12:48:02.028   700  1262 I SurfaceFlinger: id=62722 createSurf, flag=24000, Surface(name=4f2b909 com.example.recall_ai/com.example.recall_ai.MainActivity)/@0x280f740 - animation-leash of starting_reveal#62722
03-17 12:48:02.029  1035  1059 D WindowManager: makeSurface duration=1 leash=Surface(name=Surface(name=4f2b909 com.example.recall_ai/com.example.recall_ai.MainActivity)/@0x280f740 - animation-leash of starting_reveal)/@0x5fdffbe
03-17 12:48:02.030  1035  1059 V WindowManager: performShowLocked: mDrawState=HAS_DRAWN in Window{4f2b909 u0 com.example.recall_ai/com.example.recall_ai.MainActivity}
03-17 12:48:02.031  1035  1055 W ziparchive: Unable to open '/data/app/~~VheGySXPOzAgeN7QNl1icQ==/com.example.recall_ai-me5dlb4gfNDXNPG9nE-2Lw==/base.dm': No such file or directory
03-17 12:48:02.035  1035  1055 I PkgPredictorService-SecIpmManagerServiceImpl: reportToNAP uid:10299 com.example.recall_ai/com.example.recall_ai.MainActivity thisTime:1864
03-17 12:48:02.038  1035  1055 I ActivityTaskManager: Displayed com.example.recall_ai/.MainActivity for user 0: +1s864ms
03-17 12:48:02.038  1035  1055 I Pageboost: Launch time gathered : pid 24774 com.example.recall_ai 1864
03-17 12:48:02.051 24774 24774 I InsetsSourceConsumer: applyRequestedVisibilityToControl: visible=true, type=navigationBars, host=com.example.recall_ai/com.example.recall_ai.MainActivity
03-17 12:48:02.052 24774 24774 I InsetsSourceConsumer: applyRequestedVisibilityToControl: visible=true, type=statusBars, host=com.example.recall_ai/com.example.recall_ai.MainActivity
03-17 12:48:02.056  1522  2395 I VRI[recall_ai]@d45ce92: mWNT: t=0xb400006e7d407a80 mBlastBufferQueue=0xb400006fa71a4100 fn= 2 HdrRenderState mRenderHdrSdrRatio=1.0 caller= android.view.SyncRtSurfaceTransactionApplier.applyTransaction:96 android.view.SyncRtSurfaceTransactionApplier.lambda$scheduleApply$0:69 android.view.SyncRtSurfaceTransactionApplier.$r8$lambda$afI4fXg3U3-nBZQEDQMiNy-B06s:0 
03-17 12:48:02.056  1522  2395 I VRI[recall_ai]@d45ce92: mWNT: t=0xb400006e7d407c00 mBlastBufferQueue=0xb400006fa71a4100 fn= 2 HdrRenderState mRenderHdrSdrRatio=1.0 caller= android.view.SyncRtSurfaceTransactionApplier.applyTransaction:96 android.view.SyncRtSurfaceTransactionApplier.lambda$scheduleApply$0:69 android.view.SyncRtSurfaceTransactionApplier.$r8$lambda$afI4fXg3U3-nBZQEDQMiNy-B06s:0 
03-17 12:48:02.060   700   700 I SurfaceFlinger: [Surface(name=4f2b909 com.example.recall_ai/com.example.recall_ai.MainActivity)/@0x280f740 - animation-leash of starting_reveal#62722] attach to parent LayerHierarchy{RequestedLayerState{ActivityRecord{2c0d202 u0 com.example.recall_ai/.MainActivity t4137}#62705 parentId=62704} 4 children}
03-17 12:48:02.060  1035  3926 W JobScheduler: Job didn't exist in JobStore: ec3c443 #u0a299/38 com.example.recall_ai/androidx.work.impl.background.systemjob.SystemJobService
03-17 12:48:02.063   700   700 I LayerHistory: Splash Screen com.example.recall_ai$_1522#62710 Max (can't resolve refresh rate)
03-17 12:48:02.064  1522  1975 I VRI[recall_ai]@d45ce92: onDisplayChanged oldDisplayState=2 newDisplayState=2
03-17 12:48:02.073  1522  2394 I VRI[recall_ai]@d45ce92: mWNT: t=0xb400006e7d407d80 mBlastBufferQueue=0xb400006fa71a4100 fn= 3 HdrRenderState mRenderHdrSdrRatio=1.0 caller= android.view.SyncRtSurfaceTransactionApplier.applyTransaction:96 android.view.SyncRtSurfaceTransactionApplier.lambda$scheduleApply$0:69 android.view.SyncRtSurfaceTransactionApplier.$r8$lambda$afI4fXg3U3-nBZQEDQMiNy-B06s:0 
03-17 12:48:02.082   700   700 I SurfaceFlinger: Layer [com.example.recall_ai/com.example.recall_ai.MainActivity$_24774#62719] hidden!! flag(0)
03-17 12:48:02.082   700   700 I SurfaceFlinger: [LayerHierarchy{RequestedLayerState{4f2b909 com.example.recall_ai/com.example.recall_ai.MainActivity#62718 parentId=62722} 1 children}] reparent to LayerHierarchy{RequestedLayerState{Surface(name=4f2b909 com.example.recall_ai/com.example.recall_ai.MainActivity)/@0x280f740 - animation-leash of starting_reveal#62722 parentId=62705} 1 children}
03-17 12:48:02.085 24672 24672 E Dc.AppErrorDialogActivity: java.lang.IllegalArgumentException: Receiver not registered: bh.x@721e012
03-17 12:48:02.089  1522  2395 I VRI[recall_ai]@d45ce92: mWNT: t=0xb400006e7d408980 mBlastBufferQueue=0xb400006fa71a4100 fn= 4 HdrRenderState mRenderHdrSdrRatio=1.0 caller= android.view.SyncRtSurfaceTransactionApplier.applyTransaction:96 android.view.SyncRtSurfaceTransactionApplier.lambda$scheduleApply$0:69 android.view.SyncRtSurfaceTransactionApplier.$r8$lambda$afI4fXg3U3-nBZQEDQMiNy-B06s:0 
03-17 12:48:02.096   700   700 D SurfaceFlinger:        DEVICE |   0xb4000071c276b800 | 0001 | RGBA_8888    |    0.0    0.0 1080.0 2396.0 |    0   12 1080 2408 | com.example.recall_ai/com.example.recall_ai.MainActivity$_24774#62719 (1)
03-17 12:48:02.096   700   700 D SurfaceFlinger:        DEVICE |   0xb4000071c27a1680 | 0001 | RGBA_8888    |    0.0    0.0 1080.0 2408.0 |    0    0 1080 2408 | Splash Screen com.example.recall_ai$_1522#62710 (3)
03-17 12:48:02.099  1035  3719 D InputDispatcher: Focus entered window (0): 4f2b909 com.example.recall_ai/com.example.recall_ai.MainActivity
03-17 12:48:02.100 24774 24825 D WM-WorkerWrapper: Work interrupted for Work [ id=ed2b482f-061a-4e87-87ff-d265b941bc56, tags={ com.example.recall_ai.worker.SummaryWorker, summary, summary_meeting_14 } ]
03-17 12:48:02.146  1035  1130 V WindowManager: Relayout Window{995bfb2 u0 Splash Screen com.example.recall_ai}: viewVisibility=8 req=1080x2408 ty=3 d0
03-17 12:48:02.147  1035  1130 D WindowManager: updateSystemBarAttributes: displayId=0, focusedCanBeNavColorWin=false, win=Window{4f2b909 u0 com.example.recall_ai/com.example.recall_ai.MainActivity}, navColorWin=Window{4f2b909 u0 com.example.recall_ai/com.example.recall_ai.MainActivity}, caller=com.android.server.wm.DisplayPolicy.finishPostLayoutPolicyLw:17 com.android.server.wm.RootWindowContainer.applySurfaceChangesTransaction$1:194 com.android.server.wm.RootWindowContainer.performSurfacePlacementNoTrace:59 
03-17 12:48:02.149  1522  1522 D NavigationBar: onSystemBarAttributesChanged() -  displayId:0, appearance:0, packageName: com.example.recall_ai, navbarColorManagedByIme:false
03-17 12:48:02.152  1035  1058 D SGM:FgCheckThread: getForegroundApp(), foregroundPkgName=com.example.recall_ai
03-17 12:48:02.153  1035  1058 D SGM:FgCheckThread: noteStopComponent(), received pkgName: com.samsung.android.lool, focusedPkgName: com.example.recall_ai, userId: 0
03-17 12:48:02.153  1522  1522 D SamsungLightBarControlHelper: updateNavigationBar (WHITE button) isLightOpaque:false, hasLightNavigationBarFlag:false, packageName:com.example.recall_ai, DirectReplying:false, NavBarColorMangedByIme:false, ForceDarkForScrim:false, ForceLightForScrim:false, QsCustomizing:false, QsExpanded:false
03-17 12:48:02.156  1522  1975 I VRI[recall_ai]@d45ce92: Relayout returned: old=(0,0,1080,2408) new=(0,0,1080,2408) relayoutAsync=false req=(1080,2408)8 dur=47 res=0x2 s={false 0x0} ch=true seqId=0
03-17 12:48:02.156  1522  1975 D VRI[recall_ai]@d45ce92: Not drawing due to not visible. Reason=View.GONE
03-17 12:48:02.160  1522  1975 I VRI[recall_ai]@d45ce92: dispatchDetachedFromWindow
03-17 12:48:02.169  1035  3719 D WindowManager: Starting window removed Window{995bfb2 u0 Splash Screen com.example.recall_ai}
03-17 12:48:02.169  1035  3719 I WindowManager: Cancelling animation restarting=false, leash=Surface(name=Surface(name=4f2b909 com.example.recall_ai/com.example.recall_ai.MainActivity)/@0x280f740 - animation-leash of starting_reveal)/@0x5fdffbe
03-17 12:48:02.169  1035  3719 I WindowManager: Reparenting to original parent: Surface(name=ActivityRecord{2c0d202 u0 com.example.recall_ai/.MainActivity t4137})/@0x7bef679, destroy=false, syncState=0, syncCommitDepth=0, surface=Surface(name=4f2b909 com.example.recall_ai/com.example.recall_ai.MainActivity)/@0x280f740
03-17 12:48:02.170  1035  3719 W InputManager-JNI: Input channel object '995bfb2 Splash Screen com.example.recall_ai (client)' was disposed without first being removed with the input manager!
03-17 12:48:02.170   700   700 I SurfaceFlinger: Layer [Splash Screen com.example.recall_ai$_1522#62710] hidden!! flag(1)
03-17 12:48:02.170  1035  3719 V WindowManager: Remove Window{995bfb2 u0 Splash Screen com.example.recall_ai}: mSurfaceController=Surface(name=Splash Screen com.example.recall_ai$_1522)/@0xb8412b3 mAnimatingExit=false mRemoveOnExit=false mHasSurface=true surfaceShowing=false animating=false app-animation=false mDisplayFrozen=false callers=com.android.server.wm.Session.remove:16 android.view.IWindowSession$Stub.onTransact:794 com.android.server.wm.Session.onTransact:1 android.os.Binder.execTransactInternal:1541 android.os.Binder.execTransact:1480 <bottom of call stack> 
03-17 12:48:02.171  1035  3719 I WindowManager: Destroying surface Surface(name=Splash Screen com.example.recall_ai$_1522)/@0xb8412b3 called by com.android.server.wm.WindowStateAnimator.destroySurface:11 com.android.server.wm.WindowStateAnimator.destroySurfaceLocked:54 com.android.server.wm.WindowState.removeImmediately:43 com.android.server.wm.WindowState.removeIfPossible:635 com.android.server.wm.Session.remove:16 android.view.IWindowSession$Stub.onTransact:794 com.android.server.wm.Session.onTransact:1 android.os.Binder.execTransactInternal:1541 
03-17 12:48:02.173  1035  3719 D WindowManager: updateSystemBarAttributes: displayId=0, focusedCanBeNavColorWin=false, win=Window{4f2b909 u0 com.example.recall_ai/com.example.recall_ai.MainActivity}, navColorWin=Window{4f2b909 u0 com.example.recall_ai/com.example.recall_ai.MainActivity}, caller=com.android.server.wm.DisplayPolicy.finishPostLayoutPolicyLw:17 com.android.server.wm.RootWindowContainer.applySurfaceChangesTransaction$1:194 com.android.server.wm.RootWindowContainer.performSurfacePlacementNoTrace:59 
03-17 12:48:02.181   700   700 D SurfaceFlinger:        DEVICE |   0xb4000071c276b800 | 0001 | RGBA_8888    |    0.0    0.0 1080.0 2408.0 |    0    0 1080 2408 | com.example.recall_ai/com.example.recall_ai.MainActivity$_24774#62719 (1)
03-17 12:48:02.192   700   700 I SurfaceFlinger: [LayerHierarchy{RequestedLayerState{Splash Screen com.example.recall_ai$_1522#62710} no children}] reparent to OffscreenRoot
03-17 12:48:02.192   700   700 I SurfaceFlinger: [LayerHierarchy{RequestedLayerState{Splash Screen com.example.recall_ai$_1522#62710} no children}] RelativeParent to null
03-17 12:48:02.192   700   700 I SurfaceFlinger: [LayerHierarchy{RequestedLayerState{Surface(name=4f2b909 com.example.recall_ai/com.example.recall_ai.MainActivity)/@0x280f740 - animation-leash of starting_reveal#62722} 1 children}] reparent to OffscreenRoot
03-17 12:48:02.192   700   700 I SurfaceFlinger: [LayerHierarchy{RequestedLayerState{Surface(name=4f2b909 com.example.recall_ai/com.example.recall_ai.MainActivity)/@0x280f740 - animation-leash of starting_reveal#62722} 1 children}] RelativeParent to null
03-17 12:48:02.192   700   700 I SurfaceFlinger: [LayerHierarchy{RequestedLayerState{995bfb2 Splash Screen com.example.recall_ai#62709 z=2147483647} no children}] reparent to OffscreenRoot
03-17 12:48:02.192   700   700 I SurfaceFlinger: [LayerHierarchy{RequestedLayerState{995bfb2 Splash Screen com.example.recall_ai#62709 z=2147483647} no children}] RelativeParent to null
03-17 12:48:02.192   700   700 I SurfaceFlinger: [LayerHierarchy{RequestedLayerState{4f2b909 com.example.recall_ai/com.example.recall_ai.MainActivity#62718 parentId=62705} 1 children}] reparent to LayerHierarchy{RequestedLayerState{ActivityRecord{2c0d202 u0 com.example.recall_ai/.MainActivity t4137}#62705 parentId=62704} 2 children}
03-17 12:48:02.194   700   700 I SurfaceFlinger: id=62710 Removed Splash Screen com.example.recall_ai$_1522#62710 (134)
03-17 12:48:02.194   700   700 I SurfaceFlinger: id=62709 Removed 995bfb2 Splash Screen com.example.recall_ai#62709 (134)
03-17 12:48:02.203   700   700 I SurfaceFlinger: destroyed Splash Screen com.example.recall_ai$_1522#62710
03-17 12:48:02.203   700   700 I SurfaceFlinger: destroyed 995bfb2 Splash Screen com.example.recall_ai#62709
03-17 12:48:02.205   700   700 I Layer   : id=62709 Destroyed 995bfb2 Splash Screen com.example.recall_ai#62709
03-17 12:48:02.205   700   700 I Layer   : id=62710 Destroyed Splash Screen com.example.recall_ai$_1522#62710
03-17 12:48:02.224  1035  1058 D SGM:FgCheckThread: getForegroundApp(), foregroundPkgName=com.example.recall_ai
03-17 12:48:02.225  1035  1058 D SGM:FgCheckThread: noteStopComponent(), received pkgName: com.sec.android.app.launcher, focusedPkgName: com.example.recall_ai, userId: 0
03-17 12:48:02.289  1035  1365 D MdnieScenarioControlService:  packageName : com.example.recall_ai    className : com.example.recall_ai.MainActivity
03-17 12:48:02.570  1035  1210 I ImeTracker: com.example.recall_ai:15931d8b: onRequestHide at ORIGIN_SERVER reason HIDE_UNSPECIFIED_WINDOW fromUser false
03-17 12:48:02.570  1035  1210 I ImeTracker: com.example.recall_ai:15931d8b: onCancelled at PHASE_SERVER_SHOULD_HIDE
03-17 12:48:02.584  1035  3976 D InsetsSourceProvider: updateControlForTarget: control=InsetsSourceControl: {3 mType=ime mSurfacePosition=Point(0, 65) mInsetsHint=Insets{left=0, top=0, right=0, bottom=1008}}, target=Window{4f2b909 u0 com.example.recall_ai/com.example.recall_ai.MainActivity}, from=com.android.server.wm.ImeInsetsSourceProvider.updateControlForTarget:17 com.android.server.wm.InsetsStateController.onControlTargetChanged:81 com.android.server.wm.DisplayContent.updateImeControlTarget:21 com.android.server.wm.DisplayContent.updateImeInputAndControlTarget:81 com.android.server.wm.WindowManagerService$LocalService.updateInputMethodTargetWindow:21 
03-17 12:48:02.602   700   700 I SurfaceFlinger: [LayerHierarchy{RequestedLayerState{ImeContainer#16 parentId=62705 relativeParentId=62718 z=1} 1 children}] reparent to LayerHierarchy{RequestedLayerState{ActivityRecord{2c0d202 u0 com.example.recall_ai/.MainActivity t4137}#62705 parentId=62704} 3 children}
03-17 12:48:02.602   700   700 I SurfaceFlinger: [LayerHierarchy{RequestedLayerState{ImeContainer#16 parentId=62705 relativeParentId=62718 z=1} 1 children}] RelativeParent to LayerHierarchy{RequestedLayerState{4f2b909 com.example.recall_ai/com.example.recall_ai.MainActivity#62718 parentId=62705} 2 children}
03-17 12:48:02.605  1035  3926 D ConnectivityService: requestNetwork for uid/pid:10299/24774 activeRequest: null callbackRequest: 139464 [NetworkRequest [ REQUEST id=139465, [ Capabilities: INTERNET&NOT_RESTRICTED&TRUSTED&NOT_VCN_MANAGED&NOT_BANDWIDTH_CONSTRAINED Uid: 10299 RequestorUid: 10299 RequestorPkg: com.example.recall_ai UnderlyingNetworks: Null] ]] callback flags: 0 order: 2147483647 isUidTracked: false declaredMethods: ALL
03-17 12:48:02.606  1035  1353 D ConnectivityService:    accepting network in place of null for NetworkRequest [ REQUEST id=139465, [ Capabilities: INTERNET&NOT_RESTRICTED&TRUSTED&NOT_VCN_MANAGED&NOT_BANDWIDTH_CONSTRAINED Uid: 10299 RequestorUid: 10299 RequestorPkg: com.example.recall_ai UnderlyingNetworks: Null] ]
03-17 12:48:02.609  1035  1341 D WifiNetworkFactory: got request NetworkRequest [ REQUEST id=139465, [ Capabilities: INTERNET&NOT_RESTRICTED&TRUSTED&NOT_VCN_MANAGED&NOT_BANDWIDTH_CONSTRAINED Uid: 10299 RequestorUid: 10299 RequestorPkg: com.example.recall_ai UnderlyingNetworks: Null] ]
03-17 12:48:02.609  1035  1341 D UntrustedWifiNetworkFactory: got request NetworkRequest [ REQUEST id=139465, [ Capabilities: INTERNET&NOT_RESTRICTED&TRUSTED&NOT_VCN_MANAGED&NOT_BANDWIDTH_CONSTRAINED Uid: 10299 RequestorUid: 10299 RequestorPkg: com.example.recall_ai UnderlyingNetworks: Null] ]
03-17 12:48:02.610  1035  1341 D OemPaidWifiNetworkFactory: got request NetworkRequest [ REQUEST id=139465, [ Capabilities: INTERNET&NOT_RESTRICTED&TRUSTED&NOT_VCN_MANAGED&NOT_BANDWIDTH_CONSTRAINED Uid: 10299 RequestorUid: 10299 RequestorPkg: com.example.recall_ai UnderlyingNetworks: Null] ]
03-17 12:48:02.610  1035  1341 D MultiInternetWifiNetworkFactory: got request NetworkRequest [ REQUEST id=139465, [ Capabilities: INTERNET&NOT_RESTRICTED&TRUSTED&NOT_VCN_MANAGED&NOT_BANDWIDTH_CONSTRAINED Uid: 10299 RequestorUid: 10299 RequestorPkg: com.example.recall_ai UnderlyingNetworks: Null] ]
03-17 12:48:02.639  4085  4085 I HBD     : c [AiWriter] setContact : com.example.recall_ai
03-17 12:48:02.639  4085  4085 I HBD     : a [AiWriter] setContact : com.example.recall_ai
03-17 12:48:02.639 24774 24774 I InsetsController: onStateChanged: host=com.example.recall_ai/com.example.recall_ai.MainActivity, from=android.view.ViewRootImpl.handleInsetsControlChanged:2888, state=InsetsState: {mDisplayFrame=Rect(0, 0 - 1080, 2408), mDisplayCutout=DisplayCutout{insets=Rect(0, 64 - 0, 0) waterfall=Insets{left=0, top=0, right=0, bottom=0} boundingRect={Bounds=[Rect(0, 0 - 0, 0), Rect(468, 0 - 612, 64), Rect(0, 0 - 0, 0), Rect(0, 0 - 0, 0)]} cutoutPathParserInfo={CutoutPathParserInfo{displayWidth=1080 displayHeight=2408 physicalDisplayWidth=1080 physicalDisplayHeight=2408 density={2.8125} cutoutSpec={M 0,0 H -25.6‬ V 22.75555555555556 H 25.6‬ V 0 H 0 Z @dp} rotation={0} scale={1.0} physicalPixelDisplaySizeRatio={1.0}}} sideOverrides={}}, mRoundedCorners=RoundedCorners{[RoundedCorner{position=TopLeft, radius=113, center=Point(113, 113)}, RoundedCorner{position=TopRight, radius=113, center=Point(967, 113)}, RoundedCorner{position=BottomRight, radius=113, center=Point(967, 2295)}, RoundedCorner{position=BottomLeft, radius=113, center=Point(113, 2295)}]}  mRoundedCornerFrame=Rect(0, 0 - 1080, 2408), mPrivacyIndicatorBounds=PrivacyIndicatorBounds {static bounds=Rect(956, 0 - 1080, 65) rotation=0}, mDisplayShape=DisplayShape{ spec=-311912193 displayWidth=1080 displayHeight=2408 physicalPixelDisplaySizeRatio=1.0 rotation=0 offsetX=0 offsetY=0 scale=1.0}, mSources= { InsetsSource: {3 mType=ime mFrame=[0,0][0,0] mVisible=false mFlags= mSideHint=NONE mBoundingRects=null}, InsetsSource: {27 mType=displayCutout mFrame=[0,0][1080,64] mVisible=true mFlags= mSideHint=TOP mBoundingRects=null}, InsetsSource: {580a0000 mType=statusBars mFrame=[0,0][1080,65] mVisible=true mFlags= mSideHint=TOP mBoundingRects=null}, InsetsSource: {580a0005 mType=mandatorySystemGestures mFrame=[0,0][1080,98] mVisible=true mFlags= mSideHint=TOP mBoundingRects=null}, InsetsSource: {580a0006 mType=tappableElement mFrame=[0,0][1080,65] mVisible=true mFlags= mSideHint=TOP mBoundingRects=null}, InsetsSource: {64a70001 mType=navigationBars mFrame=[0,2273][1080,2408] mVisible=true mFlags= mSideHint=BOTTOM mBoundingRects=null}, InsetsSource: {64a70004 mType=systemGestures mFrame=[0,0][0,0] mVisible=true mFlags= mSideHint=NONE mBoundingRects=null}, InsetsSource: {64a70005 mType=mandatorySystemGestures mFrame=[0,2273][1080,2408] mVisible=true mFlags= mSideHint=BOTTOM mBoundingRects=null}, InsetsSource: {64a70006 mType=tappableElement mFrame=[0,2273][1080,2408] mVisible=true mFlags= mSideHint=BOTTOM mBoundingRects=null}, InsetsSource: {64a70024 mType=systemGestures mFrame=[0,0][0,0] mVisible=true mFlags= mSideHint=NONE mBoundingRects=null} }
03-17 12:48:02.640 24774 24774 I InsetsSourceConsumer: applyRequestedVisibilityToControl: visible=false, type=ime, host=com.example.recall_ai/com.example.recall_ai.MainActivity
03-17 12:48:02.675 24774 24774 D WM-WorkerWrapper: Starting work for com.example.recall_ai.worker.SummaryWorker
03-17 12:48:02.708  4085 18116 I HBD     : h [SKE_SPECIFIC] specific model[com.example.recall_ai] loaded, 37669769 ns
03-17 12:48:02.772  1035  1475 D NetdEventListenerService: DNS Requested by 197, 10299(com.example.recall_ai), SUCCESS, 39ms
03-17 12:48:02.899   700   700 I LayerHistory: com.example.recall_ai/com.example.recall_ai.MainActivity$_24774#62719 Max (can't resolve refresh rate)
03-17 12:48:02.984 24774 24813 D WM-WorkerWrapper: com.example.recall_ai.worker.SummaryWorker returned a Retry.
03-17 12:48:02.987 24774 24813 I WM-WorkerWrapper: Worker result RETRY for Work [ id=423e2624-cf03-4551-a871-159c42364488, tags={ com.example.recall_ai.worker.SummaryWorker, summary, summary_meeting_13 } ]
03-17 12:48:04.005   700   700 I SurfaceFlinger: [com.example.recall_ai/com.example.recall_ai.MainActivity$_24774#62719] setFrameRateCategory: HighHint
03-17 12:48:04.989 21098 21317 I NullBinder: NullBinder for android.net.action.RECOMMEND_NETWORKS triggering remote TransactionTooLargeException due to Service without Chimera impl, calling uid: 1000, calling pid: 0
03-17 12:48:05.138   700   700 I LayerHistory: com.example.recall_ai/com.example.recall_ai.MainActivity$_24774#62719 Max (can't resolve refresh rate)
03-17 12:48:06.092   700   700 I LayerHistory: com.example.recall_ai/com.example.recall_ai.MainActivity$_24774#62719 Max (can't resolve refresh rate)
03-17 12:48:06.154  1035  3926 I ActivityManager: Background started FGS: Allowed [callingPackage: com.example.recall_ai; callingUid: 10299; uidState: TOP ; uidBFSL: [BFSL]; intent: Intent { act=com.example.recall_ai.RECORDING_START cmp=com.example.recall_ai/.service.RecordingService (has extras) }; code:PROC_STATE_TOP; tempAllowListReason:<null>; targetSdkVersion:36; callerTargetSdkVersion:36; startForegroundCount:0; bindFromPackage:null: isBindService:false]
03-17 12:48:06.159 24774 24858 D ProfileInstaller: Installing profile for com.example.recall_ai
03-17 12:48:06.169 24774 24774 D RecordingService: onStartCommand action=com.example.recall_ai.RECORDING_START
03-17 12:48:06.204  1522  3453 D SecFgsManagerController: onForegroundStateChanged: [dialog:false]:[isForeground:true]:[packageName:com.example.recall_ai]:[token:android.os.BinderProxy@47ee662]:[userId:0]
03-17 12:48:06.207  1522  3453 D SecFgsManagerController: updateUiControl[com.example.recall_ai]: -1
03-17 12:48:06.213  1035  1130 I MediaFocusControl: requestAudioFocus() from uid/pid 10299/24774 AA=USAGE_VOICE_COMMUNICATION/CONTENT_TYPE_SPEECH clientId=android.media.AudioManager@c7b5565com.example.recall_ai.service.RecordingService$$ExternalSyntheticLambda0@5a6523a callingPack=com.example.recall_ai req=1 flags=0x0 sdk=36
03-17 12:48:06.215  1035  1130 I MediaFocusControl: removeFocusStackEntry client:android.media.AudioManager@c7b5565com.example.recall_ai.service.RecordingService$$ExternalSyntheticLambda0@5a6523a
03-17 12:48:06.221  1035  1130 I AppsFilter: interaction: PackageSetting{4f6275 com.example.recall_ai/10299} -> PackageSetting{414cb50 com.google.android.as/10213} BLOCKED
03-17 12:48:06.408 23516 23516 W Bundle  : Attempt to cast generated internal exception:
03-17 12:48:06.408 23516 23516 W Bundle  : java.lang.ClassCastException: java.lang.Long cannot be cast to java.lang.Integer
03-17 12:48:06.409 23516 23516 W Bundle  : Attempt to cast generated internal exception:
03-17 12:48:06.409 23516 23516 W Bundle  : java.lang.ClassCastException: java.lang.Long cannot be cast to java.lang.Integer
03-17 12:48:06.414 23516 23516 I RecognitionServiceImpl: RecognitionService#logStartListening: callingApp: com.example.recall_ai, locale: en-IN
03-17 12:48:06.419  1035  1035 D NotificationReminder: addNotificationRecord record com.example.recall_ai
03-17 12:48:06.421  1035  3283 I MediaFocusControl: propagateFocusLossFromGain_syncAf checking client:android.media.AudioManager@c7b5565com.example.recall_ai.service.RecordingService$$ExternalSyntheticLambda0@5a6523a
03-17 12:48:06.427  1522  1522 D InterruptionStateProvider:  no Heads up : edgelighting enabled app. 0|com.example.recall_ai|1001|null|10299
03-17 12:48:06.428  1522  1522 D InterruptionStateProvider:  no Heads up : edgelighting enabled app. 0|com.example.recall_ai|1001|null|10299
03-17 12:48:06.429  2197  4964 I HoneySpace.NotificationListener: onNotificationPosted com.example.recall_ai: 0|com.example.recall_ai|1001|null|10299: 0
03-17 12:48:06.429  2197  4964 I HoneySpace.NotificationListener: invalid notification: com.example.recall_ai UserHandle{0}: canShowBadge is false
03-17 12:48:06.431  2197  7719 I HoneySpace.PackageEventOperator: [ApplistViewModel] badge count is updated. com.example.recall_ai/.MainActivity#UserHandle{0}|69266 : 0
03-17 12:48:06.443 23516 23539 I BaseS3HeaderProducer: [RS][S3] triggerApplicationId: com.example.recall_ai
03-17 12:48:06.463 24774 24774 D AudioManager: dispatching onAudioFocusChange(-2) to android.media.AudioManager@c7b5565com.example.recall_ai.service.RecordingService$$ExternalSyntheticLambda0@5a6523a
03-17 12:48:06.499  1035  1065 D SensorPrivacyService: onOpNoted  com.example.recall_ai  code=27  uid=10299
03-17 12:48:06.502 23516 23544 I ConcurrentSodaManager: Initializing SODA for com.example.recall_ai
03-17 12:48:06.527  1522  1522 I AppIconSolution: return adaptive icon for com.example.recall_ai, isNight = true
03-17 12:48:06.571  1522  1522 I AppIconSolution: return adaptive icon for com.example.recall_ai, isNight = true
03-17 12:48:06.591  1522  1522 I View    : setRequestedFrameRate frameRate=-2.0, this=StatusBarIconView(slot='com.example.recall_ai/0x3e9' alpha=1.0 icon=StatusBarIcon(icon=Icon(typ=RESOURCE pkg=com.example.recall_ai id=0x010800a4) visible user=0 ) visibleState=ICON iconColor=#0 staticDrawableColor=#0 decorColor=#ff1b6cf7 animationStartColor=#0 currentSetColor=#0 notification=StatusBarNotification(pkg=com.example.recall_ai user=UserHandle{0} id=1001 tag=null key=0|com.example.recall_ai|1001|null|10299: Notification(channel=recall_recording shortcut=null contentView=null vibrate=null sound=null defaults=0 flags=ONGOING_EVENT|ONLY_ALERT_ONCE|NO_CLEAR|FOREGROUND_SERVICE color=0x00000000 actions=2 vis=PUBLIC semFlags=0x0 semPriority=0 semMissedCount=0))), caller=com.android.systemui.statusbar.StatusBarIconView.onAttachedToWindow:6 android.view.View.dispatchAttachedToWindow:24133 android.view.ViewGroup.addViewInner:5556 android.view.ViewGroup.addView:5332 com.android.systemui.statusbar.phone.LegacyNotificationIconAreaControllerImpl.updateIconsForLayout:425 
03-17 12:48:06.592  1522  1522 I View    : setRequestedFrameRate frameRate=-2.0, this=StatusBarIconView(slot='com.example.recall_ai/0x3e9' alpha=1.0 icon=StatusBarIcon(icon=Icon(typ=RESOURCE pkg=com.example.recall_ai id=0x010800a4) visible user=0 ) visibleState=ICON iconColor=#ff1b6cf7 staticDrawableColor=#ff1b6cf7 decorColor=#ff1b6cf7 animationStartColor=#0 currentSetColor=#ff1b6cf7 notification=StatusBarNotification(pkg=com.example.recall_ai user=UserHandle{0} id=1001 tag=null key=0|com.example.recall_ai|1001|null|10299: Notification(channel=recall_recording shortcut=null contentView=null vibrate=null sound=null defaults=0 flags=ONGOING_EVENT|ONLY_ALERT_ONCE|NO_CLEAR|FOREGROUND_SERVICE color=0x00000000 actions=2 vis=PUBLIC semFlags=0x0 semPriority=0 semMissedCount=0))), caller=com.android.systemui.statusbar.StatusBarIconView.onAttachedToWindow:6 android.view.View.dispatchAttachedToWindow:24133 android.view.ViewGroup.addViewInner:5556 android.view.ViewGroup.addView:5332 com.android.systemui.statusbar.phone.LegacyNotificationIconAreaControllerImpl.updateIconsForLayout:425 
03-17 12:48:07.018  1035  3719 D InsetsSourceProvider: updateFakeControlTarget: fakeControl=InsetsSourceControl: {580a0000 mType=statusBars mSurfacePosition=Point(0, 0) mInsetsHint=Insets{left=0, top=0, right=0, bottom=0}}, fakeTarget=Window{4f2b909 u0 com.example.recall_ai/com.example.recall_ai.MainActivity}
03-17 12:48:07.177 24774 24795 I NotificationManager: com.example.recall_ai: notify(1001, null, Notification(channel=recall_recording shortcut=null contentView=null vibrate=null sound=null defaults=0 flags=ONGOING_EVENT|ONLY_ALERT_ONCE color=0x00000000 actions=2 vis=PUBLIC semFlags=0x0 semPriority=0 semMissedCount=0)) as user
03-17 12:48:07.179 24774 24795 D NotificationManager: BOOTING pkg =com.example.recall_ai mBlockedChannelsForOverflowNoti=[]
03-17 12:48:07.404  1522  1522 D Bubbles : onEntryUpdated : shouldBubbleUp=false ,key=0|com.example.recall_ai|1001|null|10299
03-17 12:48:07.404  1522  1522 D InterruptionStateProvider:  no Heads up : edgelighting enabled app. 0|com.example.recall_ai|1001|null|10299
03-17 12:48:07.405  1522  1522 D InterruptionStateProvider:  no Heads up : edgelighting enabled app. 0|com.example.recall_ai|1001|null|10299
03-17 12:48:07.406  2197  4964 I HoneySpace.NotificationListener: onNotificationPosted com.example.recall_ai: 0|com.example.recall_ai|1001|null|10299: 0
03-17 12:48:07.407  2197  4964 I HoneySpace.NotificationListener: invalid notification: com.example.recall_ai UserHandle{0}: canShowBadge is false
03-17 12:48:07.407  2197  8512 I HoneySpace.PackageEventOperator: [ApplistViewModel] badge count is updated. com.example.recall_ai/.MainActivity#UserHandle{0}|69266 : 0
03-17 12:48:07.437  1522  1522 I AppIconSolution: return adaptive icon for com.example.recall_ai, isNight = true
03-17 12:48:07.465  1522  1522 I AppIconSolution: return adaptive icon for com.example.recall_ai, isNight = true
03-17 12:48:08.018 21098 21371 I NullBinder: NullBinder for android.net.action.RECOMMEND_NETWORKS triggering remote TransactionTooLargeException due to Service without Chimera impl, calling uid: 1000, calling pid: 0
03-17 12:48:08.176 24774 24795 I NotificationManager: com.example.recall_ai: notify(1001, null, Notification(channel=recall_recording shortcut=null contentView=null vibrate=null sound=null defaults=0 flags=ONGOING_EVENT|ONLY_ALERT_ONCE color=0x00000000 actions=2 vis=PUBLIC semFlags=0x0 semPriority=0 semMissedCount=0)) as user
03-17 12:48:08.398  1522  1522 D Bubbles : onEntryUpdated : shouldBubbleUp=false ,key=0|com.example.recall_ai|1001|null|10299
03-17 12:48:08.402  1522  1522 D InterruptionStateProvider:  no Heads up : edgelighting enabled app. 0|com.example.recall_ai|1001|null|10299
03-17 12:48:08.403  1522  1522 D InterruptionStateProvider:  no Heads up : edgelighting enabled app. 0|com.example.recall_ai|1001|null|10299
03-17 12:48:08.404  2197  4964 I HoneySpace.NotificationListener: onNotificationPosted com.example.recall_ai: 0|com.example.recall_ai|1001|null|10299: 0
03-17 12:48:08.405  2197  4964 I HoneySpace.NotificationListener: invalid notification: com.example.recall_ai UserHandle{0}: canShowBadge is false
03-17 12:48:08.406  2197 16972 I HoneySpace.PackageEventOperator: [ApplistViewModel] badge count is updated. com.example.recall_ai/.MainActivity#UserHandle{0}|69266 : 0
03-17 12:48:08.431  1522  1522 I AppIconSolution: return adaptive icon for com.example.recall_ai, isNight = true
03-17 12:48:08.469  1522  1522 I AppIconSolution: return adaptive icon for com.example.recall_ai, isNight = true
03-17 12:48:09.102   453   453 D io_stats: !@ Read_top(KB): ample.recall_ai(24774) 444 kworker/u16:6(7915) 408 kworker/u16:4(4223) 348
03-17 12:48:09.154   700   700 D SurfaceFlinger:        DEVICE |   0xb4000071c2ebf600 | 0001 | RGBA_8888    |    0.0    0.0 1080.0 2408.0 |    0    0 1080 2408 | com.example.recall_ai/com.example.recall_ai.MainActivity$_24774#62719 (283)
03-17 12:48:09.170   700   700 I SurfaceFlinger: [com.example.recall_ai/com.example.recall_ai.MainActivity$_24774#62719] setFrameRateCategory: NoPreference
03-17 12:48:09.176   700   700 D SurfaceFlinger:        DEVICE |   0xb4000071c276b800 | 0001 | RGBA_8888    |    0.0    0.0 1080.0 2408.0 |    0    0 1080 2408 | com.example.recall_ai/com.example.recall_ai.MainActivity$_24774#62719 (285)
03-17 12:48:09.178 24774 24795 I NotificationManager: com.example.recall_ai: notify(1001, null, Notification(channel=recall_recording shortcut=null contentView=null vibrate=null sound=null defaults=0 flags=ONGOING_EVENT|ONLY_ALERT_ONCE color=0x00000000 actions=2 vis=PUBLIC semFlags=0x0 semPriority=0 semMissedCount=0)) as user
03-17 12:48:09.407  2197  4964 I HoneySpace.NotificationListener: onNotificationPosted com.example.recall_ai: 0|com.example.recall_ai|1001|null|10299: 0
03-17 12:48:09.408  1522  1522 D Bubbles : onEntryUpdated : shouldBubbleUp=false ,key=0|com.example.recall_ai|1001|null|10299
03-17 12:48:09.409  2197  4964 I HoneySpace.NotificationListener: invalid notification: com.example.recall_ai UserHandle{0}: canShowBadge is false
03-17 12:48:09.409  1522  1522 D InterruptionStateProvider:  no Heads up : edgelighting enabled app. 0|com.example.recall_ai|1001|null|10299
03-17 12:48:09.411  2197 16973 I HoneySpace.PackageEventOperator: [ApplistViewModel] badge count is updated. com.example.recall_ai/.MainActivity#UserHandle{0}|69266 : 0
03-17 12:48:09.416  1522  1522 D InterruptionStateProvider:  no Heads up : edgelighting enabled app. 0|com.example.recall_ai|1001|null|10299
03-17 12:48:09.456  1522  1522 I AppIconSolution: return adaptive icon for com.example.recall_ai, isNight = true
03-17 12:48:09.482  1522  1522 I AppIconSolution: return adaptive icon for com.example.recall_ai, isNight = true
03-17 12:48:09.532  1035  1130 D InsetsSourceProvider: updateControlForTarget: control=InsetsSourceControl: {580a0000 mType=statusBars initiallyVisible mSurfacePosition=Point(0, 0) mInsetsHint=Insets{left=0, top=65, right=0, bottom=0}}, target=Window{4f2b909 u0 com.example.recall_ai/com.example.recall_ai.MainActivity}, from=com.android.server.wm.InsetsStateController.onControlTargetChanged:81 com.android.server.wm.InsetsPolicy.updateBarControlTarget:163 com.android.server.wm.DisplayPolicy.updateSystemBarAttributes:281 com.android.server.wm.DisplayPolicy.finishPostLayoutPolicyLw:17 com.android.server.wm.RootWindowContainer.applySurfaceChangesTransaction$1:194 
03-17 12:48:09.568 24774 24774 I InsetsSourceConsumer: applyRequestedVisibilityToControl: visible=true, type=statusBars, host=com.example.recall_ai/com.example.recall_ai.MainActivity
03-17 12:48:09.635 24774 24774 D AudioManager: dispatching onAudioFocusChange(1) to android.media.AudioManager@c7b5565com.example.recall_ai.service.RecordingService$$ExternalSyntheticLambda0@5a6523a
03-17 12:48:09.998  1035  3719 I AppsFilter: interaction: PackageSetting{4f6275 com.example.recall_ai/10299} -> PackageSetting{414cb50 com.google.android.as/10213} BLOCKED
03-17 12:48:10.173 24774 24789 I NotificationManager: com.example.recall_ai: notify(1001, null, Notification(channel=recall_recording shortcut=null contentView=null vibrate=null sound=null defaults=0 flags=ONGOING_EVENT|ONLY_ALERT_ONCE color=0x00000000 actions=2 vis=PUBLIC semFlags=0x0 semPriority=0 semMissedCount=0)) as user
03-17 12:48:10.388  1522  1522 D Bubbles : onEntryUpdated : shouldBubbleUp=false ,key=0|com.example.recall_ai|1001|null|10299
03-17 12:48:10.390  1522  1522 D InterruptionStateProvider:  no Heads up : edgelighting enabled app. 0|com.example.recall_ai|1001|null|10299
03-17 12:48:10.390  2197  4964 I HoneySpace.NotificationListener: onNotificationPosted com.example.recall_ai: 0|com.example.recall_ai|1001|null|10299: 0
03-17 12:48:10.391  2197  4964 I HoneySpace.NotificationListener: invalid notification: com.example.recall_ai UserHandle{0}: canShowBadge is false
03-17 12:48:10.391  1522  1522 D InterruptionStateProvider:  no Heads up : edgelighting enabled app. 0|com.example.recall_ai|1001|null|10299
03-17 12:48:10.392  2197 18631 I HoneySpace.PackageEventOperator: [ApplistViewModel] badge count is updated. com.example.recall_ai/.MainActivity#UserHandle{0}|69266 : 0
03-17 12:48:10.426  1522  1522 I AppIconSolution: return adaptive icon for com.example.recall_ai, isNight = true
03-17 12:48:10.453  1522  1522 I AppIconSolution: return adaptive icon for com.example.recall_ai, isNight = true
03-17 12:48:11.033 21098 21317 I NullBinder: NullBinder for android.net.action.RECOMMEND_NETWORKS triggering remote TransactionTooLargeException due to Service without Chimera impl, calling uid: 1000, calling pid: 0
03-17 12:48:11.174 24774 24789 I NotificationManager: com.example.recall_ai: notify(1001, null, Notification(channel=recall_recording shortcut=null contentView=null vibrate=null sound=null defaults=0 flags=ONGOING_EVENT|ONLY_ALERT_ONCE color=0x00000000 actions=2 vis=PUBLIC semFlags=0x0 semPriority=0 semMissedCount=0)) as user
03-17 12:48:11.394  1522  1522 D Bubbles : onEntryUpdated : shouldBubbleUp=false ,key=0|com.example.recall_ai|1001|null|10299
03-17 12:48:11.394  1522  1522 D InterruptionStateProvider:  no Heads up : edgelighting enabled app. 0|com.example.recall_ai|1001|null|10299
03-17 12:48:11.394  1522  1522 D InterruptionStateProvider:  no Heads up : edgelighting enabled app. 0|com.example.recall_ai|1001|null|10299
03-17 12:48:11.397  2197  4964 I HoneySpace.NotificationListener: onNotificationPosted com.example.recall_ai: 0|com.example.recall_ai|1001|null|10299: 0
03-17 12:48:11.397  2197  4964 I HoneySpace.NotificationListener: invalid notification: com.example.recall_ai UserHandle{0}: canShowBadge is false
03-17 12:48:11.398  2197 14036 I HoneySpace.PackageEventOperator: [ApplistViewModel] badge count is updated. com.example.recall_ai/.MainActivity#UserHandle{0}|69266 : 0
03-17 12:48:11.416  1522  1522 I AppIconSolution: return adaptive icon for com.example.recall_ai, isNight = true
03-17 12:48:11.430  1522  1522 I AppIconSolution: return adaptive icon for com.example.recall_ai, isNight = true
03-17 12:48:11.525  1035  3976 I AppsFilter: interaction: PackageSetting{4f6275 com.example.recall_ai/10299} -> PackageSetting{414cb50 com.google.android.as/10213} BLOCKED
03-17 12:48:11.548   700   700 D SurfaceFlinger:        DEVICE |   0xb4000071c2ea7700 | 0001 | RGBA_8888    |    0.0    0.0 1080.0 2408.0 |    0    0 1080 2408 | com.example.recall_ai/com.example.recall_ai.MainActivity$_24774#62719 (488)
03-17 12:48:11.567 23516 23516 W Bundle  : Attempt to cast generated internal exception:
03-17 12:48:11.567 23516 23516 W Bundle  : java.lang.ClassCastException: java.lang.Long cannot be cast to java.lang.Integer
03-17 12:48:11.568 23516 23516 W Bundle  : Attempt to cast generated internal exception:
03-17 12:48:11.568 23516 23516 W Bundle  : java.lang.ClassCastException: java.lang.Long cannot be cast to java.lang.Integer
03-17 12:48:11.571 23516 23516 I RecognitionServiceImpl: RecognitionService#logStartListening: callingApp: com.example.recall_ai, locale: en-IN
03-17 12:48:11.577  1035  3914 I MediaFocusControl: propagateFocusLossFromGain_syncAf checking client:android.media.AudioManager@c7b5565com.example.recall_ai.service.RecordingService$$ExternalSyntheticLambda0@5a6523a
03-17 12:48:11.580   700   700 D SurfaceFlinger:        DEVICE |   0xb4000071c2ebf600 | 0001 | RGBA_8888    |    0.0    0.0 1080.0 2408.0 |    0    0 1080 2408 | com.example.recall_ai/com.example.recall_ai.MainActivity$_24774#62719 (491)
03-17 12:48:11.580 24774 24774 D AudioManager: dispatching onAudioFocusChange(-2) to android.media.AudioManager@c7b5565com.example.recall_ai.service.RecordingService$$ExternalSyntheticLambda0@5a6523a
03-17 12:48:11.593 23516 23658 I BaseS3HeaderProducer: [RS][S3] triggerApplicationId: com.example.recall_ai
03-17 12:48:11.647  1035  1065 D SensorPrivacyService: onOpNoted  com.example.recall_ai  code=27  uid=10299
03-17 12:48:11.649 23516 23543 I ConcurrentSodaManager: Initializing SODA for com.example.recall_ai
03-17 12:48:12.170  1035  3976 D InsetsSourceProvider: updateFakeControlTarget: fakeControl=InsetsSourceControl: {580a0000 mType=statusBars mSurfacePosition=Point(0, 0) mInsetsHint=Insets{left=0, top=0, right=0, bottom=0}}, fakeTarget=Window{4f2b909 u0 com.example.recall_ai/com.example.recall_ai.MainActivity}
03-17 12:48:12.173 24774 24789 I NotificationManager: com.example.recall_ai: notify(1001, null, Notification(channel=recall_recording shortcut=null contentView=null vibrate=null sound=null defaults=0 flags=ONGOING_EVENT|ONLY_ALERT_ONCE color=0x00000000 actions=2 vis=PUBLIC semFlags=0x0 semPriority=0 semMissedCount=0)) as user
03-17 12:48:12.364   700   700 D SurfaceFlinger:        DEVICE |   0xb4000071c2ebf600 | 0001 | RGBA_8888    |    0.0    0.0 1080.0 2408.0 |    0    0 1080 2408 | com.example.recall_ai/com.example.recall_ai.MainActivity$_24774#62719 (559)
03-17 12:48:12.399  2197  4964 I HoneySpace.NotificationListener: onNotificationPosted com.example.recall_ai: 0|com.example.recall_ai|1001|null|10299: 0
03-17 12:48:12.400  2197  4964 I HoneySpace.NotificationListener: invalid notification: com.example.recall_ai UserHandle{0}: canShowBadge is false
03-17 12:48:12.401  2197 18631 I HoneySpace.PackageEventOperator: [ApplistViewModel] badge count is updated. com.example.recall_ai/.MainActivity#UserHandle{0}|69266 : 0
03-17 12:48:12.405  1035  3283 D WindowManager: Changing focus from Window{4f2b909 u0 com.example.recall_ai/com.example.recall_ai.MainActivity} to Window{3eed4bf u0 NotificationShade} displayId=0 Callers=com.android.server.wm.WindowManagerService.relayoutWindowInner:142 com.android.server.wm.WindowManagerService.relayoutWindow:6 com.android.server.wm.Session.relayout:27 com.android.server.wm.Session.relayoutAsync:26 
03-17 12:48:12.408  1035  3283 D InsetsSourceProvider: updateFakeControlTarget: fakeControl=InsetsSourceControl: {64a70001 mType=navigationBars mSurfacePosition=Point(0, 0) mInsetsHint=Insets{left=0, top=0, right=0, bottom=0}}, fakeTarget=Window{4f2b909 u0 com.example.recall_ai/com.example.recall_ai.MainActivity}
03-17 12:48:12.413  1035  3283 D WindowManager: updateSystemBarAttributes: displayId=0, focusedCanBeNavColorWin=false, win=Window{3eed4bf u0 NotificationShade}, navColorWin=Window{4f2b909 u0 com.example.recall_ai/com.example.recall_ai.MainActivity}, caller=com.android.server.wm.WindowManagerService.updateFocusedWindowLocked:375 com.android.server.wm.WindowManagerService.relayoutWindowInner:142 com.android.server.wm.WindowManagerService.relayoutWindow:6 
03-17 12:48:12.430  1522  1522 D Bubbles : onEntryUpdated : shouldBubbleUp=false ,key=0|com.example.recall_ai|1001|null|10299
03-17 12:48:12.431  1522  1522 D InterruptionStateProvider:  no Heads up : edgelighting enabled app. 0|com.example.recall_ai|1001|null|10299
03-17 12:48:12.432  1522  1522 D InterruptionStateProvider:  no Heads up : edgelighting enabled app. 0|com.example.recall_ai|1001|null|10299
03-17 12:48:12.433   700   700 D SurfaceFlinger:        DEVICE |   0xb4000071c276b800 | 0001 | RGBA_8888    |    0.0    0.0 1080.0 2408.0 |    0    0 1080 2408 | com.example.recall_ai/com.example.recall_ai.MainActivity$_24774#62719 (565)
03-17 12:48:12.444  1035  3914 D InputDispatcher: Focus left window (0): 4f2b909 com.example.recall_ai/com.example.recall_ai.MainActivity
03-17 12:48:12.535  1522  1522 I AppIconSolution: return adaptive icon for com.example.recall_ai, isNight = true
03-17 12:48:12.562  1522  1522 I AppIconSolution: return adaptive icon for com.example.recall_ai, isNight = true
03-17 12:48:12.914  1522  1522 D NotificationPanelView: 0|com.example.recall_ai|1001|null|10299 isReaded = true
03-17 12:48:13.104   453   453 D io_stats: !@ Write_top(KB): f2fs_ckpt-254:5(491) 84 kworker/u16:4(4223) 68 ample.recall_ai(24774) 52
03-17 12:48:13.174 24774 24789 I NotificationManager: com.example.recall_ai: notify(1001, null, Notification(channel=recall_recording shortcut=null contentView=null vibrate=null sound=null defaults=0 flags=ONGOING_EVENT|ONLY_ALERT_ONCE color=0x00000000 actions=2 vis=PUBLIC semFlags=0x0 semPriority=0 semMissedCount=0)) as user
03-17 12:48:13.394  2197  4964 I HoneySpace.NotificationListener: onNotificationPosted com.example.recall_ai: 0|com.example.recall_ai|1001|null|10299: 0
03-17 12:48:13.394  2197  4964 I HoneySpace.NotificationListener: invalid notification: com.example.recall_ai UserHandle{0}: canShowBadge is false
03-17 12:48:13.394  2197  8511 I HoneySpace.PackageEventOperator: [ApplistViewModel] badge count is updated. com.example.recall_ai/.MainActivity#UserHandle{0}|69266 : 0
03-17 12:48:13.419  1522  1522 D SystemUIAnalytics: sendEventCDLog QPNE0008, SID_QUICKPANEL_OPENED, EID_QPNE_NOTI_EXPANSION, type, single, app, com.example.recall_ai
03-17 12:48:13.421  1522  1522 D Bubbles : onEntryUpdated : shouldBubbleUp=false ,key=0|com.example.recall_ai|1001|null|10299
03-17 12:48:13.422  1522  1522 D InterruptionStateProvider:  no Heads up : edgelighting enabled app. 0|com.example.recall_ai|1001|null|10299
03-17 12:48:13.423  1522  1522 D InterruptionStateProvider:  no Heads up : edgelighting enabled app. 0|com.example.recall_ai|1001|null|10299
03-17 12:48:13.463  1522  1522 I AppIconSolution: return adaptive icon for com.example.recall_ai, isNight = true
03-17 12:48:13.479  1522  1522 I AppIconSolution: return adaptive icon for com.example.recall_ai, isNight = true
