03-17 12:40:28.182  1035  1058 D SGM:GameManager: identifyGamePackage. com.example.recall_ai, mCurrentUserId: 0, callerUserId: 0, callingMethodInfo: com.samsung.android.game.SemGameManager.isGamePackage(SemGameManager.java:105)
03-17 12:40:28.182  1035  1058 D SGM:SemGameManager: isGamePackage(), pkgName=com.example.recall_ai, ret=false
03-17 12:40:28.208  1035  4030 D SGM:GameManager: identifyGamePackage. com.example.recall_ai, mCurrentUserId: 0, callerUserId: 0, callingMethodInfo: com.samsung.android.game.IGameManagerService$Stub.onTransact(IGameManagerService.java:228)
03-17 12:40:28.566  1035  1130 D WindowManager: prepareSync <SYNC_STATE_WAITING_FOR_DRAW>, mPrepareSyncSeqId=0, win=Window{7f73f3a u0 com.example.recall_ai/com.example.recall_ai.MainActivity}
03-17 12:40:28.654  1035  1058 D SGM:FgCheckThread: notePauseComponent(), received pkgName: com.example.recall_ai, userId: 0
03-17 12:40:28.654  1035  1058 D SGM:FgCheckThread: notePauseComponent(), received pkgName: com.example.recall_ai, userId: 0
03-17 12:40:28.654  1035  1058 D SGM:FgCheckThread: notifyFocusInOut(). of pkg: com.example.recall_ai, type: 20, isSecGameFamily: false, userId: 0
03-17 12:40:28.658  1035  1058 D SGM:GameManager: identifyGamePackage. com.example.recall_ai, mCurrentUserId: 0, callerUserId: 0, callingMethodInfo: com.samsung.android.game.SemGameManager.isGamePackage(SemGameManager.java:105)
03-17 12:40:28.658  1035  1058 D SGM:SemGameManager: isGamePackage(), pkgName=com.example.recall_ai, ret=false
03-17 12:40:28.854  1035  1064 I SGM:GameManager: PkgUpdateReceiver, onPackageAdded : com.example.recall_ai userHandle : UserHandle{0} userId : 0
03-17 12:40:28.855  1035  1064 D SGM:GosNotifyThread: sendPackageMessage(), changeType=0, pkgName=com.example.recall_ai, userHandleId=0
03-17 12:40:28.856  1035  1216 D SGM:GosNotifyThread: notifyPackageChangedToGos(), before send intent to GOS. type:15, changeType: 0, pkgName:com.example.recall_ai, userHandleId:0
03-17 12:40:28.858  1035  1216 D SGM:PmAppCategoryManager: getManifestCategory(), manifestCategory=-1, packageName=com.example.recall_ai
03-17 12:40:28.858  1035  1216 D SGM:PmAppCategoryManager: getCategoryOverride(), categoryOverride=-1, packageName=com.example.recall_ai
03-17 12:40:28.858  1035  1216 I SGM:GosNotifyThread: notifyPackageChangedToGos(), category from pm: com.example.recall_ai, [-1/-1]
03-17 12:40:29.166  1035  3976 D SGM:GameManager: setPackageConfigurations(). category=-1, pkgName=com.example.recall_ai
03-17 12:40:29.166  1035  3976 D SGM:GameManager: setPackageConfiguration(). configuration: packageName: com.example.recall_ai, performancePolicyForSsrm: null, optimalAspectRatio: 1.7777778, dynamicSurfaceScaling: 1.0, category: -1, categoryByUser: -1, fillBlackSurfaceOnMargins: false, userId: null
03-17 12:40:29.166  1035  3976 D SGM:GameManager: setPackageConfiguration(). pkgName=com.example.recall_ai
03-17 12:40:29.166  1035  3976 D SGM:Util: isPkgInstalled(). pkgName=com.example.recall_ai, userId=0, installed=true
03-17 12:40:29.458  1035  1064 D MetaDataCollector: onReceive: done pkgName=com.example.recall_ai
03-17 12:40:30.116  1035  1064 I SGM:GameManager: PkgUpdateReceiver, onPackageReplaced : com.example.recall_ai userID : UserHandle{0}
03-17 12:40:30.116  1035  1064 D SGM:GosNotifyThread: sendPackageMessage(), changeType=8, pkgName=com.example.recall_ai, userHandleId=0
03-17 12:40:30.117  1035  1216 D SGM:GosNotifyThread: notifyPackageChangedToGos(), before send intent to GOS. type:15, changeType: 8, pkgName:com.example.recall_ai, userHandleId:0
03-17 12:40:30.117  1035  1216 D SGM:PmAppCategoryManager: getManifestCategory(), manifestCategory=-1, packageName=com.example.recall_ai
03-17 12:40:30.117  1035  1216 D SGM:PmAppCategoryManager: getCategoryOverride(), categoryOverride=-1, packageName=com.example.recall_ai
03-17 12:40:30.117  1035  1216 I SGM:GosNotifyThread: notifyPackageChangedToGos(), category from pm: com.example.recall_ai, [-1/-1]
03-17 12:40:30.119  1035  1064 D MetaDataCollector: onReceive: done pkgName=com.example.recall_ai
03-17 12:40:30.416  1035  3358 D CoreBackPreview: Window{7f73f3a u0 com.example.recall_ai/com.example.recall_ai.MainActivity}: Setting back callback OnBackInvokedCallbackInfo{mCallback=android.window.IOnBackInvokedCallback$Stub$Proxy@7f803, mPriority=0, mIsAnimationCallback=false}
03-17 12:40:30.828  1035  3358 D WindowManager: makeSurface duration=2 name=com.example.recall_ai/com.example.recall_ai.MainActivity$_18550
03-17 12:40:30.830  1035  3358 D BLASTSyncEngine: SyncGroup 4855:  Unfinished container: ActivityRecord{5676d25 u0 com.example.recall_ai/.MainActivity t4134} mSyncState=2
03-17 12:40:30.833  1035  3358 V WindowManager: Start calculating TransitionInfo based on participants: {ActivityRecord{5676d25 u0 com.example.recall_ai/.MainActivity t4134}, Task{c5d517f #4134 type=standard A=10299:com.example.recall_ai}}
03-17 12:40:30.852  1035  1055 V WindowManager: Sent Transition (#4855) createdAt=03-17 12:40:27.046 via request=TransitionRequestInfo { type = OPEN, triggerTask = TaskInfo{userId=0 taskId=4134 displayId=0 isRunning=true baseIntent=Intent { act=android.intent.action.MAIN cat=[android.intent.category.LAUNCHER] flg=0x10000000 cmp=com.example.recall_ai/.MainActivity } baseActivity=ComponentInfo{com.example.recall_ai/com.example.recall_ai.MainActivity} topActivity=ComponentInfo{com.example.recall_ai/com.example.recall_ai.MainActivity} origActivity=null realActivity=ComponentInfo{com.example.recall_ai/com.example.recall_ai.MainActivity} numActivities=1 lastActiveTime=1172716484 supportsMultiWindow=true resizeMode=1 isResizeable=true minWidth=-1 minHeight=-1 maxWidth=-1 maxHeight=-1 defaultMinSize=220 token=WCT{RemoteToken{508115f Task{c5d517f #4134 type=standard A=10299:com.example.recall_ai}}} topActivityType=1 pictureInPictureParams=null shouldDockBigOverlays=false launchIntoPipHostTaskId=-1 lastParentTaskIdBeforePip=-1 displayCutoutSafeInsets=Rect(0, 64 - 0, 0) topActivityInfo=ActivityInfo{83487ac com.example.recall_ai.MainActivity} launchCookies=[] positionInParent=Point(0, 0) parentTaskId=-1 isFocused=false isVisible=false isVisibleRequested=false isSleeping=true topActivityInSizeCompat=false locusId=null displayAreaFeatureId=1 isTopActivityTransparent=false isTopActivityStyleFloating=false appCompatTaskInfo=AppCompatTaskInfo { topActivityInSizeCompat=false eligibleForLetterboxEducation= false isLetterboxEducationEnabled= false isLetterboxDoubleTapEnabled= false eligibleForUserAspectRatioButton= false topActivityBoundsLetterboxed= false isFromLetterboxDoubleTap= false topActivityLetterboxVerticalPosition= -1 topActivityLetterboxHorizontalPosition= -1 topActivityLetterboxWidth=1080 topActivityLetterboxHeight=2408 topActivityLetterboxAppWidth=1080 topActivityLetterboxAppHeight=2408 isUserFullscreenOverrideEnabled=false isSystemFullscreenOverrideEnabled=false hasMinAspectRatioOverride=false cameraCompatTaskInfo=CameraCompatTaskInfo { freeformCameraCompatMode=inactive} topActivityBounds=null topActivityInDisplayCompat=false} originallySupportedMultiWindow=true hasWallpaper=false rootAffinity=10299:com.example.recall_ai isTopTaskInStage=false topActivityUiMode=33 CoverLauncherWidgetTask=false isAllowedSeamlessRotation=false isTopTransparentActivity=false snappingGuideBounds=null isAliasManaged=false hasConfigChanged=false isAiKeyRemoveAppTask=false}, pipTask = null, remoteTransition = null, displayChange = null, flags = 0, debugId = 4855 }
03-17 12:40:31.670  1035  3923 D WindowManager: finishDrawingWindow: Window{7f73f3a u0 com.example.recall_ai/com.example.recall_ai.MainActivity} mDrawState=DRAW_PENDING seqId=0
03-17 12:40:31.755  1035  3923 W ProcessStats: Tracking association SourceState{8c39aae com.example.recall_ai/10299 Top #1476049} whose proc state 1 is better than process ProcessState{98e7fff com.google.android.gms.persistent/10219 pkg=com.google.android.gms} proc state 4 (0 skipped)
03-17 12:40:31.769  1035  1058 D SGM:FgCheckThread: getForegroundApp(), foregroundPkgName=com.example.recall_ai
03-17 12:40:31.770  1035  1058 D SGM:FgCheckThread: pkgName: com.example.recall_ai is not in foreground
03-17 12:40:31.771  1035  3923 V WindowManager: Setting visibility of Window{7f73f3a u0 com.example.recall_ai/com.example.recall_ai.MainActivity}: false, caller=com.android.server.wm.WindowContainer.sendAppVisibilityToClients:19 com.android.server.wm.WindowToken.setClientVisible:49 com.android.server.wm.ActivityRecord.setClientVisible:8 com.android.server.wm.ActivityRecord.activityStopped:201 com.android.server.wm.ActivityClientController.activityStopped:95 
03-17 12:40:31.771  1035  3923 E WindowManager: win=Window{7f73f3a u0 com.example.recall_ai/com.example.recall_ai.MainActivity} destroySurfaces: appStopped=true cleanupOnResume=false win.mWindowRemovalAllowed=false win.mRemoveOnExit=false win.mViewVisibility=4 caller=com.android.server.wm.ActivityRecord.destroySurfaces:25 com.android.server.wm.ActivityRecord.activityStopped:204 com.android.server.wm.ActivityClientController.activityStopped:95 android.app.IActivityClientController$Stub.onTransact:722 com.android.server.wm.ActivityClientController.onTransact:1 android.os.Binder.execTransactInternal:1541 android.os.Binder.execTransact:1480 
03-17 12:40:31.772  1035  3923 I WindowManager: Destroying surface Surface(name=com.example.recall_ai/com.example.recall_ai.MainActivity$_18550)/@0x5abd261 called by com.android.server.wm.WindowStateAnimator.destroySurface:11 com.android.server.wm.WindowStateAnimator.destroySurfaceLocked:54 com.android.server.wm.WindowState.destroySurfaceUnchecked:5 com.android.server.wm.WindowState.destroySurface:126 com.android.server.wm.ActivityRecord.destroySurfaces:25 com.android.server.wm.ActivityRecord.activityStopped:204 com.android.server.wm.ActivityClientController.activityStopped:95 android.app.IActivityClientController$Stub.onTransact:722 
03-17 12:40:32.637  1035  1500 I Pageboost: memUsage collected : 102503 0 5960 for com.example.recall_ai 18550
03-17 12:40:32.772   453   453 D io_stats: !@ Read_top(KB): system_server(1035) 36792 ndroid.systemui(1522) 28260 ample.recall_ai(18550) 25432
03-17 12:41:16.048  1035  1106 I AppsFilter: interaction: PackageSetting{986e995 com.example.recall_ai/10299} -> PackageSetting{4bd64ea com.facebook.appmanager/10146} BLOCKED
03-17 12:41:17.159  1035  1106 I AppsFilter: interaction: PackageSetting{986e995 com.example.recall_ai/10299} -> PackageSetting{43225e7 com.facebook.appmanager/10146} BLOCKED
03-17 12:41:17.586 21098 18552 E LoadedApk: Exception : java.lang.NullPointerException: Attempt to invoke virtual method 'boolean android.os.Looper.isPerfLogEnable()' on a null object reference
03-17 12:41:17.591 20332  9989 E LoadedApk: Exception : java.lang.NullPointerException: Attempt to invoke virtual method 'boolean android.os.Looper.isPerfLogEnable()' on a null object reference
03-17 12:41:17.595 20332  9989 E LoadedApk: Exception : java.lang.NullPointerException: Attempt to invoke virtual method 'boolean android.os.Looper.isPerfLogEnable()' on a null object reference
03-17 12:41:19.397 21098  7107 E LoadedApk: Exception : java.lang.NullPointerException: Attempt to invoke virtual method 'boolean android.os.Looper.isPerfLogEnable()' on a null object reference
03-17 12:41:19.412 20332  9989 E LoadedApk: Exception : java.lang.NullPointerException: Attempt to invoke virtual method 'boolean android.os.Looper.isPerfLogEnable()' on a null object reference
03-17 12:41:19.415 20332  9989 E LoadedApk: Exception : java.lang.NullPointerException: Attempt to invoke virtual method 'boolean android.os.Looper.isPerfLogEnable()' on a null object reference
03-17 12:41:19.658 21098  7107 E LoadedApk: Exception : java.lang.NullPointerException: Attempt to invoke virtual method 'boolean android.os.Looper.isPerfLogEnable()' on a null object reference
03-17 12:41:19.662 20332  9989 E LoadedApk: Exception : java.lang.NullPointerException: Attempt to invoke virtual method 'boolean android.os.Looper.isPerfLogEnable()' on a null object reference
03-17 12:41:19.668 20332  9989 E LoadedApk: Exception : java.lang.NullPointerException: Attempt to invoke virtual method 'boolean android.os.Looper.isPerfLogEnable()' on a null object reference
03-17 12:41:20.306 21098 18552 E LoadedApk: Exception : java.lang.NullPointerException: Attempt to invoke virtual method 'boolean android.os.Looper.isPerfLogEnable()' on a null object reference
03-17 12:41:20.311 20332  9989 E LoadedApk: Exception : java.lang.NullPointerException: Attempt to invoke virtual method 'boolean android.os.Looper.isPerfLogEnable()' on a null object reference
03-17 12:41:20.316 20332  9989 E LoadedApk: Exception : java.lang.NullPointerException: Attempt to invoke virtual method 'boolean android.os.Looper.isPerfLogEnable()' on a null object reference
03-17 12:41:20.442  1035 19801 W PackageConfigPersister: App-specific configuration not found for packageName: com.example.recall_ai and userId: 0
03-17 12:41:20.488  1035 19801 W PackageConfigPersister: App-specific configuration not found for packageName: com.example.recall_ai and userId: 0
03-17 12:41:21.260  1035  1084 D MARs:ActiveTrafficFilter: filter : com.example.recall_ai(0)
03-17 12:41:25.016  1035  4170 D SGM:GameManager: identifyForegroundApp. com.example.recall_ai, mCurrentUserId: 0, callerUserId: 0
03-17 12:41:26.291  1035  1084 D MARs:ActiveTrafficFilter: filter : com.example.recall_ai(0)
03-17 12:41:43.235  1035 19801 E SliceBackupHelper: java.lang.IllegalArgumentException: Invalid filename
03-17 12:41:43.447 21098  7107 E LoadedApk: Exception : java.lang.NullPointerException: Attempt to invoke virtual method 'boolean android.os.Looper.isPerfLogEnable()' on a null object reference
03-17 12:41:43.452 20332  9989 E LoadedApk: Exception : java.lang.NullPointerException: Attempt to invoke virtual method 'boolean android.os.Looper.isPerfLogEnable()' on a null object reference
03-17 12:41:43.452 20332  9989 E LoadedApk: Exception : java.lang.NullPointerException: Attempt to invoke virtual method 'boolean android.os.Looper.isPerfLogEnable()' on a null object reference
03-17 12:41:44.743 21098  7107 E LoadedApk: Exception : java.lang.NullPointerException: Attempt to invoke virtual method 'boolean android.os.Looper.isPerfLogEnable()' on a null object reference
03-17 12:41:44.748 20332  9989 E LoadedApk: Exception : java.lang.NullPointerException: Attempt to invoke virtual method 'boolean android.os.Looper.isPerfLogEnable()' on a null object reference
03-17 12:41:44.753 20332  9989 E LoadedApk: Exception : java.lang.NullPointerException: Attempt to invoke virtual method 'boolean android.os.Looper.isPerfLogEnable()' on a null object reference
03-17 12:41:45.871 21098 18552 E LoadedApk: Exception : java.lang.NullPointerException: Attempt to invoke virtual method 'boolean android.os.Looper.isPerfLogEnable()' on a null object reference
03-17 12:41:45.876 20332 20965 E LoadedApk: Exception : java.lang.NullPointerException: Attempt to invoke virtual method 'boolean android.os.Looper.isPerfLogEnable()' on a null object reference
03-17 12:41:45.877 20332 20965 E LoadedApk: Exception : java.lang.NullPointerException: Attempt to invoke virtual method 'boolean android.os.Looper.isPerfLogEnable()' on a null object reference
03-17 12:41:47.195 21098 18552 E LoadedApk: Exception : java.lang.NullPointerException: Attempt to invoke virtual method 'boolean android.os.Looper.isPerfLogEnable()' on a null object reference
03-17 12:41:47.204 20332 20965 E LoadedApk: Exception : java.lang.NullPointerException: Attempt to invoke virtual method 'boolean android.os.Looper.isPerfLogEnable()' on a null object reference
03-17 12:41:47.208 20332 20965 E LoadedApk: Exception : java.lang.NullPointerException: Attempt to invoke virtual method 'boolean android.os.Looper.isPerfLogEnable()' on a null object reference
03-17 12:41:47.476 21098 18552 E LoadedApk: Exception : java.lang.NullPointerException: Attempt to invoke virtual method 'boolean android.os.Looper.isPerfLogEnable()' on a null object reference
03-17 12:41:47.478 20332 20965 E LoadedApk: Exception : java.lang.NullPointerException: Attempt to invoke virtual method 'boolean android.os.Looper.isPerfLogEnable()' on a null object reference
03-17 12:41:47.480 20332 20965 E LoadedApk: Exception : java.lang.NullPointerException: Attempt to invoke virtual method 'boolean android.os.Looper.isPerfLogEnable()' on a null object reference
03-17 12:41:48.511 21098 18552 E LoadedApk: Exception : java.lang.NullPointerException: Attempt to invoke virtual method 'boolean android.os.Looper.isPerfLogEnable()' on a null object reference
03-17 12:41:48.551 20332 20965 E LoadedApk: Exception : java.lang.NullPointerException: Attempt to invoke virtual method 'boolean android.os.Looper.isPerfLogEnable()' on a null object reference
03-17 12:41:48.555 20332 20965 E LoadedApk: Exception : java.lang.NullPointerException: Attempt to invoke virtual method 'boolean android.os.Looper.isPerfLogEnable()' on a null object reference
03-17 12:41:49.390 21098  7107 E LoadedApk: Exception : java.lang.NullPointerException: Attempt to invoke virtual method 'boolean android.os.Looper.isPerfLogEnable()' on a null object reference
03-17 12:41:49.394 20332 20965 E LoadedApk: Exception : java.lang.NullPointerException: Attempt to invoke virtual method 'boolean android.os.Looper.isPerfLogEnable()' on a null object reference
03-17 12:41:49.396 20332 20965 E LoadedApk: Exception : java.lang.NullPointerException: Attempt to invoke virtual method 'boolean android.os.Looper.isPerfLogEnable()' on a null object reference
03-17 12:41:50.561 21098  7107 E LoadedApk: Exception : java.lang.NullPointerException: Attempt to invoke virtual method 'boolean android.os.Looper.isPerfLogEnable()' on a null object reference
03-17 12:41:50.569 20332 20965 E LoadedApk: Exception : java.lang.NullPointerException: Attempt to invoke virtual method 'boolean android.os.Looper.isPerfLogEnable()' on a null object reference
03-17 12:41:50.572 20332 20965 E LoadedApk: Exception : java.lang.NullPointerException: Attempt to invoke virtual method 'boolean android.os.Looper.isPerfLogEnable()' on a null object reference
03-17 12:41:51.213 21098  7107 E LoadedApk: Exception : java.lang.NullPointerException: Attempt to invoke virtual method 'boolean android.os.Looper.isPerfLogEnable()' on a null object reference
03-17 12:41:51.221 20332 20965 E LoadedApk: Exception : java.lang.NullPointerException: Attempt to invoke virtual method 'boolean android.os.Looper.isPerfLogEnable()' on a null object reference
03-17 12:41:51.223 20332 20965 E LoadedApk: Exception : java.lang.NullPointerException: Attempt to invoke virtual method 'boolean android.os.Looper.isPerfLogEnable()' on a null object reference
03-17 12:41:51.674 21098 18552 E LoadedApk: Exception : java.lang.NullPointerException: Attempt to invoke virtual method 'boolean android.os.Looper.isPerfLogEnable()' on a null object reference
03-17 12:41:51.676 20332 20965 E LoadedApk: Exception : java.lang.NullPointerException: Attempt to invoke virtual method 'boolean android.os.Looper.isPerfLogEnable()' on a null object reference
03-17 12:41:51.679 20332 20965 E LoadedApk: Exception : java.lang.NullPointerException: Attempt to invoke virtual method 'boolean android.os.Looper.isPerfLogEnable()' on a null object reference
03-17 12:41:52.283 21098 18552 E LoadedApk: Exception : java.lang.NullPointerException: Attempt to invoke virtual method 'boolean android.os.Looper.isPerfLogEnable()' on a null object reference
03-17 12:41:52.286 20332 20965 E LoadedApk: Exception : java.lang.NullPointerException: Attempt to invoke virtual method 'boolean android.os.Looper.isPerfLogEnable()' on a null object reference
03-17 12:41:52.292 20332 20965 E LoadedApk: Exception : java.lang.NullPointerException: Attempt to invoke virtual method 'boolean android.os.Looper.isPerfLogEnable()' on a null object reference
03-17 12:41:53.367 21098 18552 E LoadedApk: Exception : java.lang.NullPointerException: Attempt to invoke virtual method 'boolean android.os.Looper.isPerfLogEnable()' on a null object reference
03-17 12:41:53.373 20332 20965 E LoadedApk: Exception : java.lang.NullPointerException: Attempt to invoke virtual method 'boolean android.os.Looper.isPerfLogEnable()' on a null object reference
03-17 12:41:53.378 20332 20965 E LoadedApk: Exception : java.lang.NullPointerException: Attempt to invoke virtual method 'boolean android.os.Looper.isPerfLogEnable()' on a null object reference
03-17 12:42:01.465  1035  1250 D SGM:GameManager: identifyForegroundApp. com.example.recall_ai, mCurrentUserId: 0, callerUserId: 0
03-17 12:46:21.541  1035  1215 D SGM:FgCheckThread: handleLcdOn(). getPkgName: com.example.recall_ai, getUserId: 0
03-17 12:46:22.252 21098 23075 E LoadedApk: Exception : java.lang.NullPointerException: Attempt to invoke virtual method 'boolean android.os.Looper.isPerfLogEnable()' on a null object reference
03-17 12:46:22.343 21098 24710 E LoadedApk: Exception : java.lang.NullPointerException: Attempt to invoke virtual method 'boolean android.os.Looper.isPerfLogEnable()' on a null object reference
03-17 12:46:22.384 21098 18552 E LoadedApk: Exception : java.lang.NullPointerException: Attempt to invoke virtual method 'boolean android.os.Looper.isPerfLogEnable()' on a null object reference
03-17 12:46:23.430  3652  3771 I SDHMS:BatteryStatsDBProvider: query Exception : no such column: screen_doze_discharge (code 1 SQLITE_ERROR[1]): , while compiling: SELECT time, power, screen_on_time, screen_off_time, screen_on_discharge, screen_off_discharge, screen_doze_discharge FROM [all]
03-17 12:46:24.000  1035  3902 V WindowManager: Collecting in transition 4856: ActivityRecord{5676d25 u0 com.example.recall_ai/.MainActivity t4134}, caller=com.android.server.wm.TransitionController.collect:7 com.android.server.wm.ActivityRecord.setVisibility:189 com.android.server.wm.TaskFragment.resumeTopActivity:1718 com.android.server.wm.Task.resumeTopActivityInnerLocked:98 com.android.server.wm.Task.resumeTopActivityUncheckedLocked:23 
03-17 12:46:24.001  1035  3902 D WindowManager: prepareSync <SYNC_STATE_WAITING_FOR_DRAW>, mPrepareSyncSeqId=0, win=Window{7f73f3a u0 com.example.recall_ai/com.example.recall_ai.MainActivity}
03-17 12:46:24.003  1035  3902 V WindowManager: Setting visibility of Window{7f73f3a u0 com.example.recall_ai/com.example.recall_ai.MainActivity}: true, caller=com.android.server.wm.WindowContainer.sendAppVisibilityToClients:19 com.android.server.wm.WindowToken.setClientVisible:49 com.android.server.wm.ActivityRecord.setVisibility:392 com.android.server.wm.TaskFragment.resumeTopActivity:1718 com.android.server.wm.Task.resumeTopActivityInnerLocked:98 
03-17 12:46:24.010  1035  3902 D ActivityTaskManager: scheduleTopResumedActivityChanged, onTop=true, r=ActivityRecord{5676d25 u0 com.example.recall_ai/.MainActivity t4134}, caller=com.android.server.wm.ActivityTaskSupervisor.updateTopResumedActivityIfNeeded:62 com.android.server.wm.TaskFragment.setResumedActivity:29 com.android.server.wm.ActivityRecord.setState:104 com.android.server.wm.TaskFragment.resumeTopActivity:1800 com.android.server.wm.Task.resumeTopActivityInnerLocked:98 com.android.server.wm.Task.resumeTopActivityUncheckedLocked:23 
03-17 12:46:24.013  1035  3902 D WindowManager: rotationForOrientation, orientationSource=ActivityRecord{5676d25 u0 com.example.recall_ai/.MainActivity t4134}
03-17 12:46:24.020  1035  3902 D WindowManagerServiceExt: updateTaskbarTargetIfNeeded: cn=ComponentInfo{com.example.recall_ai/com.example.recall_ai.MainActivity} occludesParent=true isInSplitScreenMode=false styleFloating=false
03-17 12:46:24.028  1035  3902 V WindowManager: Add starting ActivityRecord{5676d25 u0 com.example.recall_ai/.MainActivity t4134}: startingData=SplashScreenStartingData{e03a14c waitForSyncTransactionCommit=false removeAfterTransaction= 0}
03-17 12:46:24.066  1035  3902 V WindowManager: Added starting ActivityRecord{5676d25 u0 com.example.recall_ai/.MainActivity t4134}: startingWindow=null startingView=com.android.server.wm.StartingSurfaceController$StartingSurface@5dbd3b9
03-17 12:46:24.084  1035  1059 D BLASTSyncEngine: SyncGroup 4856:  Unfinished container: ActivityRecord{5676d25 u0 com.example.recall_ai/.MainActivity t4134} mSyncState=2
03-17 12:46:24.090  1035  1058 D SGM:FgCheckThread: noteResumeComponent(), received pkgName: com.example.recall_ai, userId: 0
03-17 12:46:24.090  3652  6319 I SDHMS:l : handleResumeComponent : put = com.example.recall_ai, userid = 0 instanceid =164271436
03-17 12:46:24.090  1035  1215 D SGM:FgCheckThread: onLooperPrepared(), msg: MSG_APP_RESUME, pkgName: com.example.recall_ai, userid: 0
03-17 12:46:24.136  1035  4037 D WindowManager: prepareSync <SYNC_STATE_WAITING_FOR_DRAW>, mPrepareSyncSeqId=0, win=Window{3b8e636 u0 Splash Screen com.example.recall_ai}
03-17 12:46:24.141  1035  4037 V WindowManager: addWindow: ActivityRecord{5676d25 u0 com.example.recall_ai/.MainActivity t4134} startingWindow=Window{3b8e636 u0 Splash Screen com.example.recall_ai}
03-17 12:46:24.157  1035  3358 D CoreBackPreview: Window{3b8e636 u0 Splash Screen com.example.recall_ai}: Setting back callback OnBackInvokedCallbackInfo{mCallback=android.window.IOnBackInvokedCallback$Stub$Proxy@f1b6409, mPriority=0, mIsAnimationCallback=false}
03-17 12:46:24.159  1035  4037 D WindowManager: makeSurface duration=1 name=Splash Screen com.example.recall_ai$_1522
03-17 12:46:24.160  1035  4037 D BLASTSyncEngine: SyncGroup 4856:  Unfinished container: ActivityRecord{5676d25 u0 com.example.recall_ai/.MainActivity t4134} mSyncState=2
03-17 12:46:24.177  1035  3902 D WindowManager: finishDrawingWindow: Window{3b8e636 u0 Splash Screen com.example.recall_ai} mDrawState=DRAW_PENDING seqId=0
03-17 12:46:24.177  1035  3902 V WindowManager: Finishing drawing window Window{3b8e636 u0 Splash Screen com.example.recall_ai}: mDrawState=DRAW_PENDING
03-17 12:46:24.177  1035  3902 V WindowManager: Draw state now committed in Window{3b8e636 u0 Splash Screen com.example.recall_ai}
03-17 12:46:24.181  1035  1059 V WindowManager: performShowLocked: mDrawState=HAS_DRAWN in Window{3b8e636 u0 Splash Screen com.example.recall_ai}
03-17 12:46:24.181  1035  1059 V WindowManager: Start calculating TransitionInfo based on participants: {ActivityRecord{5676d25 u0 com.example.recall_ai/.MainActivity t4134}}
03-17 12:46:24.189  1035  1059 V WindowManager:   Final targets: [Task{c5d517f #4134 type=standard A=10299:com.example.recall_ai}, DefaultTaskDisplayArea_d0@52607773]
03-17 12:46:24.214  1035  1059 V WindowManager:         {WCT{RemoteToken{508115f Task{c5d517f #4134 type=standard A=10299:com.example.recall_ai}}} m=TO_FRONT f=NONE p=WCT{RemoteToken{34a6c13 DefaultTaskDisplayArea_d0@52607773}} leash=Surface(name=Task=4134)/@0xaf3a5c3 sb=Rect(0, 0 - 1080, 2408) eb=Rect(0, 0 - 1080, 2408) d=0 taskParent=-1 inset=Rect(0, 65 - 0, 135)},
03-17 12:46:24.238  1035  1059 D InsetsSourceProvider: updateFakeControlTarget: fakeControl=InsetsSourceControl: {64a70001 mType=navigationBars mSurfacePosition=Point(0, 0) mInsetsHint=Insets{left=0, top=0, right=0, bottom=0}}, fakeTarget=Window{3b8e636 u0 Splash Screen com.example.recall_ai}
03-17 12:46:24.238  1035  1059 D InsetsSourceProvider: updateFakeControlTarget: fakeControl=InsetsSourceControl: {580a0000 mType=statusBars mSurfacePosition=Point(0, 0) mInsetsHint=Insets{left=0, top=0, right=0, bottom=0}}, fakeTarget=Window{3b8e636 u0 Splash Screen com.example.recall_ai}
03-17 12:46:24.240  1035  1055 V WindowManager:         {WCT{RemoteToken{508115f Task{c5d517f #4134 type=standard A=10299:com.example.recall_ai}}} m=TO_FRONT f=NONE p=WCT{RemoteToken{34a6c13 DefaultTaskDisplayArea_d0@52607773}} leash=Surface(name=Task=4134)/@0xaf3a5c3 sb=Rect(0, 0 - 1080, 2408) eb=Rect(0, 0 - 1080, 2408) d=0 taskParent=-1 inset=Rect(0, 65 - 0, 135)},
03-17 12:46:24.243  1035  1059 D WindowManager: updateSystemBarAttributes: displayId=0, focusedCanBeNavColorWin=false, win=Window{3eed4bf u0 NotificationShade}, navColorWin=Window{3b8e636 u0 Splash Screen com.example.recall_ai}, caller=com.android.server.wm.DisplayPolicy.finishPostLayoutPolicyLw:17 com.android.server.wm.RootWindowContainer.applySurfaceChangesTransaction$1:194 com.android.server.wm.RootWindowContainer.performSurfacePlacementNoTrace:59 
03-17 12:46:24.358  1035  1035 D MdnieScenarioControlService:  packageName : com.example.recall_ai    className : com.example.recall_ai.MainActivity
03-17 12:46:24.361  1035  1215 D SGM:FgCheckThread:   handleUserPresent(). resume signal is needed for com.example.recall_ai
03-17 12:46:24.415  1035  3719 D WindowManager: makeSurface duration=1 name=com.example.recall_ai/com.example.recall_ai.MainActivity$_18550
03-17 12:46:24.976  1035  4170 D SGM:GameManager: identifyGamePackage. com.example.recall_ai, mCurrentUserId: 0, callerUserId: 0, callingMethodInfo: com.samsung.android.game.IGameManagerService$Stub.onTransact(IGameManagerService.java:228)
03-17 12:46:25.344  1035  3719 D WindowManager: finishDrawingWindow: Window{7f73f3a u0 com.example.recall_ai/com.example.recall_ai.MainActivity} mDrawState=DRAW_PENDING seqId=0
03-17 12:46:25.350  1035  4170 V WindowManager: Finish starting ActivityRecord{5676d25 u0 com.example.recall_ai/.MainActivity t4134}: first real window is shown, no animation
03-17 12:46:25.356  1035  4170 V WindowManager: Schedule remove starting ActivityRecord{5676d25 u0 com.example.recall_ai/.MainActivity t4134} startingWindow=Window{3b8e636 u0 Splash Screen com.example.recall_ai} animate=true Callers=com.android.server.wm.ActivityRecord.removeStartingWindow:150 com.android.server.wm.WindowState.performShowLocked:147 com.android.server.wm.WindowStateAnimator.commitFinishDrawingLocked:59 com.android.server.wm.DisplayContent$$ExternalSyntheticLambda1.accept$com$android$server$wm$DisplayContent$$ExternalSyntheticLambda40:22 com.android.server.wm.DisplayContent$$ExternalSyntheticLambda1.accept:258 
03-17 12:46:25.357  1035  4170 D TaskOrganizerController: applyStartingWindowAnimation, window=Window{7f73f3a u0 com.example.recall_ai/com.example.recall_ai.MainActivity}, caller=com.android.server.wm.TaskOrganizerController.removeStartingWindow:131 com.android.server.wm.StartingSurfaceController$StartingSurface.remove:23 com.android.server.wm.ActivityRecord.removeStartingWindowAnimation:181 
03-17 12:46:25.359  1035  4170 I WindowManager: Reparenting to leash, surface=Surface(name=7f73f3a com.example.recall_ai/com.example.recall_ai.MainActivity)/@0x66422d1, syncState=0, syncCommitDepth=0, leashParent=Surface(name=ActivityRecord{5676d25 u0 com.example.recall_ai/.MainActivity t4134})/@0x9e4b136
03-17 12:46:25.360  1035  4170 D WindowManager: makeSurface duration=1 leash=Surface(name=Surface(name=7f73f3a com.example.recall_ai/com.example.recall_ai.MainActivity)/@0x66422d1 - animation-leash of starting_reveal)/@0xa221837
03-17 12:46:25.362  1035  4170 V WindowManager: performShowLocked: mDrawState=HAS_DRAWN in Window{7f73f3a u0 com.example.recall_ai/com.example.recall_ai.MainActivity}
03-17 12:46:25.461  1035  4170 D WindowManager: updateSystemBarAttributes: displayId=0, focusedCanBeNavColorWin=false, win=Window{3eed4bf u0 NotificationShade}, navColorWin=Window{7f73f3a u0 com.example.recall_ai/com.example.recall_ai.MainActivity}, caller=com.android.server.wm.DisplayPolicy.finishPostLayoutPolicyLw:17 com.android.server.wm.RootWindowContainer.applySurfaceChangesTransaction$1:194 com.android.server.wm.RootWindowContainer.performSurfacePlacementNoTrace:59 
03-17 12:46:25.476  1035  4030 D CoreBackPreview: Window{3b8e636 u0 Splash Screen com.example.recall_ai}: Setting back callback null
03-17 12:46:25.485  1035  4030 D WindowManager: Changing focus from Window{3eed4bf u0 NotificationShade} to Window{7f73f3a u0 com.example.recall_ai/com.example.recall_ai.MainActivity} displayId=0 Callers=com.android.server.wm.WindowManagerService.relayoutWindowInner:142 com.android.server.wm.WindowManagerService.relayoutWindow:6 com.android.server.wm.Session.relayout:27 com.android.server.wm.Session.relayoutAsync:26 
03-17 12:46:25.494  1035  4030 D InsetsSourceProvider: updateControlForTarget: control=InsetsSourceControl: {64a70001 mType=navigationBars initiallyVisible mSurfacePosition=Point(0, 2273) mInsetsHint=Insets{left=0, top=0, right=0, bottom=135}}, target=Window{7f73f3a u0 com.example.recall_ai/com.example.recall_ai.MainActivity}, from=com.android.server.wm.InsetsStateController.onControlTargetChanged:81 com.android.server.wm.InsetsPolicy.updateBarControlTarget:176 com.android.server.wm.DisplayPolicy.updateSystemBarAttributes:281 com.android.server.wm.WindowManagerService.updateFocusedWindowLocked:375 com.android.server.wm.WindowManagerService.relayoutWindowInner:142 
03-17 12:46:25.507  1035  4030 D InsetsSourceProvider: updateControlForTarget: control=InsetsSourceControl: {580a0000 mType=statusBars initiallyVisible mSurfacePosition=Point(0, 0) mInsetsHint=Insets{left=0, top=65, right=0, bottom=0}}, target=Window{7f73f3a u0 com.example.recall_ai/com.example.recall_ai.MainActivity}, from=com.android.server.wm.InsetsStateController.onControlTargetChanged:81 com.android.server.wm.InsetsPolicy.updateBarControlTarget:163 com.android.server.wm.DisplayPolicy.updateSystemBarAttributes:281 com.android.server.wm.WindowManagerService.updateFocusedWindowLocked:375 com.android.server.wm.WindowManagerService.relayoutWindowInner:142 
03-17 12:46:25.513  1035  4030 D WindowManager: updateSystemBarAttributes: displayId=0, focusedCanBeNavColorWin=false, win=Window{7f73f3a u0 com.example.recall_ai/com.example.recall_ai.MainActivity}, navColorWin=Window{7f73f3a u0 com.example.recall_ai/com.example.recall_ai.MainActivity}, caller=com.android.server.wm.WindowManagerService.updateFocusedWindowLocked:375 com.android.server.wm.WindowManagerService.relayoutWindowInner:142 com.android.server.wm.WindowManagerService.relayoutWindow:6 
03-17 12:46:25.514  1035  4030 V SystemKeyManager: updateFocusedWindow() is called, com.example.recall_ai/com.example.recall_ai.MainActivity
03-17 12:46:25.519  1035  1250 D WindowManager: Starting window removed Window{3b8e636 u0 Splash Screen com.example.recall_ai}
03-17 12:46:25.520  1035  1250 I WindowManager: Cancelling animation restarting=false, leash=Surface(name=Surface(name=7f73f3a com.example.recall_ai/com.example.recall_ai.MainActivity)/@0x66422d1 - animation-leash of starting_reveal)/@0xa221837
03-17 12:46:25.520  1035  1250 I WindowManager: Reparenting to original parent: Surface(name=ActivityRecord{5676d25 u0 com.example.recall_ai/.MainActivity t4134})/@0x9e4b136, destroy=false, syncState=0, syncCommitDepth=0, surface=Surface(name=7f73f3a com.example.recall_ai/com.example.recall_ai.MainActivity)/@0x66422d1
03-17 12:46:25.521  1035  1250 V WindowManager: Remove Window{3b8e636 u0 Splash Screen com.example.recall_ai}: mSurfaceController=Surface(name=Splash Screen com.example.recall_ai$_1522)/@0x3f31528 mAnimatingExit=false mRemoveOnExit=false mHasSurface=true surfaceShowing=false animating=false app-animation=false mDisplayFrozen=false callers=com.android.server.wm.Session.remove:16 android.view.IWindowSession$Stub.onTransact:794 com.android.server.wm.Session.onTransact:1 android.os.Binder.execTransactInternal:1541 android.os.Binder.execTransact:1480 <bottom of call stack> 
03-17 12:46:25.541  1035  1250 I WindowManager: Destroying surface Surface(name=Splash Screen com.example.recall_ai$_1522)/@0x3f31528 called by com.android.server.wm.WindowStateAnimator.destroySurface:11 com.android.server.wm.WindowStateAnimator.destroySurfaceLocked:54 com.android.server.wm.WindowState.removeImmediately:43 com.android.server.wm.WindowState.removeIfPossible:635 com.android.server.wm.Session.remove:16 android.view.IWindowSession$Stub.onTransact:794 com.android.server.wm.Session.onTransact:1 android.os.Binder.execTransactInternal:1541 
03-17 12:46:25.557  1035  1250 D WindowManager: updateSystemBarAttributes: displayId=0, focusedCanBeNavColorWin=false, win=Window{7f73f3a u0 com.example.recall_ai/com.example.recall_ai.MainActivity}, navColorWin=Window{7f73f3a u0 com.example.recall_ai/com.example.recall_ai.MainActivity}, caller=com.android.server.wm.DisplayPolicy.finishPostLayoutPolicyLw:17 com.android.server.wm.RootWindowContainer.applySurfaceChangesTransaction$1:194 com.android.server.wm.RootWindowContainer.performSurfacePlacementNoTrace:59 
03-17 12:46:25.823  1035  1994 D InsetsSourceProvider: updateControlForTarget: control=InsetsSourceControl: {3 mType=ime mSurfacePosition=Point(0, 65) mInsetsHint=Insets{left=0, top=0, right=0, bottom=1008}}, target=Window{7f73f3a u0 com.example.recall_ai/com.example.recall_ai.MainActivity}, from=com.android.server.wm.ImeInsetsSourceProvider.updateControlForTarget:17 com.android.server.wm.InsetsStateController.onControlTargetChanged:81 com.android.server.wm.DisplayContent.updateImeControlTarget:21 com.android.server.wm.DisplayContent.updateImeInputAndControlTarget:81 com.android.server.wm.WindowManagerService$LocalService.updateInputMethodTargetWindow:21 
03-17 12:46:27.805  1035  1035 D SGM:GameManager: identifyGamePackage. com.example.recall_ai, mCurrentUserId: 0, callerUserId: 0, callingMethodInfo: com.android.server.ssrm.fgapps.GameAppUtils.isGame(GameAppUtils.java:103)
03-17 12:46:31.850  1035  4170 I ActivityManager: Background started FGS: Allowed [callingPackage: com.example.recall_ai; callingUid: 10299; uidState: TOP ; uidBFSL: [BFSL]; intent: Intent { act=com.example.recall_ai.RECORDING_START cmp=com.example.recall_ai/.service.RecordingService (has extras) }; code:PROC_STATE_TOP; tempAllowListReason:<null>; targetSdkVersion:36; callerTargetSdkVersion:36; startForegroundCount:0; bindFromPackage:null: isBindService:false]
03-17 12:46:32.010  1035  4170 I AppsFilter: interaction: PackageSetting{986e995 com.example.recall_ai/10299} -> PackageSetting{414cb50 com.google.android.as/10213} BLOCKED
03-17 12:46:32.203  1035  1035 D NotificationReminder: addNotificationRecord record com.example.recall_ai
03-17 12:46:32.867  1035  1065 D SensorPrivacyService: onOpNoted  com.example.recall_ai  code=27  uid=10299
03-17 12:46:32.917 18550 18594 I NotificationManager: com.example.recall_ai: notify(1001, null, Notification(channel=recall_recording shortcut=null contentView=null vibrate=null sound=null defaults=0 flags=ONGOING_EVENT|ONLY_ALERT_ONCE color=0x00000000 actions=2 vis=PUBLIC semFlags=0x0 semPriority=0 semMissedCount=0)) as user
03-17 12:46:32.919 18550 18594 D NotificationManager: BOOTING pkg =com.example.recall_ai mBlockedChannelsForOverflowNoti=[]
03-17 12:46:33.043   453   453 D io_stats: !@ Read_top(KB): ch_zygote(23516) 47296 earchbox:search(23188) 12112 ample.recall_ai(18550) 3656
03-17 12:46:33.444  1035  1987 D InsetsSourceProvider: updateFakeControlTarget: fakeControl=InsetsSourceControl: {580a0000 mType=statusBars mSurfacePosition=Point(0, 0) mInsetsHint=Insets{left=0, top=0, right=0, bottom=0}}, fakeTarget=Window{7f73f3a u0 com.example.recall_ai/com.example.recall_ai.MainActivity}
03-17 12:46:33.894 18550 18594 I NotificationManager: com.example.recall_ai: notify(1001, null, Notification(channel=recall_recording shortcut=null contentView=null vibrate=null sound=null defaults=0 flags=ONGOING_EVENT|ONLY_ALERT_ONCE color=0x00000000 actions=2 vis=PUBLIC semFlags=0x0 semPriority=0 semMissedCount=0)) as user
03-17 12:46:34.891 18550 18594 I NotificationManager: com.example.recall_ai: notify(1001, null, Notification(channel=recall_recording shortcut=null contentView=null vibrate=null sound=null defaults=0 flags=ONGOING_EVENT|ONLY_ALERT_ONCE color=0x00000000 actions=2 vis=PUBLIC semFlags=0x0 semPriority=0 semMissedCount=0)) as user
03-17 12:46:35.795  1035  1130 I AppsFilter: interaction: PackageSetting{986e995 com.example.recall_ai/10299} -> PackageSetting{414cb50 com.google.android.as/10213} BLOCKED
03-17 12:46:35.896 18550 18594 I NotificationManager: com.example.recall_ai: notify(1001, null, Notification(channel=recall_recording shortcut=null contentView=null vibrate=null sound=null defaults=0 flags=ONGOING_EVENT|ONLY_ALERT_ONCE color=0x00000000 actions=2 vis=PUBLIC semFlags=0x0 semPriority=0 semMissedCount=0)) as user
03-17 12:46:35.947  1035  3914 D InsetsSourceProvider: updateControlForTarget: control=InsetsSourceControl: {580a0000 mType=statusBars initiallyVisible mSurfacePosition=Point(0, 0) mInsetsHint=Insets{left=0, top=65, right=0, bottom=0}}, target=Window{7f73f3a u0 com.example.recall_ai/com.example.recall_ai.MainActivity}, from=com.android.server.wm.InsetsStateController.onControlTargetChanged:81 com.android.server.wm.InsetsPolicy.updateBarControlTarget:163 com.android.server.wm.DisplayPolicy.updateSystemBarAttributes:281 com.android.server.wm.DisplayPolicy.finishPostLayoutPolicyLw:17 com.android.server.wm.RootWindowContainer.applySurfaceChangesTransaction$1:194 
03-17 12:46:36.891 18550 18594 I NotificationManager: com.example.recall_ai: notify(1001, null, Notification(channel=recall_recording shortcut=null contentView=null vibrate=null sound=null defaults=0 flags=ONGOING_EVENT|ONLY_ALERT_ONCE color=0x00000000 actions=2 vis=PUBLIC semFlags=0x0 semPriority=0 semMissedCount=0)) as user
03-17 12:46:37.343  1035  4030 I AppsFilter: interaction: PackageSetting{986e995 com.example.recall_ai/10299} -> PackageSetting{414cb50 com.google.android.as/10213} BLOCKED
03-17 12:46:37.450  1035  1065 D SensorPrivacyService: onOpNoted  com.example.recall_ai  code=27  uid=10299
03-17 12:46:37.891 18550 18594 I NotificationManager: com.example.recall_ai: notify(1001, null, Notification(channel=recall_recording shortcut=null contentView=null vibrate=null sound=null defaults=0 flags=ONGOING_EVENT|ONLY_ALERT_ONCE color=0x00000000 actions=2 vis=PUBLIC semFlags=0x0 semPriority=0 semMissedCount=0)) as user
03-17 12:46:38.891 18550 18594 I NotificationManager: com.example.recall_ai: notify(1001, null, Notification(channel=recall_recording shortcut=null contentView=null vibrate=null sound=null defaults=0 flags=ONGOING_EVENT|ONLY_ALERT_ONCE color=0x00000000 actions=2 vis=PUBLIC semFlags=0x0 semPriority=0 semMissedCount=0)) as user
03-17 12:46:39.903 18550 18594 I NotificationManager: com.example.recall_ai: notify(1001, null, Notification(channel=recall_recording shortcut=null contentView=null vibrate=null sound=null defaults=0 flags=ONGOING_EVENT|ONLY_ALERT_ONCE color=0x00000000 actions=2 vis=PUBLIC semFlags=0x0 semPriority=0 semMissedCount=0)) as user
03-17 12:46:40.898 18550 18594 I NotificationManager: com.example.recall_ai: notify(1001, null, Notification(channel=recall_recording shortcut=null contentView=null vibrate=null sound=null defaults=0 flags=ONGOING_EVENT|ONLY_ALERT_ONCE color=0x00000000 actions=2 vis=PUBLIC semFlags=0x0 semPriority=0 semMissedCount=0)) as user
03-17 12:46:41.116  1522  1522 D Bubbles : onEntryUpdated : shouldBubbleUp=false ,key=0|com.example.recall_ai|1001|null|10299
03-17 12:46:41.118  1522  1522 D InterruptionStateProvider:  no Heads up : edgelighting enabled app. 0|com.example.recall_ai|1001|null|10299
03-17 12:46:41.118  1522  1522 D InterruptionStateProvider:  no Heads up : edgelighting enabled app. 0|com.example.recall_ai|1001|null|10299
03-17 12:46:41.124  2197  4964 I HoneySpace.NotificationListener: onNotificationPosted com.example.recall_ai: 0|com.example.recall_ai|1001|null|10299: 0
03-17 12:46:41.124  2197  4964 I HoneySpace.NotificationListener: invalid notification: com.example.recall_ai UserHandle{0}: canShowBadge is false
03-17 12:46:41.131  2197 16973 I HoneySpace.PackageEventOperator: [ApplistViewModel] badge count is updated. com.example.recall_ai/.MainActivity#UserHandle{0}|69266 : 0
03-17 12:46:41.145  1522  1522 I AppIconSolution: return adaptive icon for com.example.recall_ai, isNight = true
03-17 12:46:41.167  1522  1522 I AppIconSolution: return adaptive icon for com.example.recall_ai, isNight = true
03-17 12:46:41.895 18550 18594 I NotificationManager: com.example.recall_ai: notify(1001, null, Notification(channel=recall_recording shortcut=null contentView=null vibrate=null sound=null defaults=0 flags=ONGOING_EVENT|ONLY_ALERT_ONCE color=0x00000000 actions=2 vis=PUBLIC semFlags=0x0 semPriority=0 semMissedCount=0)) as user
03-17 12:46:42.116  1522  1522 D Bubbles : onEntryUpdated : shouldBubbleUp=false ,key=0|com.example.recall_ai|1001|null|10299
03-17 12:46:42.117  1522  1522 D InterruptionStateProvider:  no Heads up : edgelighting enabled app. 0|com.example.recall_ai|1001|null|10299
03-17 12:46:42.117  1522  1522 D InterruptionStateProvider:  no Heads up : edgelighting enabled app. 0|com.example.recall_ai|1001|null|10299
03-17 12:46:42.121  2197  4964 I HoneySpace.NotificationListener: onNotificationPosted com.example.recall_ai: 0|com.example.recall_ai|1001|null|10299: 0
03-17 12:46:42.121  2197  4964 I HoneySpace.NotificationListener: invalid notification: com.example.recall_ai UserHandle{0}: canShowBadge is false
03-17 12:46:42.122  2197 14036 I HoneySpace.PackageEventOperator: [ApplistViewModel] badge count is updated. com.example.recall_ai/.MainActivity#UserHandle{0}|69266 : 0
03-17 12:46:42.143  1522  1522 I AppIconSolution: return adaptive icon for com.example.recall_ai, isNight = true
03-17 12:46:42.161  1522  1522 I AppIconSolution: return adaptive icon for com.example.recall_ai, isNight = true
03-17 12:46:42.897 18550 18594 I NotificationManager: com.example.recall_ai: notify(1001, null, Notification(channel=recall_recording shortcut=null contentView=null vibrate=null sound=null defaults=0 flags=ONGOING_EVENT|ONLY_ALERT_ONCE color=0x00000000 actions=2 vis=PUBLIC semFlags=0x0 semPriority=0 semMissedCount=0)) as user
03-17 12:46:43.114  1522  1522 D Bubbles : onEntryUpdated : shouldBubbleUp=false ,key=0|com.example.recall_ai|1001|null|10299
03-17 12:46:43.115  1522  1522 D InterruptionStateProvider:  no Heads up : edgelighting enabled app. 0|com.example.recall_ai|1001|null|10299
03-17 12:46:43.115  1522  1522 D InterruptionStateProvider:  no Heads up : edgelighting enabled app. 0|com.example.recall_ai|1001|null|10299
03-17 12:46:43.117  2197  4964 I HoneySpace.NotificationListener: onNotificationPosted com.example.recall_ai: 0|com.example.recall_ai|1001|null|10299: 0
03-17 12:46:43.117  2197  4964 I HoneySpace.NotificationListener: invalid notification: com.example.recall_ai UserHandle{0}: canShowBadge is false
03-17 12:46:43.118  2197 14036 I HoneySpace.PackageEventOperator: [ApplistViewModel] badge count is updated. com.example.recall_ai/.MainActivity#UserHandle{0}|69266 : 0
03-17 12:46:43.153  1522  1522 I AppIconSolution: return adaptive icon for com.example.recall_ai, isNight = true
03-17 12:46:43.168  1522  1522 I AppIconSolution: return adaptive icon for com.example.recall_ai, isNight = true
03-17 12:46:43.894 18550 18594 I NotificationManager: com.example.recall_ai: notify(1001, null, Notification(channel=recall_recording shortcut=null contentView=null vibrate=null sound=null defaults=0 flags=ONGOING_EVENT|ONLY_ALERT_ONCE color=0x00000000 actions=2 vis=PUBLIC semFlags=0x0 semPriority=0 semMissedCount=0)) as user
03-17 12:46:44.114  1522  1522 D Bubbles : onEntryUpdated : shouldBubbleUp=false ,key=0|com.example.recall_ai|1001|null|10299
03-17 12:46:44.115  1522  1522 D InterruptionStateProvider:  no Heads up : edgelighting enabled app. 0|com.example.recall_ai|1001|null|10299
03-17 12:46:44.115  1522  1522 D InterruptionStateProvider:  no Heads up : edgelighting enabled app. 0|com.example.recall_ai|1001|null|10299
03-17 12:46:44.116  2197  4964 I HoneySpace.NotificationListener: onNotificationPosted com.example.recall_ai: 0|com.example.recall_ai|1001|null|10299: 0
03-17 12:46:44.117  2197  4964 I HoneySpace.NotificationListener: invalid notification: com.example.recall_ai UserHandle{0}: canShowBadge is false
03-17 12:46:44.117  2197  7719 I HoneySpace.PackageEventOperator: [ApplistViewModel] badge count is updated. com.example.recall_ai/.MainActivity#UserHandle{0}|69266 : 0
03-17 12:46:44.145  1522  1522 I AppIconSolution: return adaptive icon for com.example.recall_ai, isNight = true
03-17 12:46:44.171  1522  1522 I AppIconSolution: return adaptive icon for com.example.recall_ai, isNight = true
03-17 12:46:44.895 18550 18594 I NotificationManager: com.example.recall_ai: notify(1001, null, Notification(channel=recall_recording shortcut=null contentView=null vibrate=null sound=null defaults=0 flags=ONGOING_EVENT|ONLY_ALERT_ONCE color=0x00000000 actions=2 vis=PUBLIC semFlags=0x0 semPriority=0 semMissedCount=0)) as user
03-17 12:46:44.919  2431  2441 W id.ext.services: ApkAssets: Deleting an ApkAssets object '<empty> and /data/app/~~VheGySXPOzAgeN7QNl1icQ==/com.example.recall_ai-me5dlb4gfNDXNPG9nE-2Lw==/base.apk' with 1 weak references
03-17 12:46:45.085 18550 18550 D AudioManager: dispatching onAudioFocusChange(1) to android.media.AudioManager@e313175com.example.recall_ai.service.RecordingService$$ExternalSyntheticLambda0@d81e50a
03-17 12:46:45.139  2197  4964 I HoneySpace.NotificationListener: onNotificationPosted com.example.recall_ai: 0|com.example.recall_ai|1001|null|10299: 0
03-17 12:46:45.139  2197  4964 I HoneySpace.NotificationListener: invalid notification: com.example.recall_ai UserHandle{0}: canShowBadge is false
03-17 12:46:45.140  2197  7719 I HoneySpace.PackageEventOperator: [ApplistViewModel] badge count is updated. com.example.recall_ai/.MainActivity#UserHandle{0}|69266 : 0
03-17 12:46:45.142  1522  1522 D Bubbles : onEntryUpdated : shouldBubbleUp=false ,key=0|com.example.recall_ai|1001|null|10299
03-17 12:46:45.143  1522  1522 D InterruptionStateProvider:  no Heads up : edgelighting enabled app. 0|com.example.recall_ai|1001|null|10299
03-17 12:46:45.143  1522  1522 D InterruptionStateProvider:  no Heads up : edgelighting enabled app. 0|com.example.recall_ai|1001|null|10299
