03-17 12:47:47.379  1522  1522 D InterruptionStateProvider:  no Heads up : edgelighting enabled app. 0|com.example.recall_ai|1001|null|10299
03-17 12:47:47.415  1522  1522 I AppIconSolution: return adaptive icon for com.example.recall_ai, isNight = true
03-17 12:47:47.432  1522  1522 I AppIconSolution: return adaptive icon for com.example.recall_ai, isNight = true
03-17 12:47:47.439  2197  2312 I HoneySpace.SALoggingUtils: SA Logging screenID: 500 eventId: 5101 detail: {PACKAGE=com.example.recall_ai, TYPE=Tap, NthTask=0} value: -1
03-17 12:47:47.459  1035  4163 V WindowManager: Collecting in transition 4861: Task{c3a798b #4135 type=standard A=10299:com.example.recall_ai}, caller=com.android.server.wm.TransitionController.collect:7 com.android.server.wm.ActivityTaskSupervisor.findTaskToMoveToFront:114 com.android.server.wm.ActivityTaskManagerService.moveTaskToFrontLocked:222 com.android.server.wm.ActivityTaskSupervisor.startActivityFromRecents:725 com.android.server.wm.ActivityTaskManagerService.startActivityFromRecents:31 
03-17 12:47:47.460  1035  4163 D WindowManager: prepareSync <SYNC_STATE_WAITING_FOR_DRAW>, mPrepareSyncSeqId=0, win=Window{c1ed74f u0 com.example.recall_ai/com.example.recall_ai.MainActivity}
03-17 12:47:47.460  1035  4163 I Pageboost: moveTaskToFront : 10299:com.example.recall_ai
03-17 12:47:47.463  1035  4163 V WindowManager: Add starting ActivityRecord{c8f335a u0 com.example.recall_ai/.MainActivity t4135}: startingData=SnapshotStartingData{cab245e waitForSyncTransactionCommit=false removeAfterTransaction= 0}
03-17 12:47:47.463  1035  4163 V WindowManager: Added starting ActivityRecord{c8f335a u0 com.example.recall_ai/.MainActivity t4135}: startingWindow=null startingView=com.android.server.wm.StartingSurfaceController$StartingSurface@8a7503f
03-17 12:47:47.469  1522  1883 V WindowManagerShell: Transition requested (#4861): android.os.BinderProxy@d4453b TransitionRequestInfo { type = TO_FRONT, triggerTask = TaskInfo{userId=0 taskId=4135 displayId=0 isRunning=true baseIntent=Intent { act=android.intent.action.MAIN cat=[android.intent.category.LAUNCHER] flg=0x10200000 cmp=com.example.recall_ai/.MainActivity } baseActivity=ComponentInfo{com.example.recall_ai/com.example.recall_ai.MainActivity} topActivity=ComponentInfo{com.example.recall_ai/com.example.recall_ai.MainActivity} origActivity=null realActivity=ComponentInfo{com.example.recall_ai/com.example.recall_ai.MainActivity} numActivities=1 lastActiveTime=1173117930 supportsMultiWindow=true resizeMode=1 isResizeable=true minWidth=-1 minHeight=-1 maxWidth=-1 maxHeight=-1 defaultMinSize=220 token=WCT{android.window.IWindowContainerToken$Stub$Proxy@e1ba458} topActivityType=1 pictureInPictureParams=null shouldDockBigOverlays=false launchIntoPipHostTaskId=-1 lastParentTaskIdBeforePip=-1 displayCutoutSafeInsets=Rect(0, 64 - 0, 0) topActivityInfo=ActivityInfo{1e7f9b1 com.example.recall_ai.MainActivity} launchCookies=[android.os.BinderProxy@99cfea2] positionInParent=Point(0, 0) parentTaskId=-1 isFocused=false isVisible=false isVisibleRequested=false isSleeping=false topActivityInSizeCompat=false locusId=null displayAreaFeatureId=1 isTopActivityTransparent=false isTopActivityStyleFloating=false appCompatTaskInfo=AppCompatTaskInfo { topActivityInSizeCompat=false eligibleForLetterboxEducation= false isLetterboxEducationEnabled= false isLetterboxDoubleTapEnabled= false eligibleForUserAspectRatioButton= false topActivityBoundsLetterboxed= false isFromLetterboxDoubleTap= false topActivityLetterboxVerticalPosition= -1 topActivityLetterboxHorizontalPosition= -1 topActivityLetterboxWidth=1080 topActivityLetterboxHeight=2408 topActivityLetterboxAppWidth=1080 topActivityLetterboxAppHeight=2408 isUserFullscreenOverrideEnabled=false isSystemFullscreenOverrideEnabled=false hasMinAspectRatioOverride=false cameraCompatTaskInfo=CameraCompatTaskInfo { freeformCameraCompatMode=inactive} topActivityBounds=null topActivityInDisplayCompat=false} originallySupportedMultiWindow=true hasWallpaper=false rootAffinity=10299:com.example.recall_ai isTopTaskInStage=false topActivityUiMode=33 CoverLauncherWidgetTask=false isAllowedSeamlessRotation=false isTopTransparentActivity=false snappingGuideBounds=null isAliasManaged=false hasConfigChanged=false isAiKeyRemoveAppTask=false}, pipTask = null, remoteTransition = RemoteTransition { remoteTransition = android.window.IRemoteTransition$Stub$Proxy@dbf6e96, appThread = android.app.IApplicationThread$Stub$Proxy@c37fa17, debugName = QuickstepLaunchflags =NONE }, displayChange = null, flags = 0, debugId = 4861 }
03-17 12:47:47.472  1035  1058 I ChimeraSystemEventListener: appLaunchIntent package name is: com.example.recall_ai
03-17 12:47:47.476  1035  1130 V WindowManager: addWindow: ActivityRecord{c8f335a u0 com.example.recall_ai/.MainActivity t4135} startingWindow=Window{c9fe655 u0 SnapshotStartingWindow for taskId=4135}
03-17 12:47:47.478  1522  1883 D WindowManagerShell: onActivityRestartAttempt: ComponentInfo{com.example.recall_ai/com.example.recall_ai.MainActivity}
03-17 12:47:47.485  1035  4163 V WindowManager: Collecting in transition 4861: ActivityRecord{c8f335a u0 com.example.recall_ai/.MainActivity t4135}, caller=com.android.server.wm.TransitionController.collect:7 com.android.server.wm.ActivityRecord.setVisibility:189 com.android.server.wm.TaskFragment.resumeTopActivity:1718 com.android.server.wm.Task.resumeTopActivityInnerLocked:98 com.android.server.wm.Task.resumeTopActivityUncheckedLocked:23 
03-17 12:47:47.486  1035  4163 V WindowManager: Setting visibility of Window{c1ed74f u0 com.example.recall_ai/com.example.recall_ai.MainActivity}: true, caller=com.android.server.wm.WindowContainer.sendAppVisibilityToClients:19 com.android.server.wm.WindowToken.setClientVisible:49 com.android.server.wm.ActivityRecord.setVisibility:392 com.android.server.wm.TaskFragment.resumeTopActivity:1718 com.android.server.wm.Task.resumeTopActivityInnerLocked:98 
03-17 12:47:47.487  1035  4163 D SGM:FgCheckThread:   sendRunningComponentFocus(), pkgName: com.example.recall_ai, userId: 0
03-17 12:47:47.487  1035  4163 D InputDispatcher: Focused application(0): ActivityRecord{c8f335a u0 com.example.recall_ai/.MainActivity t4135}
03-17 12:47:47.488  1035  1215 D SGM:FgCheckThread: onLooperPrepared(), msg: MSG_TASK_FOCUSED, pkgName: com.example.recall_ai, userId: 0
03-17 12:47:47.488  1035  1215 D SGM:FgCheckThread:   handleTaskFocused(), pkgName: com.example.recall_ai, userID:0
03-17 12:47:47.488  1035  1215 D SGM:FgCheckThread:   handleResume(). pkgName: com.example.recall_ai, userId: 0, category: non-game
03-17 12:47:47.488  1035  1215 D SGM:FgCheckThread: notifyFocusInOut(). of pkg: com.example.recall_ai, type: 4, isSecGameFamily: false, userId: 0
03-17 12:47:47.490   700   700 I SurfaceFlinger: [c9fe655 SnapshotStartingWindow for taskId=4135#62669] attach to parent LayerHierarchy{RequestedLayerState{ActivityRecord{c8f335a u0 com.example.recall_ai/.MainActivity t4135}#62616 parentId=62615} 3 children}
03-17 12:47:47.490  1035  4163 D ActivityTaskManager: scheduleTopResumedActivityChanged, onTop=true, r=ActivityRecord{c8f335a u0 com.example.recall_ai/.MainActivity t4135}, caller=com.android.server.wm.ActivityTaskSupervisor.updateTopResumedActivityIfNeeded:62 com.android.server.wm.TaskFragment.setResumedActivity:29 com.android.server.wm.ActivityRecord.setState:104 com.android.server.wm.TaskFragment.resumeTopActivity:1800 com.android.server.wm.Task.resumeTopActivityInnerLocked:98 com.android.server.wm.Task.resumeTopActivityUncheckedLocked:23 
03-17 12:47:47.493  1035  4163 D WindowManager: rotationForOrientation, orientationSource=ActivityRecord{c8f335a u0 com.example.recall_ai/.MainActivity t4135}
03-17 12:47:47.494  1035  4163 D WindowManagerServiceExt: updateTaskbarTargetIfNeeded: cn=ComponentInfo{com.example.recall_ai/com.example.recall_ai.MainActivity} occludesParent=true isInSplitScreenMode=false styleFloating=false
03-17 12:47:47.498 24079 24079 D VRI[MainActivity]@dc5d192: WindowStopped on com.example.recall_ai/com.example.recall_ai.MainActivity set to false
03-17 12:47:47.498  1035  4163 D BLASTSyncEngine: SyncGroup 4861:  Unfinished container: ActivityRecord{c8f335a u0 com.example.recall_ai/.MainActivity t4135} mSyncState=2
03-17 12:47:47.510  2197  2197 I HoneySpace.EdgePanel.EdgeContainerViewModel: cocktailHostRepository.edgePanelOperation NoteResumeComponent(componentName=ComponentInfo{com.example.recall_ai/com.example.recall_ai.MainActivity})
03-17 12:47:47.513  3652 30033 I SDHMS:l : handleResumeComponent : put = com.example.recall_ai, userid = 0 instanceid =40913512
03-17 12:47:47.514  2197 15750 I HoneySpace.EdgePanel.ActivityUtils: HomePackage : com.sec.android.app.launcher, resumePackageName : com.example.recall_ai
03-17 12:47:47.516  1035  1059 V WindowManager: Start calculating TransitionInfo based on participants: {WallpaperWindowToken{3ca7ffa token=android.os.Binder@4cc961c}_<system>, ActivityRecord{58a1294 u0 com.sec.android.app.launcher/com.android.quickstep.RecentsActivity t3378}, WallpaperWindowToken{b4f2b04 token=android.os.Binder@d144b17}_<lock>, Task{c3a798b #4135 type=standard A=10299:com.example.recall_ai}, ActivityRecord{c8f335a u0 com.example.recall_ai/.MainActivity t4135}}
03-17 12:47:47.517  1035  1059 V WindowManager:   Final targets: [Task{c3a798b #4135 type=standard A=10299:com.example.recall_ai}, Task{feb313d #3378 type=recents I=com.sec.android.app.launcher/com.android.quickstep.RecentsActivity}, WallpaperWindowToken{3ca7ffa token=android.os.Binder@4cc961c}_<system>]
03-17 12:47:47.520  1035  1059 I SurfaceControlRegistry: show, t=StartTransaction_SyncId<4861> sc=ActivityRecord{c8f335a u0 com.example.recall_ai/.MainActivity t4135}, caller=android.view.SurfaceControl$Transaction.show:3232 com.android.server.wm.Transition.onTransactionReady:2273 com.android.server.wm.BLASTSyncEngine$SyncGroup.finishNow:195 com.android.server.wm.BLASTSyncEngine.onSurfacePlacement:269 com.android.server.wm.RootWindowContainer.performSurfacePlacementNoTrace:459 com.android.server.wm.RootWindowContainer.performSurfacePlacement:9 
03-17 12:47:47.520  1035  1059 V WindowManager:         {WCT{RemoteToken{1d682ac Task{c3a798b #4135 type=standard A=10299:com.example.recall_ai}}} m=TO_FRONT f=MOVE_TO_TOP leash=Surface(name=Task=4135)/@0x5a478fe sb=Rect(0, 0 - 1080, 2408) eb=Rect(0, 0 - 1080, 2408) d=0 taskParent=-1 inset=Rect(0, 65 - 0, 135) dim=true},
03-17 12:47:47.523  1035  1059 D InsetsSourceProvider: updateControlForTarget: control=InsetsSourceControl: {64a70001 mType=navigationBars initiallyVisible mSurfacePosition=Point(0, 2273) mInsetsHint=Insets{left=0, top=0, right=0, bottom=135}}, target=Window{c1ed74f u0 com.example.recall_ai/com.example.recall_ai.MainActivity}, from=com.android.server.wm.InsetsStateController.onControlTargetChanged:81 com.android.server.wm.InsetsPolicy.updateBarControlTarget:176 com.android.server.wm.DisplayPolicy.updateSystemBarAttributes:281 com.android.server.wm.DisplayPolicy.finishPostLayoutPolicyLw:17 com.android.server.wm.RootWindowContainer.applySurfaceChangesTransaction$1:194 
03-17 12:47:47.524  1035  1059 D InsetsSourceProvider: updateControlForTarget: control=InsetsSourceControl: {580a0000 mType=statusBars initiallyVisible mSurfacePosition=Point(0, 0) mInsetsHint=Insets{left=0, top=65, right=0, bottom=0}}, target=Window{c1ed74f u0 com.example.recall_ai/com.example.recall_ai.MainActivity}, from=com.android.server.wm.InsetsStateController.onControlTargetChanged:81 com.android.server.wm.InsetsPolicy.updateBarControlTarget:163 com.android.server.wm.DisplayPolicy.updateSystemBarAttributes:281 com.android.server.wm.DisplayPolicy.finishPostLayoutPolicyLw:17 com.android.server.wm.RootWindowContainer.applySurfaceChangesTransaction$1:194 
03-17 12:47:47.524  1035  1059 D WindowManager: updateSystemBarAttributes: displayId=0, focusedCanBeNavColorWin=false, win=Window{c1ed74f u0 com.example.recall_ai/com.example.recall_ai.MainActivity}, navColorWin=Window{e7eec5c u0 com.sec.android.app.launcher/com.android.quickstep.RecentsActivity}, caller=com.android.server.wm.DisplayPolicy.finishPostLayoutPolicyLw:17 com.android.server.wm.RootWindowContainer.applySurfaceChangesTransaction$1:194 com.android.server.wm.RootWindowContainer.performSurfacePlacementNoTrace:59 
03-17 12:47:47.525  1035  1055 V WindowManager: Sent Transition (#4861) createdAt=03-17 12:47:47.458 via request=TransitionRequestInfo { type = TO_FRONT, triggerTask = TaskInfo{userId=0 taskId=4135 displayId=0 isRunning=true baseIntent=Intent { act=android.intent.action.MAIN cat=[android.intent.category.LAUNCHER] flg=0x10200000 cmp=com.example.recall_ai/.MainActivity } baseActivity=ComponentInfo{com.example.recall_ai/com.example.recall_ai.MainActivity} topActivity=ComponentInfo{com.example.recall_ai/com.example.recall_ai.MainActivity} origActivity=null realActivity=ComponentInfo{com.example.recall_ai/com.example.recall_ai.MainActivity} numActivities=1 lastActiveTime=1173117930 supportsMultiWindow=true resizeMode=1 isResizeable=true minWidth=-1 minHeight=-1 maxWidth=-1 maxHeight=-1 defaultMinSize=220 token=WCT{RemoteToken{1d682ac Task{c3a798b #4135 type=standard A=10299:com.example.recall_ai}}} topActivityType=1 pictureInPictureParams=null shouldDockBigOverlays=false launchIntoPipHostTaskId=-1 lastParentTaskIdBeforePip=-1 displayCutoutSafeInsets=Rect(0, 64 - 0, 0) topActivityInfo=ActivityInfo{12e3b75 com.example.recall_ai.MainActivity} launchCookies=[android.os.BinderProxy@84b270a] positionInParent=Point(0, 0) parentTaskId=-1 isFocused=false isVisible=false isVisibleRequested=false isSleeping=false topActivityInSizeCompat=false locusId=null displayAreaFeatureId=1 isTopActivityTransparent=false isTopActivityStyleFloating=false appCompatTaskInfo=AppCompatTaskInfo { topActivityInSizeCompat=false eligibleForLetterboxEducation= false isLetterboxEducationEnabled= false isLetterboxDoubleTapEnabled= false eligibleForUserAspectRatioButton= false topActivityBoundsLetterboxed= false isFromLetterboxDoubleTap= false topActivityLetterboxVerticalPosition= -1 topActivityLetterboxHorizontalPosition= -1 topActivityLetterboxWidth=1080 topActivityLetterboxHeight=2408 topActivityLetterboxAppWidth=1080 topActivityLetterboxAppHeight=2408 isUserFullscreenOverrideEnabled=false isSystemFullscreenOverrideEnabled=false hasMinAspectRatioOverride=false cameraCompatTaskInfo=CameraCompatTaskInfo { freeformCameraCompatMode=inactive} topActivityBounds=null topActivityInDisplayCompat=false} originallySupportedMultiWindow=true hasWallpaper=false rootAffinity=10299:com.example.recall_ai isTopTaskInStage=false topActivityUiMode=33 CoverLauncherWidgetTask=false isAllowedSeamlessRotation=false isTopTransparentActivity=false snappingGuideBounds=null isAliasManaged=false hasConfigChanged=false isAiKeyRemoveAppTask=false}, pipTask = null, remoteTransition = RemoteTransition { remoteTransition = android.window.IRemoteTransition$Stub$Proxy@c1371a4, appThread = android.app.IApplicationThread$Stub$Proxy@9bf8b0d, debugName = QuickstepLaunchflags =NONE }, displayChange = null, flags = 0, debugId = 4861 }
03-17 12:47:47.527  1035  1055 V WindowManager:         {WCT{RemoteToken{1d682ac Task{c3a798b #4135 type=standard A=10299:com.example.recall_ai}}} m=TO_FRONT f=MOVE_TO_TOP leash=Surface(name=Task=4135)/@0x5a478fe sb=Rect(0, 0 - 1080, 2408) eb=Rect(0, 0 - 1080, 2408) d=0 taskParent=-1 inset=Rect(0, 65 - 0, 135) dim=true},
03-17 12:47:47.531  1522  1522 I {OngoingActivityController}: onTaskFocusChanged focused:true, baseActivity:ComponentInfo{com.example.recall_ai/com.example.recall_ai.MainActivity}
03-17 12:47:47.531  1035  1058 D SGM:FgCheckThread: noteResumeComponent(), received pkgName: com.example.recall_ai, userId: 0
03-17 12:47:47.532  1035  1130 V WindowManager: Relayout Window{c1ed74f u0 com.example.recall_ai/com.example.recall_ai.MainActivity}: viewVisibility=0 req=1080x2408 ty=1 d0
03-17 12:47:47.532  1522  1522 I {OngoingActivityDataHelper}: setBaseActivityComponentName:ComponentInfo{com.example.recall_ai/com.example.recall_ai.MainActivity}
03-17 12:47:47.532   700   776 I SurfaceFlinger: id=62674 createSurf, flag=44004, com.example.recall_ai/com.example.recall_ai.MainActivity$_24079#62674
03-17 12:47:47.532  1035  1215 D SGM:FgCheckThread: onLooperPrepared(), msg: MSG_APP_RESUME, pkgName: com.example.recall_ai, userid: 0
03-17 12:47:47.533  1035  1215 D SGM:FgCheckThread:   handleResume(). pkgName: com.example.recall_ai, userId: 0, category: non-game
03-17 12:47:47.533  1035  1215 D SGM:FgCheckThread: notifyFocusInOut(). of pkg: com.example.recall_ai, type: 4, isSecGameFamily: false, userId: 0
03-17 12:47:47.533  1035  1130 D WindowManager: makeSurface duration=1 name=com.example.recall_ai/com.example.recall_ai.MainActivity$_24079
03-17 12:47:47.534   700   700 I SurfaceFlinger: [com.example.recall_ai/com.example.recall_ai.MainActivity$_24079#62674] attach to parent LayerHierarchy{RequestedLayerState{c1ed74f com.example.recall_ai/com.example.recall_ai.MainActivity#62623 parentId=62616} 1 children}
03-17 12:47:47.535  1035  1130 D WindowManager: Changing focus from null to Window{c1ed74f u0 com.example.recall_ai/com.example.recall_ai.MainActivity} displayId=0 Callers=com.android.server.wm.WindowManagerService.relayoutWindowInner:142 com.android.server.wm.WindowManagerService.relayoutWindow:6 com.android.server.wm.Session.relayout:27 android.view.IWindowSession$Stub.onTransact:861 
03-17 12:47:47.535  1035  1130 V SystemKeyManager: updateFocusedWindow() is called, com.example.recall_ai/com.example.recall_ai.MainActivity
03-17 12:47:47.535  1035  1130 I SystemKeyManager: requested systemKeyInfo size=1 focusedWindow=com.example.recall_ai/com.example.recall_ai.MainActivity
03-17 12:47:47.535  1035  1130 I SystemKeyManager: requested systemKeyInfo size=1 focusedWindow=com.example.recall_ai/com.example.recall_ai.MainActivity
03-17 12:47:47.537  1035  1058 D SGM:GameManager: identifyGamePackage. com.example.recall_ai, mCurrentUserId: 0, callerUserId: 0, callingMethodInfo: com.samsung.android.game.SemGameManager.isGamePackage(SemGameManager.java:105)
03-17 12:47:47.537  1035  1058 D SGM:SemGameManager: isGamePackage(), pkgName=com.example.recall_ai, ret=false
03-17 12:47:47.543 24079 24079 I InsetsSourceConsumer: applyRequestedVisibilityToControl: visible=true, type=navigationBars, host=com.example.recall_ai/com.example.recall_ai.MainActivity
03-17 12:47:47.543 24079 24079 I InsetsSourceConsumer: applyRequestedVisibilityToControl: visible=true, type=statusBars, host=com.example.recall_ai/com.example.recall_ai.MainActivity
03-17 12:47:47.545   700   700 I SurfaceFlinger: Layer [ActivityRecord{c8f335a u0 com.example.recall_ai/.MainActivity t4135}#62616] hidden!! flag(0)
03-17 12:47:47.547   700   889 D SurfaceFlinger: [input] setFocusedWindow: c1ed74f com.example.recall_ai/com.example.recall_ai.MainActivity
03-17 12:47:47.549  1035  3923 D InputDispatcher: Once focus requested (0): c1ed74f com.example.recall_ai/com.example.recall_ai.MainActivity
03-17 12:47:47.549  1035  3923 D InputDispatcher: Focus request (0): c1ed74f com.example.recall_ai/com.example.recall_ai.MainActivity but waiting because NO_WINDOW
03-17 12:47:47.563   700   776 I SurfaceFlinger: [com.example.recall_ai/com.example.recall_ai.MainActivity$_24079#62674] setTransactionState with the first frame. bufferData(ID: 103418517520388, frameNumber: 1)
03-17 12:47:47.565  1035  3914 D WindowManager: finishDrawingWindow: Window{c1ed74f u0 com.example.recall_ai/com.example.recall_ai.MainActivity} mDrawState=DRAW_PENDING seqId=0
03-17 12:47:47.573  1035  3914 D SGM:GameManager: identifyGamePackage. com.example.recall_ai, mCurrentUserId: 0, callerUserId: 0, callingMethodInfo: com.samsung.android.game.IGameManagerService$Stub.onTransact(IGameManagerService.java:228)
03-17 12:47:47.590  1035  1059 V WindowManager: Finish starting ActivityRecord{c8f335a u0 com.example.recall_ai/.MainActivity t4135}: first real window is shown, no animation
03-17 12:47:47.592  1035  1059 V WindowManager: Schedule remove starting ActivityRecord{c8f335a u0 com.example.recall_ai/.MainActivity t4135} startingWindow=Window{c9fe655 u0 SnapshotStartingWindow for taskId=4135} animate=false Callers=com.android.server.wm.ActivityRecord.removeStartingWindow:150 com.android.server.wm.WindowState.performShowLocked:147 com.android.server.wm.WindowStateAnimator.commitFinishDrawingLocked:59 com.android.server.wm.DisplayContent$$ExternalSyntheticLambda1.accept$com$android$server$wm$DisplayContent$$ExternalSyntheticLambda40:22 com.android.server.wm.DisplayContent$$ExternalSyntheticLambda1.accept:258 
03-17 12:47:47.592  1035  1059 I ActivityTaskManager: done cause=notifyWindowsDrawn timestamp=469428116666073 info=TransitionInfo{54bf0d3 a=ActivityRecord{c8f335a u0 com.example.recall_ai/.MainActivity t4135} d=true}
03-17 12:47:47.592  1035  1059 V WindowManager: performShowLocked: mDrawState=HAS_DRAWN in Window{c1ed74f u0 com.example.recall_ai/com.example.recall_ai.MainActivity}
03-17 12:47:47.594  1035  1055 W ziparchive: Unable to open '/data/app/~~VheGySXPOzAgeN7QNl1icQ==/com.example.recall_ai-me5dlb4gfNDXNPG9nE-2Lw==/base.dm': No such file or directory
03-17 12:47:47.597  1035  1055 I PkgPredictorService-SecIpmManagerServiceImpl: reportToNAP uid:10299 com.example.recall_ai/com.example.recall_ai.MainActivity thisTime:138
03-17 12:47:47.611   700   700 I SurfaceFlinger: Layer [com.example.recall_ai/com.example.recall_ai.MainActivity$_24079#62674] hidden!! flag(0)
03-17 12:47:47.634   700   700 D SurfaceFlinger:        CLIENT |   0xb4000071ed2b3700 | 0001 | RGBA_8888    |    0.0   58.0  345.0 2285.0 |  841  309 1080 1860 | com.example.recall_ai/com.example.recall_ai.MainActivity$_24079#62674 (4)
03-17 12:47:47.636  1035  3914 D InputDispatcher: Focus entered window (0): c1ed74f com.example.recall_ai/com.example.recall_ai.MainActivity
03-17 12:47:47.651  1035  1210 I ImeTracker: com.example.recall_ai:b1a37241: onRequestHide at ORIGIN_SERVER reason HIDE_UNSPECIFIED_WINDOW fromUser false
03-17 12:47:47.652  1035  1210 I ImeTracker: com.example.recall_ai:b1a37241: onCancelled at PHASE_SERVER_SHOULD_HIDE
03-17 12:47:47.660  1035  3914 D InsetsSourceProvider: updateControlForTarget: control=InsetsSourceControl: {3 mType=ime mSurfacePosition=Point(0, 65) mInsetsHint=Insets{left=0, top=0, right=0, bottom=1008}}, target=Window{c1ed74f u0 com.example.recall_ai/com.example.recall_ai.MainActivity}, from=com.android.server.wm.ImeInsetsSourceProvider.updateControlForTarget:17 com.android.server.wm.InsetsStateController.onControlTargetChanged:81 com.android.server.wm.DisplayContent.updateImeControlTarget:21 com.android.server.wm.DisplayContent.updateImeInputAndControlTarget:81 com.android.server.wm.WindowManagerService$LocalService.updateInputMethodTargetWindow:21 
03-17 12:47:47.668   700   700 I SurfaceFlinger: [LayerHierarchy{RequestedLayerState{ImeContainer#16 parentId=62616 relativeParentId=62616 z=3} 1 children}] reparent to LayerHierarchy{RequestedLayerState{ActivityRecord{c8f335a u0 com.example.recall_ai/.MainActivity t4135}#62616 parentId=62615} 4 children}
03-17 12:47:47.683  4085  4085 I HBD     : c [AiWriter] setContact : com.example.recall_ai
03-17 12:47:47.683  4085  4085 I HBD     : a [AiWriter] setContact : com.example.recall_ai
03-17 12:47:47.686  1035  1365 D MdnieScenarioControlService:  packageName : com.example.recall_ai    className : com.example.recall_ai.MainActivity
03-17 12:47:47.700  1035  3914 I WindowManager: Reparenting to leash, surface=Surface(name=c9fe655 SnapshotStartingWindow for taskId=4135)/@0xcffd241, syncState=0, syncCommitDepth=0, leashParent=Surface(name=ActivityRecord{c8f335a u0 com.example.recall_ai/.MainActivity t4135})/@0xae91e10
03-17 12:47:47.701   700   700 I SurfaceFlinger: [Surface(name=c9fe655 SnapshotStartingWindow for taskId=4135)/@0xcffd241 - animation-leash of window_animation#62678] attach to parent LayerHierarchy{RequestedLayerState{ActivityRecord{c8f335a u0 com.example.recall_ai/.MainActivity t4135}#62616 parentId=62615} 5 children}
03-17 12:47:47.703 24079 24079 I InsetsSourceConsumer: applyRequestedVisibilityToControl: visible=false, type=ime, host=com.example.recall_ai/com.example.recall_ai.MainActivity
03-17 12:47:47.786  4085  6223 I HBD     : h [SKE_SPECIFIC] specific model[com.example.recall_ai] loaded, 60605692 ns
03-17 12:47:47.868  1035  1059 I WindowManager: Reparenting to original parent: Surface(name=ActivityRecord{c8f335a u0 com.example.recall_ai/.MainActivity t4135})/@0xae91e10, destroy=true, syncState=0, syncCommitDepth=0, surface=Surface(name=c9fe655 SnapshotStartingWindow for taskId=4135)/@0xcffd241
03-17 12:47:47.889   700   700 D SurfaceFlinger:        CLIENT |   0xb4000071c276c580 | 0001 | RGBA_8888    |    0.0    0.0 1079.0 2407.0 |    0    0 1080 2408 | com.example.recall_ai/com.example.recall_ai.MainActivity$_24079#62674 (23)
03-17 12:47:47.900   700   700 D SurfaceFlinger:        DEVICE |   0xb4000071ed2b3700 | 0001 | RGBA_8888    |    0.0    0.0 1080.0 2408.0 |    0    0 1080 2408 | com.example.recall_ai/com.example.recall_ai.MainActivity$_24079#62674 (24)
03-17 12:47:47.901   700   700 I SurfaceFlinger: [com.example.recall_ai/com.example.recall_ai.MainActivity$_24079#62674] setFrameRateCategory: NoPreference
03-17 12:47:47.901   700   700 I SurfaceFlinger: [LayerHierarchy{RequestedLayerState{ImeContainer#16 parentId=62616 relativeParentId=62623 z=1} 1 children}] RelativeParent to LayerHierarchy{RequestedLayerState{c1ed74f com.example.recall_ai/com.example.recall_ai.MainActivity#62623 parentId=62616} 2 children}
03-17 12:47:47.941  1035  1058 D SGM:FgCheckThread: getForegroundApp(), foregroundPkgName=com.example.recall_ai
03-17 12:47:47.942  1035  1058 D SGM:FgCheckThread: noteStopComponent(), received pkgName: com.sec.android.app.launcher, focusedPkgName: com.example.recall_ai, userId: 0
03-17 12:47:48.073  1035  1365 D MdnieScenarioControlService:  packageName : com.example.recall_ai    className : com.example.recall_ai.MainActivity
03-17 12:47:48.094 24079 24397 I NotificationManager: com.example.recall_ai: notify(1001, null, Notification(channel=recall_recording shortcut=null contentView=null vibrate=null sound=null defaults=0 flags=ONGOING_EVENT|ONLY_ALERT_ONCE color=0x00000000 actions=2 vis=PUBLIC semFlags=0x0 semPriority=0 semMissedCount=0)) as user
03-17 12:47:48.316  1522  1522 D Bubbles : onEntryUpdated : shouldBubbleUp=false ,key=0|com.example.recall_ai|1001|null|10299
03-17 12:47:48.318  1522  1522 D InterruptionStateProvider:  no Heads up : edgelighting enabled app. 0|com.example.recall_ai|1001|null|10299
03-17 12:47:48.318  2197  4964 I HoneySpace.NotificationListener: onNotificationPosted com.example.recall_ai: 0|com.example.recall_ai|1001|null|10299: 0
03-17 12:47:48.318  2197  4964 I HoneySpace.NotificationListener: invalid notification: com.example.recall_ai UserHandle{0}: canShowBadge is false
03-17 12:47:48.318  1522  1522 D InterruptionStateProvider:  no Heads up : edgelighting enabled app. 0|com.example.recall_ai|1001|null|10299
03-17 12:47:48.319  2197 18631 I HoneySpace.PackageEventOperator: [ApplistViewModel] badge count is updated. com.example.recall_ai/.MainActivity#UserHandle{0}|69266 : 0
03-17 12:47:48.349  1522  1522 I AppIconSolution: return adaptive icon for com.example.recall_ai, isNight = true
03-17 12:47:48.391  1522  1522 I AppIconSolution: return adaptive icon for com.example.recall_ai, isNight = true
03-17 12:47:48.467  1035  1056 D WindowManager: requestTransientBars: swipeTarget=Window{7052c1 u0 StatusBar}, controlTarget=Window{c1ed74f u0 com.example.recall_ai/com.example.recall_ai.MainActivity}, canShowTransient=false, restorePositionTypes=0x3, from=com.android.server.wm.DisplayPolicy$1.onSwipeFromTop:51 com.android.server.wm.SystemGesturesPointerEventListener.onPointerEvent:557 
03-17 12:47:48.564   700   700 D SurfaceFlinger:        DEVICE |   0xb4000071c276c580 | 0001 | RGBA_8888    |    0.0    0.0 1080.0 2408.0 |    0    0 1080 2408 | com.example.recall_ai/com.example.recall_ai.MainActivity$_24079#62674 (83)
03-17 12:47:48.665  1035  4163 D WindowManager: Changing focus from Window{c1ed74f u0 com.example.recall_ai/com.example.recall_ai.MainActivity} to Window{3eed4bf u0 NotificationShade} displayId=0 Callers=com.android.server.wm.WindowManagerService.relayoutWindowInner:142 com.android.server.wm.WindowManagerService.relayoutWindow:6 com.android.server.wm.Session.relayout:27 com.android.server.wm.Session.relayoutAsync:26 
03-17 12:47:48.666   700   700 D SurfaceFlinger:        DEVICE |   0xb4000071ed2b3700 | 0001 | RGBA_8888    |    0.0    0.0 1080.0 2408.0 |    0    0 1080 2408 | com.example.recall_ai/com.example.recall_ai.MainActivity$_24079#62674 (92)
03-17 12:47:48.668  1035  4163 D InsetsSourceProvider: updateFakeControlTarget: fakeControl=InsetsSourceControl: {64a70001 mType=navigationBars mSurfacePosition=Point(0, 0) mInsetsHint=Insets{left=0, top=0, right=0, bottom=0}}, fakeTarget=Window{c1ed74f u0 com.example.recall_ai/com.example.recall_ai.MainActivity}
03-17 12:47:48.671  1035  4163 D InsetsSourceProvider: updateFakeControlTarget: fakeControl=InsetsSourceControl: {580a0000 mType=statusBars mSurfacePosition=Point(0, 0) mInsetsHint=Insets{left=0, top=0, right=0, bottom=0}}, fakeTarget=Window{c1ed74f u0 com.example.recall_ai/com.example.recall_ai.MainActivity}
03-17 12:47:48.672  1035  4163 D WindowManager: updateSystemBarAttributes: displayId=0, focusedCanBeNavColorWin=false, win=Window{3eed4bf u0 NotificationShade}, navColorWin=Window{c1ed74f u0 com.example.recall_ai/com.example.recall_ai.MainActivity}, caller=com.android.server.wm.WindowManagerService.updateFocusedWindowLocked:375 com.android.server.wm.WindowManagerService.relayoutWindowInner:142 com.android.server.wm.WindowManagerService.relayoutWindow:6 
03-17 12:47:48.701  1035  4163 D InputDispatcher: Focus left window (0): c1ed74f com.example.recall_ai/com.example.recall_ai.MainActivity
03-17 12:47:48.719 24079 24079 D AudioManager: dispatching onAudioFocusChange(1) to android.media.AudioManager@f10691com.example.recall_ai.service.RecordingService$$ExternalSyntheticLambda0@bc629f6
03-17 12:47:49.094 24079 24397 I NotificationManager: com.example.recall_ai: notify(1001, null, Notification(channel=recall_recording shortcut=null contentView=null vibrate=null sound=null defaults=0 flags=ONGOING_EVENT|ONLY_ALERT_ONCE color=0x00000000 actions=2 vis=PUBLIC semFlags=0x0 semPriority=0 semMissedCount=0)) as user
03-17 12:47:49.142  1522  1522 D NotificationPanelView: 0|com.example.recall_ai|1001|null|10299 isReaded = true
03-17 12:47:49.157  1035  3914 I AppsFilter: interaction: PackageSetting{4f6275 com.example.recall_ai/10299} -> PackageSetting{414cb50 com.google.android.as/10213} BLOCKED
03-17 12:47:49.181 23516 23516 W Bundle  : Attempt to cast generated internal exception:
03-17 12:47:49.181 23516 23516 W Bundle  : java.lang.ClassCastException: java.lang.Long cannot be cast to java.lang.Integer
03-17 12:47:49.182 23516 23516 W Bundle  : Attempt to cast generated internal exception:
03-17 12:47:49.182 23516 23516 W Bundle  : java.lang.ClassCastException: java.lang.Long cannot be cast to java.lang.Integer
03-17 12:47:49.188 23516 23516 I RecognitionServiceImpl: RecognitionService#logStartListening: callingApp: com.example.recall_ai, locale: en-IN
03-17 12:47:49.199  1035  1050 I MediaFocusControl: propagateFocusLossFromGain_syncAf checking client:android.media.AudioManager@f10691com.example.recall_ai.service.RecordingService$$ExternalSyntheticLambda0@bc629f6
03-17 12:47:49.202 24079 24079 D AudioManager: dispatching onAudioFocusChange(-2) to android.media.AudioManager@f10691com.example.recall_ai.service.RecordingService$$ExternalSyntheticLambda0@bc629f6
03-17 12:47:49.205 23516 23539 I BaseS3HeaderProducer: [RS][S3] triggerApplicationId: com.example.recall_ai
03-17 12:47:49.268 23516 23543 I ConcurrentSodaManager: Initializing SODA for com.example.recall_ai
03-17 12:47:49.274  1035  1065 D SensorPrivacyService: onOpNoted  com.example.recall_ai  code=27  uid=10299
03-17 12:47:49.309  1522  1522 D Bubbles : onEntryUpdated : shouldBubbleUp=false ,key=0|com.example.recall_ai|1001|null|10299
03-17 12:47:49.310  1522  1522 D InterruptionStateProvider:  no Heads up : edgelighting enabled app. 0|com.example.recall_ai|1001|null|10299
03-17 12:47:49.310  1522  1522 D InterruptionStateProvider:  no Heads up : edgelighting enabled app. 0|com.example.recall_ai|1001|null|10299
03-17 12:47:49.310  2197  4964 I HoneySpace.NotificationListener: onNotificationPosted com.example.recall_ai: 0|com.example.recall_ai|1001|null|10299: 0
03-17 12:47:49.310  2197  4964 I HoneySpace.NotificationListener: invalid notification: com.example.recall_ai UserHandle{0}: canShowBadge is false
03-17 12:47:49.312  2197 16972 I HoneySpace.PackageEventOperator: [ApplistViewModel] badge count is updated. com.example.recall_ai/.MainActivity#UserHandle{0}|69266 : 0
03-17 12:47:49.340  1522  1522 I AppIconSolution: return adaptive icon for com.example.recall_ai, isNight = true
03-17 12:47:49.360  1522  1522 I AppIconSolution: return adaptive icon for com.example.recall_ai, isNight = true
03-17 12:47:49.678  1522  1522 D SystemUIAnalytics: sendEventCDLog QPNE0008, SID_QUICKPANEL_OPENED, EID_QPNE_NOTI_EXPANSION, type, single, app, com.example.recall_ai
03-17 12:47:49.859 21098 21337 I NullBinder: NullBinder for android.net.action.RECOMMEND_NETWORKS triggering remote TransactionTooLargeException due to Service without Chimera impl, calling uid: 1000, calling pid: 0
03-17 12:47:50.094 24079 24397 I NotificationManager: com.example.recall_ai: notify(1001, null, Notification(channel=recall_recording shortcut=null contentView=null vibrate=null sound=null defaults=0 flags=ONGOING_EVENT|ONLY_ALERT_ONCE color=0x00000000 actions=2 vis=PUBLIC semFlags=0x0 semPriority=0 semMissedCount=0)) as user
03-17 12:47:50.218  1522  1522 D SystemUIAnalytics: sendEventCDLog QPNE0009, SID_QUICKPANEL_OPENED, EID_QPNE_NOTI_ACTION_BUTTON, type, normal, app, com.example.recall_ai
03-17 12:47:50.232  1035  3914 D ActivityManager: Received SERVICE intent 0xfa90cdd Key{startService pkg=com.example.recall_ai intent=act=com.example.recall_ai.RECORDING_STOP cmp=com.example.recall_ai/.service.RecordingService flags=0x4000000 u=0} requestCode=101 from uid 10062
03-17 12:47:50.234 24079 24079 D RecordingService: onStartCommand action=com.example.recall_ai.RECORDING_STOP
03-17 12:47:50.250 23516 23516 I NetworkSpeechRecognizer: #failWithException
03-17 12:47:50.251 23516 23546 I NetworkSpeechRecognizer: #failWithException
03-17 12:47:50.257 24079 24079 D AudioManager: dispatching onAudioFocusChange(1) to android.media.AudioManager@f10691com.example.recall_ai.service.RecordingService$$ExternalSyntheticLambda0@bc629f6
03-17 12:47:50.286 23516 23539 W S3ConnectionUtil: java.lang.IllegalStateException: Stream was terminated by error, no further calls are allowed
03-17 12:47:50.315  1035  3914 W ForegroundServiceTypeLoggerModule: Logger should be tracking FGS types correctly for UID 10299 in package com.example.recall_ai
03-17 12:47:50.318  1522  5666 D SecFgsManagerController: onForegroundStateChanged: [dialog:false]:[isForeground:false]:[packageName:com.example.recall_ai]:[token:android.os.BinderProxy@a97a5a7]:[userId:0]
03-17 12:47:50.321  1522  1522 D Bubbles : onEntryUpdated : shouldBubbleUp=false ,key=0|com.example.recall_ai|1001|null|10299
03-17 12:47:50.323  1522  1522 D InterruptionStateProvider:  no Heads up : edgelighting enabled app. 0|com.example.recall_ai|1001|null|10299
03-17 12:47:50.323  1522  1522 D InterruptionStateProvider:  no Heads up : edgelighting enabled app. 0|com.example.recall_ai|1001|null|10299
03-17 12:47:50.325  2197  4964 I HoneySpace.NotificationListener: onNotificationPosted com.example.recall_ai: 0|com.example.recall_ai|1001|null|10299: 0
03-17 12:47:50.327  2197  4964 I HoneySpace.NotificationListener: invalid notification: com.example.recall_ai UserHandle{0}: canShowBadge is false
03-17 12:47:50.328  2197  8512 I HoneySpace.PackageEventOperator: [ApplistViewModel] badge count is updated. com.example.recall_ai/.MainActivity#UserHandle{0}|69266 : 0
03-17 12:47:50.342  1035  1035 D EdgeLightingManager: hideForNotification : packageName = com.example.recall_ai
03-17 12:47:50.342  1035  1035 D EdgeLightingPolicyManager:NotificationGroup: remove : sbn : StatusBarNotification(pkg=com.example.recall_ai user=UserHandle{0} id=1001 tag=null key=0|com.example.recall_ai|1001|null|10299: Notification(channel=recall_recording shortcut=null contentView=null vibrate=null sound=null defaults=0 flags=ONGOING_EVENT|ONLY_ALERT_ONCE|NO_CLEAR|FOREGROUND_SERVICE color=0x00000000 actions=2 vis=PUBLIC semFlags=0x0 semPriority=0 semMissedCount=0))
03-17 12:47:50.358  1522  1522 D InsignificantCoordinator: onEntryRemoved :0|com.example.recall_ai|1001|null|10299 flags: 0 entrySize:0
03-17 12:47:50.358 24079 24079 E AndroidRuntime: FATAL EXCEPTION: main
03-17 12:47:50.358 24079 24079 E AndroidRuntime: Process: com.example.recall_ai, PID: 24079
03-17 12:47:50.358 24079 24079 E AndroidRuntime: java.lang.ClassCastException: com.example.recall_ai.ui.recording.RecordingUiState$Finished cannot be cast to com.example.recall_ai.ui.recording.RecordingUiState$Active
03-17 12:47:50.358 24079 24079 E AndroidRuntime: 	at com.example.recall_ai.ui.recording.RecordingScreenKt$RecordingScreen$2$1$4.invoke(RecordingScreen.kt:277)
03-17 12:47:50.358 24079 24079 E AndroidRuntime: 	at com.example.recall_ai.ui.recording.RecordingScreenKt$RecordingScreen$2$1$4.invoke(RecordingScreen.kt:275)
03-17 12:47:50.358 24079 24079 E AndroidRuntime: 	at com.example.recall_ai.ui.recording.RecordingScreenKt$RecordingScreen$2.invoke(RecordingScreen.kt:270)
03-17 12:47:50.358 24079 24079 E AndroidRuntime: 	at com.example.recall_ai.ui.recording.RecordingScreenKt$RecordingScreen$2.invoke(RecordingScreen.kt:144)
03-17 12:47:50.358 24079 24079 E AndroidRuntime: 	at com.example.recall_ai.ui.recording.RecordingScreenKt.RecordingScreen(RecordingScreen.kt:141)
03-17 12:47:50.358 24079 24079 E AndroidRuntime: 	at com.example.recall_ai.ui.recording.RecordingScreenKt.RecordingScreen$lambda$12(Unknown Source:6)
03-17 12:47:50.358 24079 24079 E AndroidRuntime: 	at com.example.recall_ai.ui.recording.RecordingScreenKt.$r8$lambda$kBfEGQ1J6QxoOhlJwbnmrncSGzE(Unknown Source:0)
03-17 12:47:50.358 24079 24079 E AndroidRuntime: 	at com.example.recall_ai.ui.recording.RecordingScreenKt$$ExternalSyntheticLambda6.invoke(D8$$SyntheticClass:0)
03-17 12:47:50.359 24079 24079 E AndroidRuntime: 	Suppressed: kotlinx.coroutines.internal.DiagnosticCoroutineContextException: [androidx.compose.runtime.PausableMonotonicFrameClock@a313044, androidx.compose.ui.platform.MotionDurationScaleImpl@c3e752d, StandaloneCoroutine{Cancelling}@c19ca62, AndroidUiDispatcher@c7137f3]
03-17 12:47:50.363  1035  1035 D NotificationReminder: removeFromNotificationList record com.example.recall_ai
03-17 12:47:50.368  2197  2197 I HoneySpace.NotificationListener: onNotificationRemoved sbn : StatusBarNotification(pkg=com.example.recall_ai user=UserHandle{0} id=1001 tag=null key=0|com.example.recall_ai|1001|null|10299: Notification(channel=recall_recording shortcut=null contentView=null vibrate=null sound=null defaults=0 flags=ONGOING_EVENT|ONLY_ALERT_ONCE|NO_CLEAR|FOREGROUND_SERVICE color=0x00000000 actions=2 vis=PUBLIC semFlags=0x0 semPriority=0 semMissedCount=0)), reason : 8
03-17 12:47:50.369  1522  1522 I View    : setRequestedFrameRate frameRate=-2.0, this=StatusBarIconView(slot='com.example.recall_ai/0x3e9' alpha=1.0 icon=StatusBarIcon(icon=Icon(typ=RESOURCE pkg=com.example.recall_ai id=0x010800a4) visible user=0 ) visibleState=ICON iconColor=#ffffffff staticDrawableColor=#ffffffff decorColor=#ffffffff animationStartColor=#0 currentSetColor=#ffffffff notification=StatusBarNotification(pkg=com.example.recall_ai user=UserHandle{0} id=1001 tag=null key=0|com.example.recall_ai|1001|null|10299: Notification(channel=recall_recording shortcut=null contentView=null vibrate=null sound=null defaults=0 flags=ONGOING_EVENT|ONLY_ALERT_ONCE|NO_CLEAR|FOREGROUND_SERVICE color=0x00000000 actions=2 vis=PUBLIC semFlags=0x0 semPriority=0 semMissedCount=0))), caller=com.android.systemui.statusbar.StatusBarIconView.onAttachedToWindow:6 android.view.View.dispatchAttachedToWindow:24133 android.view.ViewGroup.addTransientView:5146 com.android.systemui.statusbar.phone.NotificationIconContainer.onViewRemoved:107 android.view.ViewGroup.dispatchViewRemoved:5407 
03-17 12:47:50.369  1522  1522 I View    : setRequestedFrameRate frameRate=-2.0, this=StatusBarIconView(slot='com.example.recall_ai/0x3e9' alpha=0.0 icon=StatusBarIcon(icon=Icon(typ=RESOURCE pkg=com.example.recall_ai id=0x010800a4) visible user=0 ) visibleState=HIDDEN iconColor=#fffafaff staticDrawableColor=#ffb7caff decorColor=#ff1b6cf7 animationStartColor=#0 currentSetColor=#fffafaff notification=StatusBarNotification(pkg=com.example.recall_ai user=UserHandle{0} id=1001 tag=null key=0|com.example.recall_ai|1001|null|10299: Notification(channel=recall_recording shortcut=null contentView=null vibrate=null sound=null defaults=0 flags=ONGOING_EVENT|ONLY_ALERT_ONCE|NO_CLEAR|FOREGROUND_SERVICE color=0x00000000 actions=2 vis=PUBLIC semFlags=0x0 semPriority=0 semMissedCount=0))), caller=com.android.systemui.statusbar.StatusBarIconView.onAttachedToWindow:6 android.view.View.dispatchAttachedToWindow:24133 android.view.ViewGroup.addTransientView:5146 com.android.systemui.statusbar.phone.NotificationIconContainer.onViewRemoved:107 android.view.ViewGroup.dispatchViewRemoved:5407 
03-17 12:47:50.376  2197  4964 I HoneySpace.NotificationListener: onNotificationRemoved com.example.recall_ai: 0|com.example.recall_ai|1001|null|10299: 0
03-17 12:47:50.376  2197 12592 I HoneySpace.PackageEventOperator: [ApplistViewModel] badge count is updated. com.example.recall_ai/.MainActivity#UserHandle{0}|69266 : 0
03-17 12:47:50.432  1035  3902 D ConnectivityService: requestNetwork for uid/pid:10299/24079 activeRequest: null callbackRequest: 139460 [NetworkRequest [ REQUEST id=139461, [ Capabilities: INTERNET&NOT_RESTRICTED&TRUSTED&NOT_VCN_MANAGED&NOT_BANDWIDTH_CONSTRAINED Uid: 10299 RequestorUid: 10299 RequestorPkg: com.example.recall_ai UnderlyingNetworks: Null] ]] callback flags: 0 order: 2147483647 isUidTracked: false declaredMethods: ALL
03-17 12:47:50.433  1035  1353 D ConnectivityService:    accepting network in place of null for NetworkRequest [ REQUEST id=139461, [ Capabilities: INTERNET&NOT_RESTRICTED&TRUSTED&NOT_VCN_MANAGED&NOT_BANDWIDTH_CONSTRAINED Uid: 10299 RequestorUid: 10299 RequestorPkg: com.example.recall_ai UnderlyingNetworks: Null] ]
03-17 12:47:50.433  1035 24663 W ActivityManager: crash : com.example.recall_ai,10299
03-17 12:47:50.436  1035  1341 D WifiNetworkFactory: got request NetworkRequest [ REQUEST id=139461, [ Capabilities: INTERNET&NOT_RESTRICTED&TRUSTED&NOT_VCN_MANAGED&NOT_BANDWIDTH_CONSTRAINED Uid: 10299 RequestorUid: 10299 RequestorPkg: com.example.recall_ai UnderlyingNetworks: Null] ]
03-17 12:47:50.444  1035  1341 D UntrustedWifiNetworkFactory: got request NetworkRequest [ REQUEST id=139461, [ Capabilities: INTERNET&NOT_RESTRICTED&TRUSTED&NOT_VCN_MANAGED&NOT_BANDWIDTH_CONSTRAINED Uid: 10299 RequestorUid: 10299 RequestorPkg: com.example.recall_ai UnderlyingNetworks: Null] ]
03-17 12:47:50.444  1035  1341 D OemPaidWifiNetworkFactory: got request NetworkRequest [ REQUEST id=139461, [ Capabilities: INTERNET&NOT_RESTRICTED&TRUSTED&NOT_VCN_MANAGED&NOT_BANDWIDTH_CONSTRAINED Uid: 10299 RequestorUid: 10299 RequestorPkg: com.example.recall_ai UnderlyingNetworks: Null] ]
03-17 12:47:50.444  1035  1341 D MultiInternetWifiNetworkFactory: got request NetworkRequest [ REQUEST id=139461, [ Capabilities: INTERNET&NOT_RESTRICTED&TRUSTED&NOT_VCN_MANAGED&NOT_BANDWIDTH_CONSTRAINED Uid: 10299 RequestorUid: 10299 RequestorPkg: com.example.recall_ai UnderlyingNetworks: Null] ]
03-17 12:47:50.458  1035  4163 W ActivityTaskManager:   Force finishing activity com.example.recall_ai/.MainActivity
03-17 12:47:50.470  1035  4163 D ActivityTaskManager: scheduleTopResumedActivityChanged, onTop=false, r=ActivityRecord{c8f335a u0 com.example.recall_ai/.MainActivity t4135 f}}, caller=com.android.server.wm.ActivityTaskSupervisor.scheduleTopResumedActivityStateLossIfNeeded:11 com.android.server.wm.ActivityTaskSupervisor.updateTopResumedActivityIfNeeded:19 com.android.server.wm.TaskDisplayArea.positionChildAt:259 com.android.server.wm.WindowContainer.positionChildAt:86 com.android.server.wm.Task.positionChildAt:19 com.android.server.wm.Task.moveToFront:365 
03-17 12:47:50.472  1035  4163 V WindowManager: Collecting in transition 4862: Task{c3a798b #4135 type=standard A=10299:com.example.recall_ai}, caller=com.android.server.wm.Transition.collectExistenceChange:42 com.android.server.wm.Transition.collectClose:7 com.android.server.wm.ActivityRecord.finishIfPossible:43 com.android.server.wm.ActivityRecord.finishIfPossible:1 com.android.server.wm.RootWindowContainer$$ExternalSyntheticLambda29.accept:182 
03-17 12:47:50.472  1035  4163 D WindowManager: prepareSync <SYNC_STATE_WAITING_FOR_DRAW>, mPrepareSyncSeqId=0, win=Window{c1ed74f u0 com.example.recall_ai/com.example.recall_ai.MainActivity}
03-17 12:47:50.473  1035  4163 V WindowManager: Collecting in transition 4862: ActivityRecord{c8f335a u0 com.example.recall_ai/.MainActivity t4135 f}}, caller=com.android.server.wm.TransitionController.collect:7 com.android.server.wm.ActivityRecord.setVisibility:189 com.android.server.wm.ActivityRecord.finishIfPossible:82 com.android.server.wm.ActivityRecord.finishIfPossible:1 com.android.server.wm.RootWindowContainer$$ExternalSyntheticLambda29.accept:182 
03-17 12:47:50.500  1035  1056 I ActivityManager: Showing crash dialog for package com.example.recall_ai u0
03-17 12:47:50.511  1035  4163 W ActivityTaskManager:   Force finishing activity com.example.recall_ai/.MainActivity
03-17 12:47:50.512  1035  4163 V WindowManager: Collecting in transition 4862: ActivityRecord{c8f335a u0 com.example.recall_ai/.MainActivity t4135 f}}, caller=com.android.server.wm.TransitionController.collect:7 com.android.server.wm.ActivityRecord.onRemovedFromDisplay:324 com.android.server.wm.ActivityRecord.removeFromHistory:176 com.android.server.wm.ActivityRecord.destroyImmediately:260 com.android.server.wm.ActivityRecord.destroyIfPossible:104 
03-17 12:47:50.514  1035  1058 D SGM:FgCheckThread: getForegroundApp(), foregroundPkgName=com.example.recall_ai
03-17 12:47:50.514  1035  1058 D SGM:FgCheckThread: pkgName: com.example.recall_ai is not in foreground
03-17 12:47:50.523  3628  3628 W DMASA[D]: [d]This app does not allow 3rd-party FC detection: com.example.recall_ai
03-17 12:47:50.570  1035  4163 I ActivityManager: Killing 24079:com.example.recall_ai/u0a299 (adj 0): crash
03-17 12:47:50.585  1035  4163 D ActivityManager: proc ProcessRecord{30aab2b 24079:com.example.recall_ai/u0a299} already removed. so we skip next process.
03-17 12:47:50.625  1035  1059 V WindowManager: Start calculating TransitionInfo based on participants: {WallpaperWindowToken{3ca7ffa token=android.os.Binder@4cc961c}_<system>, Task{c16c090 #1 type=home}, Task{c3a798b #4135 type=standard A=10299:com.example.recall_ai}, ActivityRecord{c8f335a u0 com.example.recall_ai/.MainActivity t4135 f} isExiting}, ActivityRecord{d994601 u0 com.sec.android.app.launcher/.activities.LauncherActivity t3374}, Task{eda8a83 #3374 type=home I=com.sec.android.app.launcher/.activities.LauncherActivity}}
03-17 12:47:50.626  1035  1059 V WindowManager:   Final targets: [Task{c16c090 #1 type=home}, Task{c3a798b #4135 type=standard A=10299:com.example.recall_ai}, WallpaperWindowToken{3ca7ffa token=android.os.Binder@4cc961c}_<system>]
03-17 12:47:50.633  1035  1059 V WindowManager:         {WCT{RemoteToken{1d682ac Task{c3a798b #4135 type=standard A=10299:com.example.recall_ai}}} m=CLOSE f=NONE leash=Surface(name=Task=4135)/@0x5a478fe sb=Rect(0, 0 - 1080, 2408) eb=Rect(0, 0 - 1080, 2408) d=0 taskParent=-1 inset=Rect(0, 0 - 0, 0) dim=true},
03-17 12:47:50.654  1035  1055 V WindowManager:         {WCT{RemoteToken{1d682ac Task{c3a798b #4135 type=standard A=10299:com.example.recall_ai}}} m=CLOSE f=NONE leash=Surface(name=Task=4135)/@0x5a478fe sb=Rect(0, 0 - 1080, 2408) eb=Rect(0, 0 - 1080, 2408) d=0 taskParent=-1 inset=Rect(0, 0 - 0, 0) dim=true},
03-17 12:47:50.657  1035  1035 E JobServiceContext: Binding died for 0:com.example.recall_ai
03-17 12:47:50.660  3652  3652 I SDHMS:BarTender:Gatherer:AppError: update AppError : uid=10299, pkg=com.example.recall_ai, errorType=crash
03-17 12:47:50.662  2197  2197 I HoneySpace.AppCloseAnimationDelegate: findTargetValue [cookie--1, pkgName-com.example.recall_ai]
03-17 12:47:50.667  2197  2197 I HoneySpace.AppListFastRecyclerViewAdapter: findCloseTarget : 69266, ComponentInfo{com.example.recall_ai/com.example.recall_ai.MainActivity}
03-17 12:47:50.667  2197  2197 I HoneySpace.AppCloseAnimationDelegate: findTargetView found:Value(view=com.honeyspace.ui.common.iconview.IconViewImpl{de88b9f VFED..CL. ........ 199,879-398,1172 #7f0a029b app:id/icon} - Recall-AI, visibility:0, alpha:1.0, badge:0, icon:163x163, iconAlpha:255, iconState:NONE, iconSize:142, forceHideBadge:false, isTransparent:false, x=1, y=3, component=ComponentInfo{com.example.recall_ai/com.example.recall_ai.MainActivity}, isTargetShortcut=false), com.honeyspace.ui.common.iconview.IconViewImpl{de88b9f VFED..CL. ........ 199,879-398,1172 #7f0a029b app:id/icon} - Recall-AI, visibility:0, alpha:1.0, badge:0, icon:163x163, iconAlpha:255, iconState:NONE, iconSize:142, forceHideBadge:false, isTransparent:false, x=1, y=3
03-17 12:47:50.704  1035  3926 I WindowManager: WIN DEATH: Window{c1ed74f u0 com.example.recall_ai/com.example.recall_ai.MainActivity}
