03-17 12:47:24.180  1035  4158 D InsetsSourceProvider: updateControlForTarget: control=InsetsSourceControl: {64a70001 mType=navigationBars initiallyVisible mSurfacePosition=Point(0, 2273) mInsetsHint=Insets{left=0, top=0, right=0, bottom=135}}, target=Window{c1ed74f u0 com.example.recall_ai/com.example.recall_ai.MainActivity}, from=com.android.server.wm.InsetsStateController.onControlTargetChanged:81 com.android.server.wm.InsetsPolicy.updateBarControlTarget:176 com.android.server.wm.DisplayPolicy.updateSystemBarAttributes:281 com.android.server.wm.InsetsStateController.onRequestedVisibleTypesChanged:46 com.android.server.wm.InsetsPolicy.onRequestedVisibleTypesChanged:3 
03-17 12:47:24.181  1035  4158 D WindowManager: updateSystemBarAttributes: displayId=0, focusedCanBeNavColorWin=false, win=Window{c1ed74f u0 com.example.recall_ai/com.example.recall_ai.MainActivity}, navColorWin=Window{c1ed74f u0 com.example.recall_ai/com.example.recall_ai.MainActivity}, caller=com.android.server.wm.InsetsStateController.onRequestedVisibleTypesChanged:46 com.android.server.wm.InsetsPolicy.onRequestedVisibleTypesChanged:3 com.android.server.wm.Session.updateRequestedVisibleTypes:30 
03-17 12:47:24.281 24079 24079 I InsetsController: onStateChanged: host=com.example.recall_ai/com.example.recall_ai.MainActivity, from=android.view.ViewRootImpl.handleResized:2789, state=InsetsState: {mDisplayFrame=Rect(0, 0 - 1080, 2408), mDisplayCutout=DisplayCutout{insets=Rect(0, 64 - 0, 0) waterfall=Insets{left=0, top=0, right=0, bottom=0} boundingRect={Bounds=[Rect(0, 0 - 0, 0), Rect(468, 0 - 612, 64), Rect(0, 0 - 0, 0), Rect(0, 0 - 0, 0)]} cutoutPathParserInfo={CutoutPathParserInfo{displayWidth=1080 displayHeight=2408 physicalDisplayWidth=1080 physicalDisplayHeight=2408 density={2.8125} cutoutSpec={M 0,0 H -25.6‬ V 22.75555555555556 H 25.6‬ V 0 H 0 Z @dp} rotation={0} scale={1.0} physicalPixelDisplaySizeRatio={1.0}}} sideOverrides={}}, mRoundedCorners=RoundedCorners{[RoundedCorner{position=TopLeft, radius=113, center=Point(113, 113)}, RoundedCorner{position=TopRight, radius=113, center=Point(967, 113)}, RoundedCorner{position=BottomRight, radius=113, center=Point(967, 2295)}, RoundedCorner{position=BottomLeft, radius=113, center=Point(113, 2295)}]}  mRoundedCornerFrame=Rect(0, 0 - 1080, 2408), mPrivacyIndicatorBounds=PrivacyIndicatorBounds {static bounds=Rect(956, 0 - 1080, 65) rotation=0}, mDisplayShape=DisplayShape{ spec=-311912193 displayWidth=1080 displayHeight=2408 physicalPixelDisplaySizeRatio=1.0 rotation=0 offsetX=0 offsetY=0 scale=1.0}, mSources= { InsetsSource: {3 mType=ime mFrame=[0,1400][1080,2408] mVisible=false mFlags= mSideHint=BOTTOM mBoundingRects=null}, InsetsSource: {27 mType=displayCutout mFrame=[0,0][1080,64] mVisible=true mFlags= mSideHint=TOP mBoundingRects=null}, InsetsSource: {580a0000 mType=statusBars mFrame=[0,0][1080,65] mVisible=true mFlags= mSideHint=TOP mBoundingRects=null}, InsetsSource: {580a0005 mType=mandatorySystemGestures mFrame=[0,0][1080,98] mVisible=true mFlags= mSideHint=TOP mBoundingRects=null}, InsetsSource: {580a0006 mType=tappableElement mFrame=[0,0][1080,65] mVisible=true mFlags= mSideHint=TOP mBoundingRects=null}, InsetsSource: {64a70001 mType=navigationBars mFrame=[0,2273][1080,2408] mVisible=true mFlags= mSideHint=BOTTOM mBoundingRects=null}, InsetsSource: {64a70004 mType=systemGestures mFrame=[0,0][0,0] mVisible=true mFlags= mSideHint=NONE mBoundingRects=null}, InsetsSource: {64a70005 mType=mandatorySystemGestures mFrame=[0,2273][1080,2408] mVisible=true mFlags= mSideHint=BOTTOM mBoundingRects=null}, InsetsSource: {64a70006 mType=tappableElement mFrame=[0,2273][1080,2408] mVisible=true mFlags= mSideHint=BOTTOM mBoundingRects=null}, InsetsSource: {64a70024 mType=systemGestures mFrame=[0,0][0,0] mVisible=true mFlags= mSideHint=NONE mBoundingRects=null} }
03-17 12:47:24.282 24079 24079 I InsetsSourceConsumer: applyRequestedVisibilityToControl: visible=true, type=navigationBars, host=com.example.recall_ai/com.example.recall_ai.MainActivity
03-17 12:47:24.465 24079 24079 I InsetsController: cancelAnimation: types=ime, animType=1, host=com.example.recall_ai/com.example.recall_ai.MainActivity, from=android.view.InsetsController.notifyFinished:1890 android.view.InsetsAnimationControlImpl.applyChangeInsets:307 android.view.InsetsController.lambda$new$3:932 
03-17 12:47:24.466 24079 24079 I ImeTracker: com.example.recall_ai:c854d3b0: onRequestHide at ORIGIN_CLIENT reason HIDE_SOFT_INPUT_ON_ANIMATION_STATE_CHANGED fromUser false
03-17 12:47:24.468  1035  1210 I ImeTracker: com.example.recall_ai:c854d3b0: onCancelled at PHASE_SERVER_SHOULD_HIDE
03-17 12:47:24.510   700   700 D SurfaceFlinger:        DEVICE |   0xb4000071c921e800 | 0001 | RGBA_8888    |    0.0    0.0 1080.0 2408.0 |    0    0 1080 2408 | com.example.recall_ai/com.example.recall_ai.MainActivity$_24079#62626 (446)
03-17 12:47:24.531 24079 24079 I InsetsController: onStateChanged: host=com.example.recall_ai/com.example.recall_ai.MainActivity, from=android.view.ViewRootImpl.handleResized:2789, state=InsetsState: {mDisplayFrame=Rect(0, 0 - 1080, 2408), mDisplayCutout=DisplayCutout{insets=Rect(0, 64 - 0, 0) waterfall=Insets{left=0, top=0, right=0, bottom=0} boundingRect={Bounds=[Rect(0, 0 - 0, 0), Rect(468, 0 - 612, 64), Rect(0, 0 - 0, 0), Rect(0, 0 - 0, 0)]} cutoutPathParserInfo={CutoutPathParserInfo{displayWidth=1080 displayHeight=2408 physicalDisplayWidth=1080 physicalDisplayHeight=2408 density={2.8125} cutoutSpec={M 0,0 H -25.6‬ V 22.75555555555556 H 25.6‬ V 0 H 0 Z @dp} rotation={0} scale={1.0} physicalPixelDisplaySizeRatio={1.0}}} sideOverrides={}}, mRoundedCorners=RoundedCorners{[RoundedCorner{position=TopLeft, radius=113, center=Point(113, 113)}, RoundedCorner{position=TopRight, radius=113, center=Point(967, 113)}, RoundedCorner{position=BottomRight, radius=113, center=Point(967, 2295)}, RoundedCorner{position=BottomLeft, radius=113, center=Point(113, 2295)}]}  mRoundedCornerFrame=Rect(0, 0 - 1080, 2408), mPrivacyIndicatorBounds=PrivacyIndicatorBounds {static bounds=Rect(956, 0 - 1080, 65) rotation=0}, mDisplayShape=DisplayShape{ spec=-311912193 displayWidth=1080 displayHeight=2408 physicalPixelDisplaySizeRatio=1.0 rotation=0 offsetX=0 offsetY=0 scale=1.0}, mSources= { InsetsSource: {3 mType=ime mFrame=[0,0][0,0] mVisible=false mFlags= mSideHint=NONE mBoundingRects=null}, InsetsSource: {27 mType=displayCutout mFrame=[0,0][1080,64] mVisible=true mFlags= mSideHint=TOP mBoundingRects=null}, InsetsSource: {580a0000 mType=statusBars mFrame=[0,0][1080,65] mVisible=true mFlags= mSideHint=TOP mBoundingRects=null}, InsetsSource: {580a0005 mType=mandatorySystemGestures mFrame=[0,0][1080,98] mVisible=true mFlags= mSideHint=TOP mBoundingRects=null}, InsetsSource: {580a0006 mType=tappableElement mFrame=[0,0][1080,65] mVisible=true mFlags= mSideHint=TOP mBoundingRects=null}, InsetsSource: {64a70001 mType=navigationBars mFrame=[0,2273][1080,2408] mVisible=true mFlags= mSideHint=BOTTOM mBoundingRects=null}, InsetsSource: {64a70004 mType=systemGestures mFrame=[0,0][0,0] mVisible=true mFlags= mSideHint=NONE mBoundingRects=null}, InsetsSource: {64a70005 mType=mandatorySystemGestures mFrame=[0,2273][1080,2408] mVisible=true mFlags= mSideHint=BOTTOM mBoundingRects=null}, InsetsSource: {64a70006 mType=tappableElement mFrame=[0,2273][1080,2408] mVisible=true mFlags= mSideHint=BOTTOM mBoundingRects=null}, InsetsSource: {64a70024 mType=systemGestures mFrame=[0,0][0,0] mVisible=true mFlags= mSideHint=NONE mBoundingRects=null} }
03-17 12:47:25.071   453   453 D io_stats: !@ Read_top(KB): roid.honeyboard(4085) 4740 ung.android.scs(23062) 3968 ample.recall_ai(24079) 1376
03-17 12:47:25.237   700   700 I LayerHistory: com.example.recall_ai/com.example.recall_ai.MainActivity$_24079#62626 Max (can't resolve refresh rate)
03-17 12:47:25.279   700   700 I SurfaceFlinger: [com.example.recall_ai/com.example.recall_ai.MainActivity$_24079#62626] setFrameRateCategory: NoPreference
03-17 12:47:25.385   700   700 I LayerHistory: com.example.recall_ai/com.example.recall_ai.MainActivity$_24079#62626 Max (can't resolve refresh rate)
03-17 12:47:25.556   700   700 I SurfaceFlinger: [com.example.recall_ai/com.example.recall_ai.MainActivity$_24079#62626] setFrameRateCategory: HighHint
03-17 12:47:25.660 21098 21336 I NullBinder: NullBinder for android.net.action.RECOMMEND_NETWORKS triggering remote TransactionTooLargeException due to Service without Chimera impl, calling uid: 1000, calling pid: 0
03-17 12:47:25.851   700   700 I LayerHistory: com.example.recall_ai/com.example.recall_ai.MainActivity$_24079#62626 Max (can't resolve refresh rate)
03-17 12:47:25.870   700   700 I LayerHistory: com.example.recall_ai/com.example.recall_ai.MainActivity$_24079#62626 Max (can't resolve refresh rate)
03-17 12:47:26.598  1035  3976 W NotificationService: Toast already killed. pkg=com.example.recall_ai token=android.os.BinderProxy@74a64d9
03-17 12:47:27.114 24079 24079 I ImeTracker: com.example.recall_ai:e54e9352: onRequestHide at ORIGIN_CLIENT reason HIDE_SOFT_INPUT_BY_INSETS_API fromUser false
03-17 12:47:27.114 24079 24079 I ImeTracker: com.example.recall_ai:e54e9352: onCancelled at PHASE_CLIENT_APPLY_ANIMATION
03-17 12:47:27.135   700   700 D SurfaceFlinger:        DEVICE |   0xb4000071c276a000 | 0001 | RGBA_8888    |    0.0    0.0 1080.0 2408.0 |    0    0 1080 2408 | com.example.recall_ai/com.example.recall_ai.MainActivity$_24079#62626 (480)
03-17 12:47:30.508   700   700 I LayerHistory: com.example.recall_ai/com.example.recall_ai.MainActivity$_24079#62626 Max (can't resolve refresh rate)
03-17 12:47:31.721 21098 21336 I NullBinder: NullBinder for android.net.action.RECOMMEND_NETWORKS triggering remote TransactionTooLargeException due to Service without Chimera impl, calling uid: 1000, calling pid: 0
03-17 12:47:33.039   700   700 I LayerHistory: com.example.recall_ai/com.example.recall_ai.MainActivity$_24079#62626 Max (can't resolve refresh rate)
03-17 12:47:33.076   453   453 D io_stats: !@ Write_top(KB): f2fs_ckpt-254:5(491) 84 ample.recall_ai(24079) 4
03-17 12:47:33.370   700   700 I LayerHistory: com.example.recall_ai/com.example.recall_ai.MainActivity$_24079#62626 Max (can't resolve refresh rate)
03-17 12:47:34.014   700   700 I LayerHistory: com.example.recall_ai/com.example.recall_ai.MainActivity$_24079#62626 Max (can't resolve refresh rate)
03-17 12:47:34.421   700   700 I LayerHistory: com.example.recall_ai/com.example.recall_ai.MainActivity$_24079#62626 Max (can't resolve refresh rate)
03-17 12:47:35.182   700   700 I LayerHistory: com.example.recall_ai/com.example.recall_ai.MainActivity$_24079#62626 Max (can't resolve refresh rate)
03-17 12:47:35.491   700   700 I LayerHistory: com.example.recall_ai/com.example.recall_ai.MainActivity$_24079#62626 Max (can't resolve refresh rate)
03-17 12:47:36.630   700   700 I LayerHistory: com.example.recall_ai/com.example.recall_ai.MainActivity$_24079#62626 Max (can't resolve refresh rate)
03-17 12:47:37.079   453   453 D io_stats: !@ Read_top(KB): com.whatsapp(10925) 240 ample.recall_ai(24079) 128 gle.android.gms(20332) 84
03-17 12:47:38.055  1035  3976 I ActivityManager: Background started FGS: Allowed [callingPackage: com.example.recall_ai; callingUid: 10299; uidState: TOP ; uidBFSL: [BFSL]; intent: Intent { act=com.example.recall_ai.RECORDING_START cmp=com.example.recall_ai/.service.RecordingService (has extras) }; code:PROC_STATE_TOP; tempAllowListReason:<null>; targetSdkVersion:36; callerTargetSdkVersion:36; startForegroundCount:0; bindFromPackage:null: isBindService:false]
03-17 12:47:38.091 24079 24079 D RecordingService: onStartCommand action=com.example.recall_ai.RECORDING_START
03-17 12:47:38.124  1522  2555 D SecFgsManagerController: onForegroundStateChanged: [dialog:false]:[isForeground:true]:[packageName:com.example.recall_ai]:[token:android.os.BinderProxy@a97a5a7]:[userId:0]
03-17 12:47:38.127  1522  2555 D SecFgsManagerController: updateUiControl[com.example.recall_ai]: -1
03-17 12:47:38.140  1035  3914 I MediaFocusControl: requestAudioFocus() from uid/pid 10299/24079 AA=USAGE_VOICE_COMMUNICATION/CONTENT_TYPE_SPEECH clientId=android.media.AudioManager@f10691com.example.recall_ai.service.RecordingService$$ExternalSyntheticLambda0@bc629f6 callingPack=com.example.recall_ai req=1 flags=0x0 sdk=36
03-17 12:47:38.140  1035  3914 I MediaFocusControl: removeFocusStackEntry client:android.media.AudioManager@f10691com.example.recall_ai.service.RecordingService$$ExternalSyntheticLambda0@bc629f6
03-17 12:47:38.147  1035  3914 I AppsFilter: interaction: PackageSetting{4f6275 com.example.recall_ai/10299} -> PackageSetting{414cb50 com.google.android.as/10213} BLOCKED
03-17 12:47:38.286 23516 23516 W Bundle  : Attempt to cast generated internal exception:
03-17 12:47:38.286 23516 23516 W Bundle  : java.lang.ClassCastException: java.lang.Long cannot be cast to java.lang.Integer
03-17 12:47:38.287 23516 23516 W Bundle  : Attempt to cast generated internal exception:
03-17 12:47:38.287 23516 23516 W Bundle  : java.lang.ClassCastException: java.lang.Long cannot be cast to java.lang.Integer
03-17 12:47:38.292 23516 23516 I RecognitionServiceImpl: RecognitionService#logStartListening: callingApp: com.example.recall_ai, locale: en-IN
03-17 12:47:38.304  1035  3914 I MediaFocusControl: propagateFocusLossFromGain_syncAf checking client:android.media.AudioManager@f10691com.example.recall_ai.service.RecordingService$$ExternalSyntheticLambda0@bc629f6
03-17 12:47:38.315 23516 23555 I BaseS3HeaderProducer: [RS][S3] triggerApplicationId: com.example.recall_ai
03-17 12:47:38.334 24079 24079 D AudioManager: dispatching onAudioFocusChange(-2) to android.media.AudioManager@f10691com.example.recall_ai.service.RecordingService$$ExternalSyntheticLambda0@bc629f6
03-17 12:47:38.344  1035  1035 D NotificationReminder: addNotificationRecord record com.example.recall_ai
03-17 12:47:38.352  2197  4964 I HoneySpace.NotificationListener: onNotificationPosted com.example.recall_ai: 0|com.example.recall_ai|1001|null|10299: 0
03-17 12:47:38.352  2197  4964 I HoneySpace.NotificationListener: invalid notification: com.example.recall_ai UserHandle{0}: canShowBadge is false
03-17 12:47:38.353  2197  8512 I HoneySpace.PackageEventOperator: [ApplistViewModel] badge count is updated. com.example.recall_ai/.MainActivity#UserHandle{0}|69266 : 0
03-17 12:47:38.354  1522  1522 D InterruptionStateProvider:  no Heads up : edgelighting enabled app. 0|com.example.recall_ai|1001|null|10299
03-17 12:47:38.355  1522  1522 D InterruptionStateProvider:  no Heads up : edgelighting enabled app. 0|com.example.recall_ai|1001|null|10299
03-17 12:47:38.378 23516 23544 I ConcurrentSodaManager: Initializing SODA for com.example.recall_ai
03-17 12:47:38.395  1035  1065 D SensorPrivacyService: onOpNoted  com.example.recall_ai  code=27  uid=10299
03-17 12:47:38.562  1522  1522 I AppIconSolution: return adaptive icon for com.example.recall_ai, isNight = true
03-17 12:47:38.605  1522  1522 I AppIconSolution: return adaptive icon for com.example.recall_ai, isNight = true
03-17 12:47:38.673  1522  1522 I View    : setRequestedFrameRate frameRate=-2.0, this=StatusBarIconView(slot='com.example.recall_ai/0x3e9' alpha=1.0 icon=StatusBarIcon(icon=Icon(typ=RESOURCE pkg=com.example.recall_ai id=0x010800a4) visible user=0 ) visibleState=ICON iconColor=#0 staticDrawableColor=#0 decorColor=#ff1b6cf7 animationStartColor=#0 currentSetColor=#0 notification=StatusBarNotification(pkg=com.example.recall_ai user=UserHandle{0} id=1001 tag=null key=0|com.example.recall_ai|1001|null|10299: Notification(channel=recall_recording shortcut=null contentView=null vibrate=null sound=null defaults=0 flags=ONGOING_EVENT|ONLY_ALERT_ONCE|NO_CLEAR|FOREGROUND_SERVICE color=0x00000000 actions=2 vis=PUBLIC semFlags=0x0 semPriority=0 semMissedCount=0))), caller=com.android.systemui.statusbar.StatusBarIconView.onAttachedToWindow:6 android.view.View.dispatchAttachedToWindow:24133 android.view.ViewGroup.addViewInner:5556 android.view.ViewGroup.addView:5332 com.android.systemui.statusbar.phone.LegacyNotificationIconAreaControllerImpl.updateIconsForLayout:425 
03-17 12:47:38.675  1522  1522 I View    : setRequestedFrameRate frameRate=-2.0, this=StatusBarIconView(slot='com.example.recall_ai/0x3e9' alpha=1.0 icon=StatusBarIcon(icon=Icon(typ=RESOURCE pkg=com.example.recall_ai id=0x010800a4) visible user=0 ) visibleState=ICON iconColor=#ff1b6cf7 staticDrawableColor=#ff1b6cf7 decorColor=#ff1b6cf7 animationStartColor=#0 currentSetColor=#ff1b6cf7 notification=StatusBarNotification(pkg=com.example.recall_ai user=UserHandle{0} id=1001 tag=null key=0|com.example.recall_ai|1001|null|10299: Notification(channel=recall_recording shortcut=null contentView=null vibrate=null sound=null defaults=0 flags=ONGOING_EVENT|ONLY_ALERT_ONCE|NO_CLEAR|FOREGROUND_SERVICE color=0x00000000 actions=2 vis=PUBLIC semFlags=0x0 semPriority=0 semMissedCount=0))), caller=com.android.systemui.statusbar.StatusBarIconView.onAttachedToWindow:6 android.view.View.dispatchAttachedToWindow:24133 android.view.ViewGroup.addViewInner:5556 android.view.ViewGroup.addView:5332 com.android.systemui.statusbar.phone.LegacyNotificationIconAreaControllerImpl.updateIconsForLayout:425 
03-17 12:47:38.939  1035  3976 D InsetsSourceProvider: updateFakeControlTarget: fakeControl=InsetsSourceControl: {580a0000 mType=statusBars mSurfacePosition=Point(0, 0) mInsetsHint=Insets{left=0, top=0, right=0, bottom=0}}, fakeTarget=Window{c1ed74f u0 com.example.recall_ai/com.example.recall_ai.MainActivity}
03-17 12:47:39.104 24079 24143 I NotificationManager: com.example.recall_ai: notify(1001, null, Notification(channel=recall_recording shortcut=null contentView=null vibrate=null sound=null defaults=0 flags=ONGOING_EVENT|ONLY_ALERT_ONCE color=0x00000000 actions=2 vis=PUBLIC semFlags=0x0 semPriority=0 semMissedCount=0)) as user
03-17 12:47:39.111 24079 24143 D NotificationManager: BOOTING pkg =com.example.recall_ai mBlockedChannelsForOverflowNoti=[]
03-17 12:47:39.333  2197  4964 I HoneySpace.NotificationListener: onNotificationPosted com.example.recall_ai: 0|com.example.recall_ai|1001|null|10299: 0
03-17 12:47:39.333  1522  1522 D Bubbles : onEntryUpdated : shouldBubbleUp=false ,key=0|com.example.recall_ai|1001|null|10299
03-17 12:47:39.333  2197  4964 I HoneySpace.NotificationListener: invalid notification: com.example.recall_ai UserHandle{0}: canShowBadge is false
03-17 12:47:39.334  2197 18631 I HoneySpace.PackageEventOperator: [ApplistViewModel] badge count is updated. com.example.recall_ai/.MainActivity#UserHandle{0}|69266 : 0
03-17 12:47:39.334  1522  1522 D InterruptionStateProvider:  no Heads up : edgelighting enabled app. 0|com.example.recall_ai|1001|null|10299
03-17 12:47:39.335  1522  1522 D InterruptionStateProvider:  no Heads up : edgelighting enabled app. 0|com.example.recall_ai|1001|null|10299
03-17 12:47:39.376  1522  1522 I AppIconSolution: return adaptive icon for com.example.recall_ai, isNight = true
03-17 12:47:39.401  1522  1522 I AppIconSolution: return adaptive icon for com.example.recall_ai, isNight = true
03-17 12:47:40.095 24079 24143 I NotificationManager: com.example.recall_ai: notify(1001, null, Notification(channel=recall_recording shortcut=null contentView=null vibrate=null sound=null defaults=0 flags=ONGOING_EVENT|ONLY_ALERT_ONCE color=0x00000000 actions=2 vis=PUBLIC semFlags=0x0 semPriority=0 semMissedCount=0)) as user
03-17 12:47:40.308  1522  1522 D Bubbles : onEntryUpdated : shouldBubbleUp=false ,key=0|com.example.recall_ai|1001|null|10299
03-17 12:47:40.309  1522  1522 D InterruptionStateProvider:  no Heads up : edgelighting enabled app. 0|com.example.recall_ai|1001|null|10299
03-17 12:47:40.309  1522  1522 D InterruptionStateProvider:  no Heads up : edgelighting enabled app. 0|com.example.recall_ai|1001|null|10299
03-17 12:47:40.312  2197  4964 I HoneySpace.NotificationListener: onNotificationPosted com.example.recall_ai: 0|com.example.recall_ai|1001|null|10299: 0
03-17 12:47:40.312  2197  4964 I HoneySpace.NotificationListener: invalid notification: com.example.recall_ai UserHandle{0}: canShowBadge is false
03-17 12:47:40.314  2197  1491 I HoneySpace.PackageEventOperator: [ApplistViewModel] badge count is updated. com.example.recall_ai/.MainActivity#UserHandle{0}|69266 : 0
03-17 12:47:40.335  1522  1522 I AppIconSolution: return adaptive icon for com.example.recall_ai, isNight = true
03-17 12:47:40.351  1522  1522 I AppIconSolution: return adaptive icon for com.example.recall_ai, isNight = true
03-17 12:47:40.780 21098 21336 I NullBinder: NullBinder for android.net.action.RECOMMEND_NETWORKS triggering remote TransactionTooLargeException due to Service without Chimera impl, calling uid: 1000, calling pid: 0
03-17 12:47:41.056   700   700 I SurfaceFlinger: [com.example.recall_ai/com.example.recall_ai.MainActivity$_24079#62626] setFrameRateCategory: NoPreference
03-17 12:47:41.061   700   700 D SurfaceFlinger:        DEVICE |   0xb4000071c276a000 | 0001 | RGBA_8888    |    0.0    0.0 1080.0 2408.0 |    0    0 1080 2408 | com.example.recall_ai/com.example.recall_ai.MainActivity$_24079#62626 (1148)
03-17 12:47:41.094 24079 24143 I NotificationManager: com.example.recall_ai: notify(1001, null, Notification(channel=recall_recording shortcut=null contentView=null vibrate=null sound=null defaults=0 flags=ONGOING_EVENT|ONLY_ALERT_ONCE color=0x00000000 actions=2 vis=PUBLIC semFlags=0x0 semPriority=0 semMissedCount=0)) as user
03-17 12:47:41.094   700   700 D SurfaceFlinger:        DEVICE |   0xb4000071c27ffe00 | 0001 | RGBA_8888    |    0.0    0.0 1080.0 2408.0 |    0    0 1080 2408 | com.example.recall_ai/com.example.recall_ai.MainActivity$_24079#62626 (1151)
03-17 12:47:41.314  2197  4964 I HoneySpace.NotificationListener: onNotificationPosted com.example.recall_ai: 0|com.example.recall_ai|1001|null|10299: 0
03-17 12:47:41.314  2197  4964 I HoneySpace.NotificationListener: invalid notification: com.example.recall_ai UserHandle{0}: canShowBadge is false
03-17 12:47:41.317  2197  8512 I HoneySpace.PackageEventOperator: [ApplistViewModel] badge count is updated. com.example.recall_ai/.MainActivity#UserHandle{0}|69266 : 0
03-17 12:47:41.323  1522  1522 D Bubbles : onEntryUpdated : shouldBubbleUp=false ,key=0|com.example.recall_ai|1001|null|10299
03-17 12:47:41.324  1522  1522 D InterruptionStateProvider:  no Heads up : edgelighting enabled app. 0|com.example.recall_ai|1001|null|10299
03-17 12:47:41.326  1522  1522 D InterruptionStateProvider:  no Heads up : edgelighting enabled app. 0|com.example.recall_ai|1001|null|10299
03-17 12:47:41.376  1522  1522 I AppIconSolution: return adaptive icon for com.example.recall_ai, isNight = true
03-17 12:47:41.412  1522  1522 I AppIconSolution: return adaptive icon for com.example.recall_ai, isNight = true
03-17 12:47:41.452  1035  3976 D InsetsSourceProvider: updateControlForTarget: control=InsetsSourceControl: {580a0000 mType=statusBars initiallyVisible mSurfacePosition=Point(0, 0) mInsetsHint=Insets{left=0, top=65, right=0, bottom=0}}, target=Window{c1ed74f u0 com.example.recall_ai/com.example.recall_ai.MainActivity}, from=com.android.server.wm.InsetsStateController.onControlTargetChanged:81 com.android.server.wm.InsetsPolicy.updateBarControlTarget:163 com.android.server.wm.DisplayPolicy.updateSystemBarAttributes:281 com.android.server.wm.DisplayPolicy.finishPostLayoutPolicyLw:17 com.android.server.wm.RootWindowContainer.applySurfaceChangesTransaction$1:194 
03-17 12:47:41.472 24079 24079 I InsetsSourceConsumer: applyRequestedVisibilityToControl: visible=true, type=statusBars, host=com.example.recall_ai/com.example.recall_ai.MainActivity
03-17 12:47:42.095 24079 24143 I NotificationManager: com.example.recall_ai: notify(1001, null, Notification(channel=recall_recording shortcut=null contentView=null vibrate=null sound=null defaults=0 flags=ONGOING_EVENT|ONLY_ALERT_ONCE color=0x00000000 actions=2 vis=PUBLIC semFlags=0x0 semPriority=0 semMissedCount=0)) as user
03-17 12:47:42.313  1522  1522 D Bubbles : onEntryUpdated : shouldBubbleUp=false ,key=0|com.example.recall_ai|1001|null|10299
03-17 12:47:42.313  1522  1522 D InterruptionStateProvider:  no Heads up : edgelighting enabled app. 0|com.example.recall_ai|1001|null|10299
03-17 12:47:42.314  1522  1522 D InterruptionStateProvider:  no Heads up : edgelighting enabled app. 0|com.example.recall_ai|1001|null|10299
03-17 12:47:42.317  2197  4964 I HoneySpace.NotificationListener: onNotificationPosted com.example.recall_ai: 0|com.example.recall_ai|1001|null|10299: 0
03-17 12:47:42.317  2197  4964 I HoneySpace.NotificationListener: invalid notification: com.example.recall_ai UserHandle{0}: canShowBadge is false
03-17 12:47:42.319  2197 14036 I HoneySpace.PackageEventOperator: [ApplistViewModel] badge count is updated. com.example.recall_ai/.MainActivity#UserHandle{0}|69266 : 0
03-17 12:47:42.340  1522  1522 I AppIconSolution: return adaptive icon for com.example.recall_ai, isNight = true
03-17 12:47:42.360  1522  1522 I AppIconSolution: return adaptive icon for com.example.recall_ai, isNight = true
03-17 12:47:42.833 24079 24079 D AudioManager: dispatching onAudioFocusChange(1) to android.media.AudioManager@f10691com.example.recall_ai.service.RecordingService$$ExternalSyntheticLambda0@bc629f6
03-17 12:47:43.094 24079 24397 I NotificationManager: com.example.recall_ai: notify(1001, null, Notification(channel=recall_recording shortcut=null contentView=null vibrate=null sound=null defaults=0 flags=ONGOING_EVENT|ONLY_ALERT_ONCE color=0x00000000 actions=2 vis=PUBLIC semFlags=0x0 semPriority=0 semMissedCount=0)) as user
03-17 12:47:43.268  1035  1051 I AppsFilter: interaction: PackageSetting{4f6275 com.example.recall_ai/10299} -> PackageSetting{414cb50 com.google.android.as/10213} BLOCKED
03-17 12:47:43.310 23516 23516 W Bundle  : Attempt to cast generated internal exception:
03-17 12:47:43.310 23516 23516 W Bundle  : java.lang.ClassCastException: java.lang.Long cannot be cast to java.lang.Integer
03-17 12:47:43.310 23516 23516 W Bundle  : Attempt to cast generated internal exception:
03-17 12:47:43.310 23516 23516 W Bundle  : java.lang.ClassCastException: java.lang.Long cannot be cast to java.lang.Integer
03-17 12:47:43.313  2197  4964 I HoneySpace.NotificationListener: onNotificationPosted com.example.recall_ai: 0|com.example.recall_ai|1001|null|10299: 0
03-17 12:47:43.313  2197  4964 I HoneySpace.NotificationListener: invalid notification: com.example.recall_ai UserHandle{0}: canShowBadge is false
03-17 12:47:43.313 23516 23516 I RecognitionServiceImpl: RecognitionService#logStartListening: callingApp: com.example.recall_ai, locale: en-IN
03-17 12:47:43.314  1522  1522 D Bubbles : onEntryUpdated : shouldBubbleUp=false ,key=0|com.example.recall_ai|1001|null|10299
03-17 12:47:43.314  1522  1522 D InterruptionStateProvider:  no Heads up : edgelighting enabled app. 0|com.example.recall_ai|1001|null|10299
03-17 12:47:43.315  2197 15757 I HoneySpace.PackageEventOperator: [ApplistViewModel] badge count is updated. com.example.recall_ai/.MainActivity#UserHandle{0}|69266 : 0
03-17 12:47:43.315  1522  1522 D InterruptionStateProvider:  no Heads up : edgelighting enabled app. 0|com.example.recall_ai|1001|null|10299
03-17 12:47:43.325  1035  3976 I MediaFocusControl: propagateFocusLossFromGain_syncAf checking client:android.media.AudioManager@f10691com.example.recall_ai.service.RecordingService$$ExternalSyntheticLambda0@bc629f6
03-17 12:47:43.325 24079 24079 D AudioManager: dispatching onAudioFocusChange(-2) to android.media.AudioManager@f10691com.example.recall_ai.service.RecordingService$$ExternalSyntheticLambda0@bc629f6
03-17 12:47:43.349 23516 23540 I BaseS3HeaderProducer: [RS][S3] triggerApplicationId: com.example.recall_ai
03-17 12:47:43.405  1035  1065 D SensorPrivacyService: onOpNoted  com.example.recall_ai  code=27  uid=10299
03-17 12:47:43.419 23516 23535 I ConcurrentSodaManager: Initializing SODA for com.example.recall_ai
03-17 12:47:43.420  1522  1522 I AppIconSolution: return adaptive icon for com.example.recall_ai, isNight = true
03-17 12:47:43.454   700   700 D SurfaceFlinger:        DEVICE |   0xb4000071c276a000 | 0001 | RGBA_8888    |    0.0    0.0 1080.0 2408.0 |    0    0 1080 2408 | com.example.recall_ai/com.example.recall_ai.MainActivity$_24079#62626 (1360)
03-17 12:47:43.469  1522  1522 I AppIconSolution: return adaptive icon for com.example.recall_ai, isNight = true
03-17 12:47:43.476   700   700 D SurfaceFlinger:        DEVICE |   0xb4000071c921e800 | 0001 | RGBA_8888    |    0.0    0.0 1080.0 2408.0 |    0    0 1080 2408 | com.example.recall_ai/com.example.recall_ai.MainActivity$_24079#62626 (1362)
03-17 12:47:43.770   700  1262 I SurfaceFlinger: id=62630 Removed Surface(name=c1ed74f com.example.recall_ai/com.example.recall_ai.MainActivity)/@0x29932d3 - animation-leash of starting_reveal#62630 (132)
03-17 12:47:43.780   700   700 I SurfaceFlinger: destroyed Surface(name=c1ed74f com.example.recall_ai/com.example.recall_ai.MainActivity)/@0x29932d3 - animation-leash of starting_reveal#62630
03-17 12:47:43.781   700   700 I Layer   : id=62630 Destroyed Surface(name=c1ed74f com.example.recall_ai/com.example.recall_ai.MainActivity)/@0x29932d3 - animation-leash of starting_reveal#62630
03-17 12:47:43.794 21098 21336 I NullBinder: NullBinder for android.net.action.RECOMMEND_NETWORKS triggering remote TransactionTooLargeException due to Service without Chimera impl, calling uid: 1000, calling pid: 0
03-17 12:47:44.052   700   700 D SurfaceFlinger:        DEVICE |   0xb4000071c276a000 | 0001 | RGBA_8888    |    0.0    0.0 1080.0 2408.0 |    0    0 1080 2408 | com.example.recall_ai/com.example.recall_ai.MainActivity$_24079#62626 (1408)
03-17 12:47:44.085   700   700 D SurfaceFlinger:        DEVICE |   0xb4000071c27ffe00 | 0001 | RGBA_8888    |    0.0    0.0 1080.0 2408.0 |    0    0 1080 2408 | com.example.recall_ai/com.example.recall_ai.MainActivity$_24079#62626 (1411)
03-17 12:47:44.109 24079 24397 I NotificationManager: com.example.recall_ai: notify(1001, null, Notification(channel=recall_recording shortcut=null contentView=null vibrate=null sound=null defaults=0 flags=ONGOING_EVENT|ONLY_ALERT_ONCE color=0x00000000 actions=2 vis=PUBLIC semFlags=0x0 semPriority=0 semMissedCount=0)) as user
03-17 12:47:44.369  1522  1522 D Bubbles : onEntryUpdated : shouldBubbleUp=false ,key=0|com.example.recall_ai|1001|null|10299
03-17 12:47:44.370  2197  4964 I HoneySpace.NotificationListener: onNotificationPosted com.example.recall_ai: 0|com.example.recall_ai|1001|null|10299: 0
03-17 12:47:44.370  2197  4964 I HoneySpace.NotificationListener: invalid notification: com.example.recall_ai UserHandle{0}: canShowBadge is false
03-17 12:47:44.371  1522  1522 D InterruptionStateProvider:  no Heads up : edgelighting enabled app. 0|com.example.recall_ai|1001|null|10299
03-17 12:47:44.371  2197 12592 I HoneySpace.PackageEventOperator: [ApplistViewModel] badge count is updated. com.example.recall_ai/.MainActivity#UserHandle{0}|69266 : 0
03-17 12:47:44.372  1522  1522 D InterruptionStateProvider:  no Heads up : edgelighting enabled app. 0|com.example.recall_ai|1001|null|10299
03-17 12:47:44.432  1522  1522 I AppIconSolution: return adaptive icon for com.example.recall_ai, isNight = true
03-17 12:47:44.482  1522  1522 I AppIconSolution: return adaptive icon for com.example.recall_ai, isNight = true
03-17 12:47:44.699   700   700 I SurfaceFlinger: [com.example.recall_ai/com.example.recall_ai.MainActivity$_24079#62626] setFrameRateCategory: HighHint
03-17 12:47:44.795  1035  3914 I AppsFilter: interaction: PackageSetting{4f6275 com.example.recall_ai/10299} -> PackageSetting{414cb50 com.google.android.as/10213} BLOCKED
03-17 12:47:44.804 23516 23516 I NetworkSpeechRecognizer: #failWithException
03-17 12:47:44.804 23516 23548 I NetworkSpeechRecognizer: #failWithException
03-17 12:47:44.819 24079 24079 D AudioManager: dispatching onAudioFocusChange(1) to android.media.AudioManager@f10691com.example.recall_ai.service.RecordingService$$ExternalSyntheticLambda0@bc629f6
03-17 12:47:44.832 23516 23540 W S3ConnectionUtil: java.lang.IllegalStateException: Stream was terminated by error, no further calls are allowed
03-17 12:47:44.837 23516 23516 W Bundle  : Attempt to cast generated internal exception:
03-17 12:47:44.837 23516 23516 W Bundle  : java.lang.ClassCastException: java.lang.Long cannot be cast to java.lang.Integer
03-17 12:47:44.838 23516 23516 W Bundle  : Attempt to cast generated internal exception:
03-17 12:47:44.838 23516 23516 W Bundle  : java.lang.ClassCastException: java.lang.Long cannot be cast to java.lang.Integer
03-17 12:47:44.840 23516 23516 I RecognitionServiceImpl: RecognitionService#logStartListening: callingApp: com.example.recall_ai, locale: en-IN
03-17 12:47:44.846  1035  3914 I MediaFocusControl: propagateFocusLossFromGain_syncAf checking client:android.media.AudioManager@f10691com.example.recall_ai.service.RecordingService$$ExternalSyntheticLambda0@bc629f6
03-17 12:47:44.851 24079 24079 D AudioManager: dispatching onAudioFocusChange(-2) to android.media.AudioManager@f10691com.example.recall_ai.service.RecordingService$$ExternalSyntheticLambda0@bc629f6
03-17 12:47:44.864 23516 23539 I BaseS3HeaderProducer: [RS][S3] triggerApplicationId: com.example.recall_ai
03-17 12:47:44.947 23516 23544 I ConcurrentSodaManager: Initializing SODA for com.example.recall_ai
03-17 12:47:44.992  1035  1065 D SensorPrivacyService: onOpNoted  com.example.recall_ai  code=27  uid=10299
03-17 12:47:45.097 24079 24397 I NotificationManager: com.example.recall_ai: notify(1001, null, Notification(channel=recall_recording shortcut=null contentView=null vibrate=null sound=null defaults=0 flags=ONGOING_EVENT|ONLY_ALERT_ONCE color=0x00000000 actions=2 vis=PUBLIC semFlags=0x0 semPriority=0 semMissedCount=0)) as user
03-17 12:47:45.321  1522  1522 D Bubbles : onEntryUpdated : shouldBubbleUp=false ,key=0|com.example.recall_ai|1001|null|10299
03-17 12:47:45.322  1522  1522 D InterruptionStateProvider:  no Heads up : edgelighting enabled app. 0|com.example.recall_ai|1001|null|10299
03-17 12:47:45.322  2197  4964 I HoneySpace.NotificationListener: onNotificationPosted com.example.recall_ai: 0|com.example.recall_ai|1001|null|10299: 0
03-17 12:47:45.323  2197  4964 I HoneySpace.NotificationListener: invalid notification: com.example.recall_ai UserHandle{0}: canShowBadge is false
03-17 12:47:45.323  1522  1522 D InterruptionStateProvider:  no Heads up : edgelighting enabled app. 0|com.example.recall_ai|1001|null|10299
03-17 12:47:45.324  2197 15757 I HoneySpace.PackageEventOperator: [ApplistViewModel] badge count is updated. com.example.recall_ai/.MainActivity#UserHandle{0}|69266 : 0
03-17 12:47:45.360  1522  1522 I AppIconSolution: return adaptive icon for com.example.recall_ai, isNight = true
03-17 12:47:45.385  1522  1522 I AppIconSolution: return adaptive icon for com.example.recall_ai, isNight = true
03-17 12:47:45.874  1035  3923 I SystemKeyManager: requested systemKeyInfo size=1 focusedWindow=com.example.recall_ai/com.example.recall_ai.MainActivity
03-17 12:47:45.874  1035  3923 I SystemKeyManager: requested systemKeyInfo size=1 focusedWindow=com.example.recall_ai/com.example.recall_ai.MainActivity
03-17 12:47:45.876  1035  1186 I SystemKeyManager: requested systemKeyInfo size=1 focusedWindow=com.example.recall_ai/com.example.recall_ai.MainActivity
03-17 12:47:45.877  1035  1186 I SystemKeyManager: requested systemKeyInfo size=1 focusedWindow=com.example.recall_ai/com.example.recall_ai.MainActivity
03-17 12:47:45.877  1035  1186 I SystemKeyManager: requested systemKeyInfo size=1 focusedWindow=com.example.recall_ai/com.example.recall_ai.MainActivity
03-17 12:47:45.983  1035  1051 I SystemKeyManager: requested systemKeyInfo size=1 focusedWindow=com.example.recall_ai/com.example.recall_ai.MainActivity
03-17 12:47:45.983  1035  1051 I SystemKeyManager: requested systemKeyInfo size=1 focusedWindow=com.example.recall_ai/com.example.recall_ai.MainActivity
03-17 12:47:45.985  1035  1186 I SystemKeyManager: requested systemKeyInfo size=1 focusedWindow=com.example.recall_ai/com.example.recall_ai.MainActivity
03-17 12:47:45.985  1035  1186 I SystemKeyManager: requested systemKeyInfo size=1 focusedWindow=com.example.recall_ai/com.example.recall_ai.MainActivity
03-17 12:47:45.985  1035  1186 I SystemKeyManager: requested systemKeyInfo size=1 focusedWindow=com.example.recall_ai/com.example.recall_ai.MainActivity
03-17 12:47:46.095 24079 24397 I NotificationManager: com.example.recall_ai: notify(1001, null, Notification(channel=recall_recording shortcut=null contentView=null vibrate=null sound=null defaults=0 flags=ONGOING_EVENT|ONLY_ALERT_ONCE color=0x00000000 actions=2 vis=PUBLIC semFlags=0x0 semPriority=0 semMissedCount=0)) as user
03-17 12:47:46.234  1035  1050 V WindowManager: Transition 4860: Set Task{c3a798b #4135 type=standard A=10299:com.example.recall_ai} as transient-hidden-task, caller=com.android.server.wm.Task.forAllTasks:4 com.android.server.wm.WindowContainer.forAllTasks:2 com.android.server.wm.DisplayArea.forAllTasks:9 
03-17 12:47:46.235  1035  1050 V WindowManager: Collecting in transition 4860: Task{c3a798b #4135 type=standard A=10299:com.example.recall_ai}, caller=com.android.server.wm.Transition$$ExternalSyntheticLambda16.test:93 com.android.server.wm.Task.forAllTasks:4 com.android.server.wm.WindowContainer.forAllTasks:2 com.android.server.wm.DisplayArea.forAllTasks:9 com.android.server.wm.TransitionController.setTransientLaunch:99 
03-17 12:47:46.237  1035  1050 D ActivityTaskManager: scheduleTopResumedActivityChanged, onTop=false, r=ActivityRecord{c8f335a u0 com.example.recall_ai/.MainActivity t4135}, caller=com.android.server.wm.ActivityTaskSupervisor.scheduleTopResumedActivityStateLossIfNeeded:11 com.android.server.wm.ActivityTaskSupervisor.updateTopResumedActivityIfNeeded:19 com.android.server.wm.TaskDisplayArea.positionChildAt:259 com.android.server.wm.Task.moveToFront:365 com.android.server.wm.ActivityStartController.startExistingRecents:199 com.android.server.wm.WindowOrganizerController.applyHierarchyOp:29 
03-17 12:47:46.313  1522  1522 D Bubbles : onEntryUpdated : shouldBubbleUp=false ,key=0|com.example.recall_ai|1001|null|10299
03-17 12:47:46.314  1522  1522 D InterruptionStateProvider:  no Heads up : edgelighting enabled app. 0|com.example.recall_ai|1001|null|10299
03-17 12:47:46.314  1522  1522 D InterruptionStateProvider:  no Heads up : edgelighting enabled app. 0|com.example.recall_ai|1001|null|10299
03-17 12:47:46.347  1522  1522 I AppIconSolution: return adaptive icon for com.example.recall_ai, isNight = true
03-17 12:47:46.359  2197  2197 I HoneySpace.GestureEventController: SetGestureTaskList, SendGestureTaskList(taskList=[[#4135=com.example.recall_ai], [#4133=com.whatsapp], [#4128=com.google.android.gm], [#4132=com.walmart.android], [#4129=com.instagram.android]], initPosition=1, runningTaskId=4135, showAnimStartPosition=1, isLeashTargetCenter=false, forSimple=true)
03-17 12:47:46.359  2197  2197 I HoneySpace.GestureEventController: SetGestureTaskList, SendGestureTaskList(taskList=[[#4135=com.example.recall_ai], [#4133=com.whatsapp], [#4128=com.google.android.gm], [#4132=com.walmart.android], [#4129=com.instagram.android]], initPosition=1, runningTaskId=4135, showAnimStartPosition=1, isLeashTargetCenter=false, forSimple=false)
03-17 12:47:46.360  2197  2197 I HoneySpace.TaskListViewModel: groupTasks: [[#4135=com.example.recall_ai], [#4133=com.whatsapp], [#4128=com.google.android.gm], [#4132=com.walmart.android], [#4129=com.instagram.android]]
03-17 12:47:46.369  2197  2197 I HoneySpace.TaskAdapter: attach [position: 0], taskData size: 5, item: ComponentInfo{com.example.recall_ai/com.example.recall_ai.MainActivity}, animReady: 4, firstBindingComplete: 5, view: 4bdacf
03-17 12:47:46.375  2197 15757 I HoneySpace.TaskDataRepositoryImpl: Request icon and label, id=4135, iconAndLabel: IconAndLabel(icon=android.graphics.Bitmap@d95ba8, label=Recall-AI), componentKey: com.example.recall_ai/.MainActivity#UserHandle{0}
03-17 12:47:46.381  1522  1522 I AppIconSolution: return adaptive icon for com.example.recall_ai, isNight = true
03-17 12:47:46.389  1035  1365 D MdnieScenarioControlService:  packageName : com.example.recall_ai    className : com.example.recall_ai.MainActivity
03-17 12:47:46.407  2197  2197 I HoneySpace.TaskAdapter: attach [position: 0], taskData size: 5, item: ComponentInfo{com.example.recall_ai/com.example.recall_ai.MainActivity}, animReady: 4, firstBindingComplete: 4, view: 1cea7fa
03-17 12:47:46.409  2197  1491 I HoneySpace.TaskDataRepositoryImpl: Request icon and label, id=4135, iconAndLabel: IconAndLabel(icon=android.graphics.Bitmap@d95ba8, label=Recall-AI), componentKey: com.example.recall_ai/.MainActivity#UserHandle{0}
03-17 12:47:46.467  2197  4964 I HoneySpace.NotificationListener: onNotificationPosted com.example.recall_ai: 0|com.example.recall_ai|1001|null|10299: 0
03-17 12:47:46.467  2197  4964 I HoneySpace.NotificationListener: invalid notification: com.example.recall_ai UserHandle{0}: canShowBadge is false
03-17 12:47:46.488  1035  1059 V WindowManager: Start calculating TransitionInfo based on participants: {TransientLaunchOverlayToken{36f194c token=android.os.BinderProxy@371657f}, WallpaperWindowToken{3ca7ffa token=android.os.Binder@4cc961c}_<system>, ActivityRecord{58a1294 u0 com.sec.android.app.launcher/com.android.quickstep.RecentsActivity t3378}, Task{c3a798b #4135 type=standard A=10299:com.example.recall_ai}, Task{feb313d #3378 type=recents I=com.sec.android.app.launcher/com.android.quickstep.RecentsActivity}}
03-17 12:47:46.488  1035  1059 V WindowManager:   Final targets: [TransientLaunchOverlayToken{36f194c token=android.os.BinderProxy@371657f}, Task{feb313d #3378 type=recents I=com.sec.android.app.launcher/com.android.quickstep.RecentsActivity}, Task{c3a798b #4135 type=standard A=10299:com.example.recall_ai}, WallpaperWindowToken{3ca7ffa token=android.os.Binder@4cc961c}_<system>]
03-17 12:47:46.540  1035  1059 D WindowManager: setActiveRecents, recents=ActivityRecord{58a1294 u0 com.sec.android.app.launcher/com.android.quickstep.RecentsActivity t3378}, task=Task{c3a798b #4135 type=standard A=10299:com.example.recall_ai}, caller=com.android.server.wm.InputMonitor.setActiveRecents:32 com.android.server.wm.Transition.handleLegacyRecentsStartBehavior:107 com.android.server.wm.Transition.onTransactionReady:2212 
03-17 12:47:46.602  1035  1059 V WindowManager:         {WCT{RemoteToken{1d682ac Task{c3a798b #4135 type=standard A=10299:com.example.recall_ai}}} m=TO_BACK f=NONE leash=Surface(name=Task=4135)/@0x5a478fe sb=Rect(0, 0 - 1080, 2408) eb=Rect(0, 0 - 1080, 2408) d=0 taskParent=-1 inset=Rect(0, 65 - 0, 135) dim=true},
03-17 12:47:46.620  2197  1491 I HoneySpace.PackageEventOperator: [ApplistViewModel] badge count is updated. com.example.recall_ai/.MainActivity#UserHandle{0}|69266 : 0
03-17 12:47:46.768   700   700 D SurfaceFlinger:        CLIENT |   0xb4000071c27ffe00 | 0001 | RGBA_8888    |    0.0    0.0 1080.0 2408.0 |    0    0 1080 2408 | com.example.recall_ai/com.example.recall_ai.MainActivity$_24079#62626 (1647)
03-17 12:47:46.780  1035  1050 D WindowManager: Changing focus from Window{c1ed74f u0 com.example.recall_ai/com.example.recall_ai.MainActivity} to Window{e7eec5c u0 com.sec.android.app.launcher/com.android.quickstep.RecentsActivity} displayId=0 Callers=com.android.server.wm.ActivityTaskManagerService.setLastResumedActivityUncheckLocked:264 com.android.server.wm.ActivityTaskManagerService.setFocusedTask:20 com.android.server.wm.ActivityTaskManagerService.focusTopTask:52 android.app.IActivityTaskManager$Stub.onTransact:1865 
03-17 12:47:46.802  1035  1050 D WindowManager: updateSystemBarAttributes: displayId=0, focusedCanBeNavColorWin=false, win=Window{e7eec5c u0 com.sec.android.app.launcher/com.android.quickstep.RecentsActivity}, navColorWin=Window{c1ed74f u0 com.example.recall_ai/com.example.recall_ai.MainActivity}, caller=com.android.server.wm.WindowManagerService.updateFocusedWindowLocked:375 com.android.server.wm.ActivityTaskManagerService.setLastResumedActivityUncheckLocked:264 com.android.server.wm.ActivityTaskManagerService.setFocusedTask:20 
03-17 12:47:46.868  1035  1055 V WindowManager:         {WCT{RemoteToken{1d682ac Task{c3a798b #4135 type=standard A=10299:com.example.recall_ai}}} m=TO_BACK f=NONE leash=Surface(name=Task=4135)/@0x5a478fe sb=Rect(0, 0 - 1080, 2408) eb=Rect(0, 0 - 1080, 2408) d=0 taskParent=-1 inset=Rect(0, 65 - 0, 135) dim=true},
03-17 12:47:46.877  1035  3926 D InputDispatcher: Focus left window (0): c1ed74f com.example.recall_ai/com.example.recall_ai.MainActivity
03-17 12:47:46.894  1522  1522 I {OngoingActivityController}: onTaskFocusChanged focused:false, baseActivity:ComponentInfo{com.example.recall_ai/com.example.recall_ai.MainActivity}
03-17 12:47:46.906 21098 21765 I NullBinder: NullBinder for android.net.action.RECOMMEND_NETWORKS triggering remote TransactionTooLargeException due to Service without Chimera impl, calling uid: 1000, calling pid: 0
03-17 12:47:47.081   700   700 D SurfaceFlinger:        CLIENT |   0xb4000071c276a000 | 0001 | RGBA_8888    |    0.0   65.0  252.0 2272.0 |  912  335 1080 1813 | com.example.recall_ai/com.example.recall_ai.MainActivity$_24079#62626 (1652)
03-17 12:47:47.140 24079 24397 I NotificationManager: com.example.recall_ai: notify(1001, null, Notification(channel=recall_recording shortcut=null contentView=null vibrate=null sound=null defaults=0 flags=ONGOING_EVENT|ONLY_ALERT_ONCE color=0x00000000 actions=2 vis=PUBLIC semFlags=0x0 semPriority=0 semMissedCount=0)) as user
03-17 12:47:47.186  1035  4163 V WindowManager: Setting visibility of Window{c1ed74f u0 com.example.recall_ai/com.example.recall_ai.MainActivity}: false, caller=com.android.server.wm.WindowContainer.sendAppVisibilityToClients:19 com.android.server.wm.WindowToken.setClientVisible:49 com.android.server.wm.ActivityRecord.setClientVisible:8 com.android.server.wm.ActivityRecord.commitVisibility:273 com.android.server.wm.TransitionController.finishTransition:766 
03-17 12:47:47.203   700   700 I SurfaceFlinger: Layer [com.example.recall_ai/com.example.recall_ai.MainActivity$_24079#62626] hidden!! flag(1)
03-17 12:47:47.203   700   700 I SurfaceFlinger: Layer [ActivityRecord{c8f335a u0 com.example.recall_ai/.MainActivity t4135}#62616] hidden!! flag(1)
03-17 12:47:47.253 24079 24079 D VRI[MainActivity]@dc5d192: WindowStopped on com.example.recall_ai/com.example.recall_ai.MainActivity set to true
03-17 12:47:47.297  1035  2522 V WindowManager: Relayout Window{c1ed74f u0 com.example.recall_ai/com.example.recall_ai.MainActivity}: viewVisibility=8 req=1080x2408 ty=1 d0
03-17 12:47:47.308  1035  2522 E WindowManager: win=Window{c1ed74f u0 com.example.recall_ai/com.example.recall_ai.MainActivity} destroySurfaces: appStopped=true cleanupOnResume=false win.mWindowRemovalAllowed=false win.mRemoveOnExit=false win.mViewVisibility=8 caller=com.android.server.wm.ActivityRecord.destroySurfaces:25 com.android.server.wm.ActivityRecord.activityStopped:204 com.android.server.wm.ActivityClientController.activityStopped:95 android.app.IActivityClientController$Stub.onTransact:722 com.android.server.wm.ActivityClientController.onTransact:1 android.os.Binder.execTransactInternal:1541 android.os.Binder.execTransact:1480 
03-17 12:47:47.312  1035  1058 D SGM:FgCheckThread: pkgName: com.example.recall_ai is not in foreground
03-17 12:47:47.312  1035  1058 D SGM:FgCheckThread: noteStopComponent(), received pkgName: com.example.recall_ai, focusedPkgName: com.sec.android.app.launcher, userId: 0
03-17 12:47:47.313  1035  2522 I WindowManager: Destroying surface Surface(name=com.example.recall_ai/com.example.recall_ai.MainActivity$_24079)/@0x511176b called by com.android.server.wm.WindowStateAnimator.destroySurface:11 com.android.server.wm.WindowStateAnimator.destroySurfaceLocked:54 com.android.server.wm.WindowState.destroySurfaceUnchecked:5 com.android.server.wm.WindowState.destroySurface:126 com.android.server.wm.ActivityRecord.destroySurfaces:25 com.android.server.wm.ActivityRecord.activityStopped:204 com.android.server.wm.ActivityClientController.activityStopped:95 android.app.IActivityClientController$Stub.onTransact:722 
03-17 12:47:47.319  1035  1056 D PkgPredictorService-SecIpmManagerServiceImpl: bg information pid:24079 uid:10299 pkgName:com.example.recall_ai
03-17 12:47:47.324   700   700 I SurfaceFlinger: [LayerHierarchy{RequestedLayerState{com.example.recall_ai/com.example.recall_ai.MainActivity$_24079#62626} no children}] reparent to OffscreenRoot
03-17 12:47:47.324   700   700 I SurfaceFlinger: [LayerHierarchy{RequestedLayerState{com.example.recall_ai/com.example.recall_ai.MainActivity$_24079#62626} no children}] RelativeParent to null
03-17 12:47:47.325   700   700 I SurfaceFlinger: id=62626 Removed com.example.recall_ai/com.example.recall_ai.MainActivity$_24079#62626 (137)
03-17 12:47:47.335   700   700 I SurfaceFlinger: destroyed com.example.recall_ai/com.example.recall_ai.MainActivity$_24079#62626
03-17 12:47:47.336   700   700 I Layer   : id=62626 Destroyed com.example.recall_ai/com.example.recall_ai.MainActivity$_24079#62626
03-17 12:47:47.366  2197  4964 I HoneySpace.NotificationListener: onNotificationPosted com.example.recall_ai: 0|com.example.recall_ai|1001|null|10299: 0
03-17 12:47:47.367  2197  4964 I HoneySpace.NotificationListener: invalid notification: com.example.recall_ai UserHandle{0}: canShowBadge is false
03-17 12:47:47.368  2197  1491 I HoneySpace.PackageEventOperator: [ApplistViewModel] badge count is updated. com.example.recall_ai/.MainActivity#UserHandle{0}|69266 : 0
03-17 12:47:47.376  1522  1522 D Bubbles : onEntryUpdated : shouldBubbleUp=false ,key=0|com.example.recall_ai|1001|null|10299
03-17 12:47:47.377  1522  1522 D InterruptionStateProvider:  no Heads up : edgelighting enabled app. 0|com.example.recall_ai|1001|null|10299
